[0.060s] Invoking command in '/home/mahmoud/Desktop/ROS2/ros2_ws3/build/polygon_base': CMAKE_PREFIX_PATH=/opt/ros/humble /usr/bin/cmake /home/mahmoud/Desktop/ROS2/ros2_ws3/src/polygon_base -DCMAKE_INSTALL_PREFIX=/home/mahmoud/Desktop/ROS2/ros2_ws3/install/polygon_base
[1.442s] -- The C compiler identification is GNU 11.4.0
[2.656s] -- The CXX compiler identification is GNU 11.4.0
[2.720s] -- Detecting C compiler ABI info
[2.911s] -- Detecting C compiler ABI info - done
[2.940s] -- Check for working C compiler: /usr/bin/cc - skipped
[2.941s] -- Detecting C compile features
[2.960s] -- Detecting C compile features - done
[2.995s] -- Detecting CXX compiler ABI info
[3.214s] -- Detecting CXX compiler ABI info - done
[3.242s] -- Check for working CXX compiler: /usr/bin/c++ - skipped
[3.244s] -- Detecting CXX compile features
[3.244s] -- Detecting CXX compile features - done
[3.410s] -- Found ament_cmake: 1.3.11 (/opt/ros/humble/share/ament_cmake/cmake)
[3.906s] -- Found Python3: /usr/bin/python3 (found version "3.10.12") found components: Interpreter 
[4.210s] -- Found pluginlib: 5.1.0 (/opt/ros/humble/share/pluginlib/cmake)
[4.551s] -- Found ament_lint_auto: 0.12.12 (/opt/ros/humble/share/ament_lint_auto/cmake)
[4.775s] -- Added test 'cppcheck' to perform static code analysis on C / C++ code
[4.775s] -- Configured cppcheck include dirs: $<BUILD_INTERFACE:/home/mahmoud/Desktop/ROS2/ros2_ws3/src/polygon_base/include>
[4.776s] -- Configured cppcheck exclude dirs and/or files: 
[4.778s] -- Added test 'lint_cmake' to check CMake code style
[4.782s] -- Added test 'uncrustify' to check C / C++ code style
[4.782s] -- Configured uncrustify additional arguments: 
[4.786s] -- Added test 'xmllint' to check XML markup files
[4.791s] -- Configuring done
[4.817s] -- Generating done
[4.824s] -- Build files have been written to: /home/mahmoud/Desktop/ROS2/ros2_ws3/build/polygon_base
