[0.025s] Invoking command in '/home/mahmoud/Desktop/ROS2/ros2_ws3/build/action_tutorials_interfaces': CMAKE_PREFIX_PATH=${CMAKE_PREFIX_PATH}:/opt/ros/humble /usr/bin/cmake --build /home/mahmoud/Desktop/ROS2/ros2_ws3/build/action_tutorials_interfaces -- -j2 -l2
[0.075s] Invoked command in '/home/mahmoud/Desktop/ROS2/ros2_ws3/build/action_tutorials_interfaces' returned '0': CMAKE_PREFIX_PATH=${CMAKE_PREFIX_PATH}:/opt/ros/humble /usr/bin/cmake --build /home/mahmoud/Desktop/ROS2/ros2_ws3/build/action_tutorials_interfaces -- -j2 -l2
[0.088s] Invoking command in '/home/mahmoud/Desktop/ROS2/ros2_ws3/build/action_tutorials_interfaces': CMAKE_PREFIX_PATH=${CMAKE_PREFIX_PATH}:/opt/ros/humble /usr/bin/cmake --install /home/mahmoud/Desktop/ROS2/ros2_ws3/build/action_tutorials_interfaces
[0.100s] -- Install configuration: ""
[0.102s] -- Up-to-date: /home/mahmoud/Desktop/ROS2/ros2_ws3/install/action_tutorials_interfaces/share/ament_index/resource_index/package_run_dependencies/action_tutorials_interfaces
[0.102s] -- Up-to-date: /home/mahmoud/Desktop/ROS2/ros2_ws3/install/action_tutorials_interfaces/share/ament_index/resource_index/parent_prefix_path/action_tutorials_interfaces
[0.102s] -- Up-to-date: /home/mahmoud/Desktop/ROS2/ros2_ws3/install/action_tutorials_interfaces/share/action_tutorials_interfaces/environment/ament_prefix_path.sh
[0.102s] -- Up-to-date: /home/mahmoud/Desktop/ROS2/ros2_ws3/install/action_tutorials_interfaces/share/action_tutorials_interfaces/environment/ament_prefix_path.dsv
[0.102s] -- Up-to-date: /home/mahmoud/Desktop/ROS2/ros2_ws3/install/action_tutorials_interfaces/share/action_tutorials_interfaces/environment/path.sh
[0.105s] -- Up-to-date: /home/mahmoud/Desktop/ROS2/ros2_ws3/install/action_tutorials_interfaces/share/action_tutorials_interfaces/environment/path.dsv
[0.105s] -- Up-to-date: /home/mahmoud/Desktop/ROS2/ros2_ws3/install/action_tutorials_interfaces/share/action_tutorials_interfaces/local_setup.bash
[0.105s] -- Up-to-date: /home/mahmoud/Desktop/ROS2/ros2_ws3/install/action_tutorials_interfaces/share/action_tutorials_interfaces/local_setup.sh
[0.105s] -- Up-to-date: /home/mahmoud/Desktop/ROS2/ros2_ws3/install/action_tutorials_interfaces/share/action_tutorials_interfaces/local_setup.zsh
[0.105s] -- Up-to-date: /home/mahmoud/Desktop/ROS2/ros2_ws3/install/action_tutorials_interfaces/share/action_tutorials_interfaces/local_setup.dsv
[0.105s] -- Up-to-date: /home/mahmoud/Desktop/ROS2/ros2_ws3/install/action_tutorials_interfaces/share/action_tutorials_interfaces/package.dsv
[0.105s] -- Up-to-date: /home/mahmoud/Desktop/ROS2/ros2_ws3/install/action_tutorials_interfaces/share/ament_index/resource_index/packages/action_tutorials_interfaces
[0.106s] -- Up-to-date: /home/mahmoud/Desktop/ROS2/ros2_ws3/install/action_tutorials_interfaces/share/action_tutorials_interfaces/cmake/action_tutorials_interfacesConfig.cmake
[0.108s] -- Up-to-date: /home/mahmoud/Desktop/ROS2/ros2_ws3/install/action_tutorials_interfaces/share/action_tutorials_interfaces/cmake/action_tutorials_interfacesConfig-version.cmake
[0.108s] -- Up-to-date: /home/mahmoud/Desktop/ROS2/ros2_ws3/install/action_tutorials_interfaces/share/action_tutorials_interfaces/package.xml
[0.108s] Invoked command in '/home/mahmoud/Desktop/ROS2/ros2_ws3/build/action_tutorials_interfaces' returned '0': CMAKE_PREFIX_PATH=${CMAKE_PREFIX_PATH}:/opt/ros/humble /usr/bin/cmake --install /home/mahmoud/Desktop/ROS2/ros2_ws3/build/action_tutorials_interfaces
