[0.025s] Invoking command in '/home/mahmoud/Desktop/ROS2/ros2_ws3/build/action_tutorials_interfaces': CMAKE_PREFIX_PATH=${CMAKE_PREFIX_PATH}:/opt/ros/humble /usr/bin/cmake --build /home/mahmoud/Desktop/ROS2/ros2_ws3/build/action_tutorials_interfaces -- -j2 -l2
[0.066s] -- Found ament_cmake: 1.3.11 (/opt/ros/humble/share/ament_cmake/cmake)
[0.324s] -- Found rosidl_default_generators: 1.2.0 (/opt/ros/humble/share/rosidl_default_generators/cmake)
[0.327s] -- Using all available rosidl_typesupport_c: rosidl_typesupport_fastrtps_c;rosidl_typesupport_introspection_c
[0.335s] -- Found rosidl_adapter: 3.1.6 (/opt/ros/humble/share/rosidl_adapter/cmake)
[0.433s] -- Using all available rosidl_typesupport_cpp: rosidl_typesupport_fastrtps_cpp;rosidl_typesupport_introspection_cpp
[1.125s] -- Found ament_cmake_ros: 0.10.0 (/opt/ros/humble/share/ament_cmake_ros/cmake)
[1.487s] -- Using all available rosidl_typesupport_c: rosidl_typesupport_fastrtps_c;rosidl_typesupport_introspection_c
[2.064s] -- Using all available rosidl_typesupport_cpp: rosidl_typesupport_fastrtps_cpp;rosidl_typesupport_introspection_cpp
[2.143s] -- Found python_cmake_module: 0.10.0 (/opt/ros/humble/share/python_cmake_module/cmake)
[2.181s] -- Using PYTHON_EXECUTABLE: /usr/bin/python3
[2.181s] -- Using PYTHON_INCLUDE_DIRS: /usr/include/python3.10
[2.181s] -- Using PYTHON_LIBRARIES: /usr/lib/x86_64-linux-gnu/libpython3.10.so
[2.234s] -- Found ament_lint_auto: 0.12.12 (/opt/ros/humble/share/ament_lint_auto/cmake)
[2.257s] -- Added test 'lint_cmake' to check CMake code style
[2.258s] -- Added test 'xmllint' to check XML markup files
[2.261s] -- Configuring done
[2.337s] -- Generating done
[2.367s] -- Build files have been written to: /home/mahmoud/Desktop/ROS2/ros2_ws3/build/action_tutorials_interfaces
[2.419s] [  3%] [34m[1mGenerating C code for ROS interfaces[0m
[2.475s] [  6%] [34m[1mGenerating C++ code for ROS interfaces[0m
[4.728s] [  9%] [32mBuilding C object CMakeFiles/action_tutorials_interfaces__rosidl_generator_c.dir/rosidl_generator_c/action_tutorials_interfaces/action/detail/fibonacci__functions.c.o[0m
[4.775s] [  9%] Built target action_tutorials_interfaces__cpp
[4.886s] [  9%] Built target ament_cmake_python_copy_action_tutorials_interfaces
[4.925s] [ 12%] [34m[1mGenerating C++ type support dispatch for ROS interfaces[0m
[5.171s] [ 16%] [32m[1mLinking C shared library libaction_tutorials_interfaces__rosidl_generator_c.so[0m
[5.277s] [ 16%] Built target action_tutorials_interfaces__rosidl_generator_c
[5.346s] [ 19%] [34m[1mGenerating C++ type support for eProsima Fast-RTPS[0m
[6.404s] [ 22%] [32mBuilding CXX object CMakeFiles/action_tutorials_interfaces__rosidl_typesupport_cpp.dir/rosidl_typesupport_cpp/action_tutorials_interfaces/action/fibonacci__type_support.cpp.o[0m
[7.257s] [ 25%] [32mBuilding CXX object CMakeFiles/action_tutorials_interfaces__rosidl_typesupport_fastrtps_cpp.dir/rosidl_typesupport_fastrtps_cpp/action_tutorials_interfaces/action/detail/dds_fastrtps/fibonacci__type_support.cpp.o[0m
[8.003s] [ 29%] [32m[1mLinking CXX shared library libaction_tutorials_interfaces__rosidl_typesupport_cpp.so[0m
[8.184s] [ 29%] Built target action_tutorials_interfaces__rosidl_typesupport_cpp
[8.229s] [ 32%] [34m[1mGenerating C++ introspection for ROS interfaces[0m
[9.646s] [ 35%] [32m[1mLinking CXX shared library libaction_tutorials_interfaces__rosidl_typesupport_fastrtps_cpp.so[0m
[9.870s] [ 38%] [32mBuilding CXX object CMakeFiles/action_tutorials_interfaces__rosidl_typesupport_introspection_cpp.dir/rosidl_typesupport_introspection_cpp/action_tutorials_interfaces/action/detail/fibonacci__type_support.cpp.o[0m
[9.966s] [ 38%] Built target action_tutorials_interfaces__rosidl_typesupport_fastrtps_cpp
[10.900s] running egg_info
[10.900s] writing action_tutorials_interfaces.egg-info/PKG-INFO
[10.900s] writing dependency_links to action_tutorials_interfaces.egg-info/dependency_links.txt
[10.900s] writing top-level names to action_tutorials_interfaces.egg-info/top_level.txt
[10.910s] reading manifest file 'action_tutorials_interfaces.egg-info/SOURCES.txt'
[10.913s] writing manifest file 'action_tutorials_interfaces.egg-info/SOURCES.txt'
[11.026s] [ 38%] Built target ament_cmake_python_build_action_tutorials_interfaces_egg
[11.060s] [ 41%] [34m[1mGenerating C type support for eProsima Fast-RTPS[0m
[12.285s] [ 45%] [32m[1mLinking CXX shared library libaction_tutorials_interfaces__rosidl_typesupport_introspection_cpp.so[0m
[12.542s] [ 45%] Built target action_tutorials_interfaces__rosidl_typesupport_introspection_cpp
[12.594s] [ 48%] [34m[1mGenerating C introspection for ROS interfaces[0m
[12.987s] [ 51%] [32mBuilding CXX object CMakeFiles/action_tutorials_interfaces__rosidl_typesupport_fastrtps_c.dir/rosidl_typesupport_fastrtps_c/action_tutorials_interfaces/action/detail/fibonacci__type_support_c.cpp.o[0m
[14.318s] [ 54%] [32m[1mLinking CXX shared library libaction_tutorials_interfaces__rosidl_typesupport_fastrtps_c.so[0m
[14.600s] [ 54%] Built target action_tutorials_interfaces__rosidl_typesupport_fastrtps_c
[14.607s] [ 58%] [32mBuilding C object CMakeFiles/action_tutorials_interfaces__rosidl_typesupport_introspection_c.dir/rosidl_typesupport_introspection_c/action_tutorials_interfaces/action/detail/fibonacci__type_support.c.o[0m
[14.621s] [ 61%] [34m[1mGenerating C type support dispatch for ROS interfaces[0m
[14.753s] [ 64%] [32m[1mLinking C shared library libaction_tutorials_interfaces__rosidl_typesupport_introspection_c.so[0m
[14.895s] [ 64%] Built target action_tutorials_interfaces__rosidl_typesupport_introspection_c
[15.440s] [ 67%] [32mBuilding CXX object CMakeFiles/action_tutorials_interfaces__rosidl_typesupport_c.dir/rosidl_typesupport_c/action_tutorials_interfaces/action/fibonacci__type_support.cpp.o[0m
[15.528s] [ 70%] [32m[1mLinking CXX shared library libaction_tutorials_interfaces__rosidl_typesupport_c.so[0m
[15.606s] [ 70%] Built target action_tutorials_interfaces__rosidl_typesupport_c
[15.637s] [ 70%] Built target action_tutorials_interfaces
[15.683s] [ 74%] [34m[1mGenerating Python code for ROS interfaces[0m
[17.803s] [ 74%] Built target action_tutorials_interfaces__py
[17.835s] [ 77%] [32mBuilding C object CMakeFiles/action_tutorials_interfaces__rosidl_generator_py.dir/rosidl_generator_py/action_tutorials_interfaces/action/_fibonacci_s.c.o[0m
[18.139s] [ 80%] [32m[1mLinking C shared library rosidl_generator_py/action_tutorials_interfaces/libaction_tutorials_interfaces__rosidl_generator_py.so[0m
[18.213s] [ 80%] Built target action_tutorials_interfaces__rosidl_generator_py
[18.240s] [35m[1mConsolidate compiler generated dependencies of target action_tutorials_interfaces__rosidl_typesupport_fastrtps_c__pyext[0m
[18.252s] [35m[1mConsolidate compiler generated dependencies of target action_tutorials_interfaces__rosidl_typesupport_introspection_c__pyext[0m
[18.296s] [ 83%] [32mBuilding C object CMakeFiles/action_tutorials_interfaces__rosidl_typesupport_fastrtps_c__pyext.dir/rosidl_generator_py/action_tutorials_interfaces/_action_tutorials_interfaces_s.ep.rosidl_typesupport_fastrtps_c.c.o[0m
[18.301s] [ 87%] [32mBuilding C object CMakeFiles/action_tutorials_interfaces__rosidl_typesupport_introspection_c__pyext.dir/rosidl_generator_py/action_tutorials_interfaces/_action_tutorials_interfaces_s.ep.rosidl_typesupport_introspection_c.c.o[0m
[18.670s] [ 90%] [32m[1mLinking C shared library rosidl_generator_py/action_tutorials_interfaces/action_tutorials_interfaces_s__rosidl_typesupport_introspection_c.cpython-310-x86_64-linux-gnu.so[0m
[18.800s] [ 90%] Built target action_tutorials_interfaces__rosidl_typesupport_introspection_c__pyext
[18.826s] [35m[1mConsolidate compiler generated dependencies of target action_tutorials_interfaces__rosidl_typesupport_c__pyext[0m
[18.845s] [ 93%] [32m[1mLinking C shared library rosidl_generator_py/action_tutorials_interfaces/action_tutorials_interfaces_s__rosidl_typesupport_fastrtps_c.cpython-310-x86_64-linux-gnu.so[0m
[18.858s] [ 96%] [32mBuilding C object CMakeFiles/action_tutorials_interfaces__rosidl_typesupport_c__pyext.dir/rosidl_generator_py/action_tutorials_interfaces/_action_tutorials_interfaces_s.ep.rosidl_typesupport_c.c.o[0m
[19.034s] [ 96%] Built target action_tutorials_interfaces__rosidl_typesupport_fastrtps_c__pyext
[19.167s] [100%] [32m[1mLinking C shared library rosidl_generator_py/action_tutorials_interfaces/action_tutorials_interfaces_s__rosidl_typesupport_c.cpython-310-x86_64-linux-gnu.so[0m
[19.236s] [100%] Built target action_tutorials_interfaces__rosidl_typesupport_c__pyext
[19.258s] Invoked command in '/home/mahmoud/Desktop/ROS2/ros2_ws3/build/action_tutorials_interfaces' returned '0': CMAKE_PREFIX_PATH=${CMAKE_PREFIX_PATH}:/opt/ros/humble /usr/bin/cmake --build /home/mahmoud/Desktop/ROS2/ros2_ws3/build/action_tutorials_interfaces -- -j2 -l2
[19.279s] Invoking command in '/home/mahmoud/Desktop/ROS2/ros2_ws3/build/action_tutorials_interfaces': CMAKE_PREFIX_PATH=${CMAKE_PREFIX_PATH}:/opt/ros/humble /usr/bin/cmake --install /home/mahmoud/Desktop/ROS2/ros2_ws3/build/action_tutorials_interfaces
[19.291s] -- Install configuration: ""
[19.293s] -- Installing: /home/mahmoud/Desktop/ROS2/ros2_ws3/install/action_tutorials_interfaces/share/ament_index/resource_index/rosidl_interfaces/action_tutorials_interfaces
[19.294s] -- Up-to-date: /home/mahmoud/Desktop/ROS2/ros2_ws3/install/action_tutorials_interfaces/include/action_tutorials_interfaces/action_tutorials_interfaces
[19.295s] -- Up-to-date: /home/mahmoud/Desktop/ROS2/ros2_ws3/install/action_tutorials_interfaces/include/action_tutorials_interfaces/action_tutorials_interfaces/action
[19.296s] -- Up-to-date: /home/mahmoud/Desktop/ROS2/ros2_ws3/install/action_tutorials_interfaces/include/action_tutorials_interfaces/action_tutorials_interfaces/action/detail
[19.296s] -- Up-to-date: /home/mahmoud/Desktop/ROS2/ros2_ws3/install/action_tutorials_interfaces/include/action_tutorials_interfaces/action_tutorials_interfaces/action/detail/fib__struct.h
[19.297s] -- Installing: /home/mahmoud/Desktop/ROS2/ros2_ws3/install/action_tutorials_interfaces/include/action_tutorials_interfaces/action_tutorials_interfaces/action/detail/fibonacci__struct.h
[19.297s] -- Installing: /home/mahmoud/Desktop/ROS2/ros2_ws3/install/action_tutorials_interfaces/include/action_tutorials_interfaces/action_tutorials_interfaces/action/detail/fibonacci__functions.c
[19.297s] -- Up-to-date: /home/mahmoud/Desktop/ROS2/ros2_ws3/install/action_tutorials_interfaces/include/action_tutorials_interfaces/action_tutorials_interfaces/action/detail/fib__functions.h
[19.298s] -- Up-to-date: /home/mahmoud/Desktop/ROS2/ros2_ws3/install/action_tutorials_interfaces/include/action_tutorials_interfaces/action_tutorials_interfaces/action/detail/fib__functions.c
[19.299s] -- Installing: /home/mahmoud/Desktop/ROS2/ros2_ws3/install/action_tutorials_interfaces/include/action_tutorials_interfaces/action_tutorials_interfaces/action/detail/fibonacci__type_support.h
[19.299s] -- Up-to-date: /home/mahmoud/Desktop/ROS2/ros2_ws3/install/action_tutorials_interfaces/include/action_tutorials_interfaces/action_tutorials_interfaces/action/detail/fib__type_support.h
[19.299s] -- Installing: /home/mahmoud/Desktop/ROS2/ros2_ws3/install/action_tutorials_interfaces/include/action_tutorials_interfaces/action_tutorials_interfaces/action/detail/fibonacci__functions.h
[19.300s] -- Up-to-date: /home/mahmoud/Desktop/ROS2/ros2_ws3/install/action_tutorials_interfaces/include/action_tutorials_interfaces/action_tutorials_interfaces/action/fib.h
[19.300s] -- Installing: /home/mahmoud/Desktop/ROS2/ros2_ws3/install/action_tutorials_interfaces/include/action_tutorials_interfaces/action_tutorials_interfaces/action/fibonacci.h
[19.301s] -- Up-to-date: /home/mahmoud/Desktop/ROS2/ros2_ws3/install/action_tutorials_interfaces/include/action_tutorials_interfaces/action_tutorials_interfaces/msg
[19.301s] -- Up-to-date: /home/mahmoud/Desktop/ROS2/ros2_ws3/install/action_tutorials_interfaces/include/action_tutorials_interfaces/action_tutorials_interfaces/msg/rosidl_generator_c__visibility_control.h
[19.302s] -- Up-to-date: /home/mahmoud/Desktop/ROS2/ros2_ws3/install/action_tutorials_interfaces/share/action_tutorials_interfaces/environment/library_path.sh
[19.303s] -- Installing: /home/mahmoud/Desktop/ROS2/ros2_ws3/install/action_tutorials_interfaces/share/action_tutorials_interfaces/environment/library_path.dsv
[19.304s] -- Installing: /home/mahmoud/Desktop/ROS2/ros2_ws3/install/action_tutorials_interfaces/lib/libaction_tutorials_interfaces__rosidl_generator_c.so
[19.304s] -- Set runtime path of "/home/mahmoud/Desktop/ROS2/ros2_ws3/install/action_tutorials_interfaces/lib/libaction_tutorials_interfaces__rosidl_generator_c.so" to ""
[19.305s] -- Up-to-date: /home/mahmoud/Desktop/ROS2/ros2_ws3/install/action_tutorials_interfaces/include/action_tutorials_interfaces/action_tutorials_interfaces
[19.306s] -- Up-to-date: /home/mahmoud/Desktop/ROS2/ros2_ws3/install/action_tutorials_interfaces/include/action_tutorials_interfaces/action_tutorials_interfaces/action
[19.307s] -- Up-to-date: /home/mahmoud/Desktop/ROS2/ros2_ws3/install/action_tutorials_interfaces/include/action_tutorials_interfaces/action_tutorials_interfaces/action/detail
[19.307s] -- Installing: /home/mahmoud/Desktop/ROS2/ros2_ws3/install/action_tutorials_interfaces/include/action_tutorials_interfaces/action_tutorials_interfaces/action/detail/fibonacci__rosidl_typesupport_fastrtps_c.h
[19.307s] -- Up-to-date: /home/mahmoud/Desktop/ROS2/ros2_ws3/install/action_tutorials_interfaces/include/action_tutorials_interfaces/action_tutorials_interfaces/action/detail/fib__rosidl_typesupport_fastrtps_c.h
[19.307s] -- Up-to-date: /home/mahmoud/Desktop/ROS2/ros2_ws3/install/action_tutorials_interfaces/include/action_tutorials_interfaces/action_tutorials_interfaces/msg
[19.307s] -- Up-to-date: /home/mahmoud/Desktop/ROS2/ros2_ws3/install/action_tutorials_interfaces/include/action_tutorials_interfaces/action_tutorials_interfaces/msg/rosidl_typesupport_fastrtps_c__visibility_control.h
[19.307s] -- Installing: /home/mahmoud/Desktop/ROS2/ros2_ws3/install/action_tutorials_interfaces/lib/libaction_tutorials_interfaces__rosidl_typesupport_fastrtps_c.so
[19.309s] -- Set runtime path of "/home/mahmoud/Desktop/ROS2/ros2_ws3/install/action_tutorials_interfaces/lib/libaction_tutorials_interfaces__rosidl_typesupport_fastrtps_c.so" to ""
[19.309s] -- Up-to-date: /home/mahmoud/Desktop/ROS2/ros2_ws3/install/action_tutorials_interfaces/include/action_tutorials_interfaces/action_tutorials_interfaces
[19.310s] -- Up-to-date: /home/mahmoud/Desktop/ROS2/ros2_ws3/install/action_tutorials_interfaces/include/action_tutorials_interfaces/action_tutorials_interfaces/action
[19.311s] -- Up-to-date: /home/mahmoud/Desktop/ROS2/ros2_ws3/install/action_tutorials_interfaces/include/action_tutorials_interfaces/action_tutorials_interfaces/action/detail
[19.311s] -- Up-to-date: /home/mahmoud/Desktop/ROS2/ros2_ws3/install/action_tutorials_interfaces/include/action_tutorials_interfaces/action_tutorials_interfaces/action/detail/fib__type_support.c
[19.311s] -- Up-to-date: /home/mahmoud/Desktop/ROS2/ros2_ws3/install/action_tutorials_interfaces/include/action_tutorials_interfaces/action_tutorials_interfaces/action/detail/fib__rosidl_typesupport_introspection_c.h
[19.311s] -- Installing: /home/mahmoud/Desktop/ROS2/ros2_ws3/install/action_tutorials_interfaces/include/action_tutorials_interfaces/action_tutorials_interfaces/action/detail/fibonacci__rosidl_typesupport_introspection_c.h
[19.311s] -- Installing: /home/mahmoud/Desktop/ROS2/ros2_ws3/install/action_tutorials_interfaces/include/action_tutorials_interfaces/action_tutorials_interfaces/action/detail/fibonacci__type_support.c
[19.311s] -- Up-to-date: /home/mahmoud/Desktop/ROS2/ros2_ws3/install/action_tutorials_interfaces/include/action_tutorials_interfaces/action_tutorials_interfaces/msg
[19.311s] -- Up-to-date: /home/mahmoud/Desktop/ROS2/ros2_ws3/install/action_tutorials_interfaces/include/action_tutorials_interfaces/action_tutorials_interfaces/msg/rosidl_typesupport_introspection_c__visibility_control.h
[19.311s] -- Installing: /home/mahmoud/Desktop/ROS2/ros2_ws3/install/action_tutorials_interfaces/lib/libaction_tutorials_interfaces__rosidl_typesupport_introspection_c.so
[19.314s] -- Set runtime path of "/home/mahmoud/Desktop/ROS2/ros2_ws3/install/action_tutorials_interfaces/lib/libaction_tutorials_interfaces__rosidl_typesupport_introspection_c.so" to ""
[19.315s] -- Installing: /home/mahmoud/Desktop/ROS2/ros2_ws3/install/action_tutorials_interfaces/lib/libaction_tutorials_interfaces__rosidl_typesupport_c.so
[19.315s] -- Set runtime path of "/home/mahmoud/Desktop/ROS2/ros2_ws3/install/action_tutorials_interfaces/lib/libaction_tutorials_interfaces__rosidl_typesupport_c.so" to ""
[19.315s] -- Up-to-date: /home/mahmoud/Desktop/ROS2/ros2_ws3/install/action_tutorials_interfaces/include/action_tutorials_interfaces/action_tutorials_interfaces
[19.315s] -- Up-to-date: /home/mahmoud/Desktop/ROS2/ros2_ws3/install/action_tutorials_interfaces/include/action_tutorials_interfaces/action_tutorials_interfaces/action
[19.316s] -- Installing: /home/mahmoud/Desktop/ROS2/ros2_ws3/install/action_tutorials_interfaces/include/action_tutorials_interfaces/action_tutorials_interfaces/action/fibonacci.hpp
[19.316s] -- Up-to-date: /home/mahmoud/Desktop/ROS2/ros2_ws3/install/action_tutorials_interfaces/include/action_tutorials_interfaces/action_tutorials_interfaces/action/detail
[19.316s] -- Installing: /home/mahmoud/Desktop/ROS2/ros2_ws3/install/action_tutorials_interfaces/include/action_tutorials_interfaces/action_tutorials_interfaces/action/detail/fibonacci__type_support.hpp
[19.316s] -- Installing: /home/mahmoud/Desktop/ROS2/ros2_ws3/install/action_tutorials_interfaces/include/action_tutorials_interfaces/action_tutorials_interfaces/action/detail/fibonacci__traits.hpp
[19.316s] -- Up-to-date: /home/mahmoud/Desktop/ROS2/ros2_ws3/install/action_tutorials_interfaces/include/action_tutorials_interfaces/action_tutorials_interfaces/action/detail/fib__struct.hpp
[19.316s] -- Up-to-date: /home/mahmoud/Desktop/ROS2/ros2_ws3/install/action_tutorials_interfaces/include/action_tutorials_interfaces/action_tutorials_interfaces/action/detail/fib__traits.hpp
[19.316s] -- Installing: /home/mahmoud/Desktop/ROS2/ros2_ws3/install/action_tutorials_interfaces/include/action_tutorials_interfaces/action_tutorials_interfaces/action/detail/fibonacci__builder.hpp
[19.316s] -- Up-to-date: /home/mahmoud/Desktop/ROS2/ros2_ws3/install/action_tutorials_interfaces/include/action_tutorials_interfaces/action_tutorials_interfaces/action/detail/fib__builder.hpp
[19.317s] -- Up-to-date: /home/mahmoud/Desktop/ROS2/ros2_ws3/install/action_tutorials_interfaces/include/action_tutorials_interfaces/action_tutorials_interfaces/action/detail/fib__type_support.hpp
[19.317s] -- Installing: /home/mahmoud/Desktop/ROS2/ros2_ws3/install/action_tutorials_interfaces/include/action_tutorials_interfaces/action_tutorials_interfaces/action/detail/fibonacci__struct.hpp
[19.317s] -- Up-to-date: /home/mahmoud/Desktop/ROS2/ros2_ws3/install/action_tutorials_interfaces/include/action_tutorials_interfaces/action_tutorials_interfaces/action/fib.hpp
[19.317s] -- Up-to-date: /home/mahmoud/Desktop/ROS2/ros2_ws3/install/action_tutorials_interfaces/include/action_tutorials_interfaces/action_tutorials_interfaces/msg
[19.317s] -- Up-to-date: /home/mahmoud/Desktop/ROS2/ros2_ws3/install/action_tutorials_interfaces/include/action_tutorials_interfaces/action_tutorials_interfaces/msg/rosidl_generator_cpp__visibility_control.hpp
[19.317s] -- Up-to-date: /home/mahmoud/Desktop/ROS2/ros2_ws3/install/action_tutorials_interfaces/include/action_tutorials_interfaces/action_tutorials_interfaces
[19.317s] -- Up-to-date: /home/mahmoud/Desktop/ROS2/ros2_ws3/install/action_tutorials_interfaces/include/action_tutorials_interfaces/action_tutorials_interfaces/action
[19.323s] -- Up-to-date: /home/mahmoud/Desktop/ROS2/ros2_ws3/install/action_tutorials_interfaces/include/action_tutorials_interfaces/action_tutorials_interfaces/action/detail
[19.324s] -- Installing: /home/mahmoud/Desktop/ROS2/ros2_ws3/install/action_tutorials_interfaces/include/action_tutorials_interfaces/action_tutorials_interfaces/action/detail/fibonacci__rosidl_typesupport_fastrtps_cpp.hpp
[19.324s] -- Up-to-date: /home/mahmoud/Desktop/ROS2/ros2_ws3/install/action_tutorials_interfaces/include/action_tutorials_interfaces/action_tutorials_interfaces/action/detail/fib__rosidl_typesupport_fastrtps_cpp.hpp
[19.324s] -- Up-to-date: /home/mahmoud/Desktop/ROS2/ros2_ws3/install/action_tutorials_interfaces/include/action_tutorials_interfaces/action_tutorials_interfaces/action/detail/dds_fastrtps
[19.324s] -- Up-to-date: /home/mahmoud/Desktop/ROS2/ros2_ws3/install/action_tutorials_interfaces/include/action_tutorials_interfaces/action_tutorials_interfaces/msg
[19.324s] -- Up-to-date: /home/mahmoud/Desktop/ROS2/ros2_ws3/install/action_tutorials_interfaces/include/action_tutorials_interfaces/action_tutorials_interfaces/msg/rosidl_typesupport_fastrtps_cpp__visibility_control.h
[19.324s] -- Installing: /home/mahmoud/Desktop/ROS2/ros2_ws3/install/action_tutorials_interfaces/lib/libaction_tutorials_interfaces__rosidl_typesupport_fastrtps_cpp.so
[19.324s] -- Set runtime path of "/home/mahmoud/Desktop/ROS2/ros2_ws3/install/action_tutorials_interfaces/lib/libaction_tutorials_interfaces__rosidl_typesupport_fastrtps_cpp.so" to ""
[19.324s] -- Up-to-date: /home/mahmoud/Desktop/ROS2/ros2_ws3/install/action_tutorials_interfaces/include/action_tutorials_interfaces/action_tutorials_interfaces
[19.325s] -- Up-to-date: /home/mahmoud/Desktop/ROS2/ros2_ws3/install/action_tutorials_interfaces/include/action_tutorials_interfaces/action_tutorials_interfaces/action
[19.325s] -- Up-to-date: /home/mahmoud/Desktop/ROS2/ros2_ws3/install/action_tutorials_interfaces/include/action_tutorials_interfaces/action_tutorials_interfaces/action/detail
[19.325s] -- Installing: /home/mahmoud/Desktop/ROS2/ros2_ws3/install/action_tutorials_interfaces/include/action_tutorials_interfaces/action_tutorials_interfaces/action/detail/fibonacci__type_support.cpp
[19.325s] -- Installing: /home/mahmoud/Desktop/ROS2/ros2_ws3/install/action_tutorials_interfaces/include/action_tutorials_interfaces/action_tutorials_interfaces/action/detail/fibonacci__rosidl_typesupport_introspection_cpp.hpp
[19.325s] -- Up-to-date: /home/mahmoud/Desktop/ROS2/ros2_ws3/install/action_tutorials_interfaces/include/action_tutorials_interfaces/action_tutorials_interfaces/action/detail/fib__rosidl_typesupport_introspection_cpp.hpp
[19.330s] -- Up-to-date: /home/mahmoud/Desktop/ROS2/ros2_ws3/install/action_tutorials_interfaces/include/action_tutorials_interfaces/action_tutorials_interfaces/action/detail/fib__type_support.cpp
[19.330s] -- Installing: /home/mahmoud/Desktop/ROS2/ros2_ws3/install/action_tutorials_interfaces/lib/libaction_tutorials_interfaces__rosidl_typesupport_introspection_cpp.so
[19.331s] -- Set runtime path of "/home/mahmoud/Desktop/ROS2/ros2_ws3/install/action_tutorials_interfaces/lib/libaction_tutorials_interfaces__rosidl_typesupport_introspection_cpp.so" to ""
[19.331s] -- Installing: /home/mahmoud/Desktop/ROS2/ros2_ws3/install/action_tutorials_interfaces/lib/libaction_tutorials_interfaces__rosidl_typesupport_cpp.so
[19.331s] -- Set runtime path of "/home/mahmoud/Desktop/ROS2/ros2_ws3/install/action_tutorials_interfaces/lib/libaction_tutorials_interfaces__rosidl_typesupport_cpp.so" to ""
[19.331s] -- Up-to-date: /home/mahmoud/Desktop/ROS2/ros2_ws3/install/action_tutorials_interfaces/share/action_tutorials_interfaces/environment/pythonpath.sh
[19.331s] -- Installing: /home/mahmoud/Desktop/ROS2/ros2_ws3/install/action_tutorials_interfaces/share/action_tutorials_interfaces/environment/pythonpath.dsv
[19.331s] -- Up-to-date: /home/mahmoud/Desktop/ROS2/ros2_ws3/install/action_tutorials_interfaces/local/lib/python3.10/dist-packages/action_tutorials_interfaces-0.0.0-py3.10.egg-info
[19.331s] -- Installing: /home/mahmoud/Desktop/ROS2/ros2_ws3/install/action_tutorials_interfaces/local/lib/python3.10/dist-packages/action_tutorials_interfaces-0.0.0-py3.10.egg-info/dependency_links.txt
[19.331s] -- Installing: /home/mahmoud/Desktop/ROS2/ros2_ws3/install/action_tutorials_interfaces/local/lib/python3.10/dist-packages/action_tutorials_interfaces-0.0.0-py3.10.egg-info/top_level.txt
[19.331s] -- Installing: /home/mahmoud/Desktop/ROS2/ros2_ws3/install/action_tutorials_interfaces/local/lib/python3.10/dist-packages/action_tutorials_interfaces-0.0.0-py3.10.egg-info/PKG-INFO
[19.332s] -- Installing: /home/mahmoud/Desktop/ROS2/ros2_ws3/install/action_tutorials_interfaces/local/lib/python3.10/dist-packages/action_tutorials_interfaces-0.0.0-py3.10.egg-info/SOURCES.txt
[19.332s] -- Up-to-date: /home/mahmoud/Desktop/ROS2/ros2_ws3/install/action_tutorials_interfaces/local/lib/python3.10/dist-packages/action_tutorials_interfaces
[19.332s] -- Up-to-date: /home/mahmoud/Desktop/ROS2/ros2_ws3/install/action_tutorials_interfaces/local/lib/python3.10/dist-packages/action_tutorials_interfaces/action
[19.332s] -- Up-to-date: /home/mahmoud/Desktop/ROS2/ros2_ws3/install/action_tutorials_interfaces/local/lib/python3.10/dist-packages/action_tutorials_interfaces/action/_fib.py
[19.332s] -- Installing: /home/mahmoud/Desktop/ROS2/ros2_ws3/install/action_tutorials_interfaces/local/lib/python3.10/dist-packages/action_tutorials_interfaces/action/_fibonacci.py
[19.332s] -- Up-to-date: /home/mahmoud/Desktop/ROS2/ros2_ws3/install/action_tutorials_interfaces/local/lib/python3.10/dist-packages/action_tutorials_interfaces/action/_fib_s.c
[19.337s] -- Installing: /home/mahmoud/Desktop/ROS2/ros2_ws3/install/action_tutorials_interfaces/local/lib/python3.10/dist-packages/action_tutorials_interfaces/action/_fibonacci_s.c
[19.338s] -- Installing: /home/mahmoud/Desktop/ROS2/ros2_ws3/install/action_tutorials_interfaces/local/lib/python3.10/dist-packages/action_tutorials_interfaces/action/__init__.py
[19.338s] -- Installing: /home/mahmoud/Desktop/ROS2/ros2_ws3/install/action_tutorials_interfaces/local/lib/python3.10/dist-packages/action_tutorials_interfaces/action_tutorials_interfaces_s__rosidl_typesupport_introspection_c.cpython-310-x86_64-linux-gnu.so
[19.338s] -- Installing: /home/mahmoud/Desktop/ROS2/ros2_ws3/install/action_tutorials_interfaces/local/lib/python3.10/dist-packages/action_tutorials_interfaces/libaction_tutorials_interfaces__rosidl_generator_py.so
[19.338s] -- Installing: /home/mahmoud/Desktop/ROS2/ros2_ws3/install/action_tutorials_interfaces/local/lib/python3.10/dist-packages/action_tutorials_interfaces/_action_tutorials_interfaces_s.ep.rosidl_typesupport_introspection_c.c
[19.338s] -- Installing: /home/mahmoud/Desktop/ROS2/ros2_ws3/install/action_tutorials_interfaces/local/lib/python3.10/dist-packages/action_tutorials_interfaces/__init__.py
[19.338s] -- Installing: /home/mahmoud/Desktop/ROS2/ros2_ws3/install/action_tutorials_interfaces/local/lib/python3.10/dist-packages/action_tutorials_interfaces/_action_tutorials_interfaces_s.ep.rosidl_typesupport_c.c
[19.338s] -- Installing: /home/mahmoud/Desktop/ROS2/ros2_ws3/install/action_tutorials_interfaces/local/lib/python3.10/dist-packages/action_tutorials_interfaces/action_tutorials_interfaces_s__rosidl_typesupport_fastrtps_c.cpython-310-x86_64-linux-gnu.so
[19.338s] -- Installing: /home/mahmoud/Desktop/ROS2/ros2_ws3/install/action_tutorials_interfaces/local/lib/python3.10/dist-packages/action_tutorials_interfaces/action_tutorials_interfaces_s__rosidl_typesupport_c.cpython-310-x86_64-linux-gnu.so
[19.339s] -- Installing: /home/mahmoud/Desktop/ROS2/ros2_ws3/install/action_tutorials_interfaces/local/lib/python3.10/dist-packages/action_tutorials_interfaces/_action_tutorials_interfaces_s.ep.rosidl_typesupport_fastrtps_c.c
[19.402s] Listing '/home/mahmoud/Desktop/ROS2/ros2_ws3/install/action_tutorials_interfaces/local/lib/python3.10/dist-packages/action_tutorials_interfaces'...
[19.403s] Compiling '/home/mahmoud/Desktop/ROS2/ros2_ws3/install/action_tutorials_interfaces/local/lib/python3.10/dist-packages/action_tutorials_interfaces/__init__.py'...
[19.403s] Listing '/home/mahmoud/Desktop/ROS2/ros2_ws3/install/action_tutorials_interfaces/local/lib/python3.10/dist-packages/action_tutorials_interfaces/action'...
[19.404s] Compiling '/home/mahmoud/Desktop/ROS2/ros2_ws3/install/action_tutorials_interfaces/local/lib/python3.10/dist-packages/action_tutorials_interfaces/action/__init__.py'...
[19.404s] Compiling '/home/mahmoud/Desktop/ROS2/ros2_ws3/install/action_tutorials_interfaces/local/lib/python3.10/dist-packages/action_tutorials_interfaces/action/_fibonacci.py'...
[19.409s] -- Installing: /home/mahmoud/Desktop/ROS2/ros2_ws3/install/action_tutorials_interfaces/local/lib/python3.10/dist-packages/action_tutorials_interfaces/action_tutorials_interfaces_s__rosidl_typesupport_fastrtps_c.cpython-310-x86_64-linux-gnu.so
[19.409s] -- Set runtime path of "/home/mahmoud/Desktop/ROS2/ros2_ws3/install/action_tutorials_interfaces/local/lib/python3.10/dist-packages/action_tutorials_interfaces/action_tutorials_interfaces_s__rosidl_typesupport_fastrtps_c.cpython-310-x86_64-linux-gnu.so" to ""
[19.410s] -- Installing: /home/mahmoud/Desktop/ROS2/ros2_ws3/install/action_tutorials_interfaces/local/lib/python3.10/dist-packages/action_tutorials_interfaces/action_tutorials_interfaces_s__rosidl_typesupport_introspection_c.cpython-310-x86_64-linux-gnu.so
[19.411s] -- Set runtime path of "/home/mahmoud/Desktop/ROS2/ros2_ws3/install/action_tutorials_interfaces/local/lib/python3.10/dist-packages/action_tutorials_interfaces/action_tutorials_interfaces_s__rosidl_typesupport_introspection_c.cpython-310-x86_64-linux-gnu.so" to ""
[19.411s] -- Installing: /home/mahmoud/Desktop/ROS2/ros2_ws3/install/action_tutorials_interfaces/local/lib/python3.10/dist-packages/action_tutorials_interfaces/action_tutorials_interfaces_s__rosidl_typesupport_c.cpython-310-x86_64-linux-gnu.so
[19.411s] -- Set runtime path of "/home/mahmoud/Desktop/ROS2/ros2_ws3/install/action_tutorials_interfaces/local/lib/python3.10/dist-packages/action_tutorials_interfaces/action_tutorials_interfaces_s__rosidl_typesupport_c.cpython-310-x86_64-linux-gnu.so" to ""
[19.411s] -- Installing: /home/mahmoud/Desktop/ROS2/ros2_ws3/install/action_tutorials_interfaces/lib/libaction_tutorials_interfaces__rosidl_generator_py.so
[19.412s] -- Set runtime path of "/home/mahmoud/Desktop/ROS2/ros2_ws3/install/action_tutorials_interfaces/lib/libaction_tutorials_interfaces__rosidl_generator_py.so" to ""
[19.413s] -- Installing: /home/mahmoud/Desktop/ROS2/ros2_ws3/install/action_tutorials_interfaces/share/action_tutorials_interfaces/action/Fibonacci.idl
[19.413s] -- Installing: /home/mahmoud/Desktop/ROS2/ros2_ws3/install/action_tutorials_interfaces/share/action_tutorials_interfaces/action/Fibonacci.action
[19.414s] -- Up-to-date: /home/mahmoud/Desktop/ROS2/ros2_ws3/install/action_tutorials_interfaces/share/ament_index/resource_index/package_run_dependencies/action_tutorials_interfaces
[19.414s] -- Up-to-date: /home/mahmoud/Desktop/ROS2/ros2_ws3/install/action_tutorials_interfaces/share/ament_index/resource_index/parent_prefix_path/action_tutorials_interfaces
[19.414s] -- Up-to-date: /home/mahmoud/Desktop/ROS2/ros2_ws3/install/action_tutorials_interfaces/share/action_tutorials_interfaces/environment/ament_prefix_path.sh
[19.414s] -- Installing: /home/mahmoud/Desktop/ROS2/ros2_ws3/install/action_tutorials_interfaces/share/action_tutorials_interfaces/environment/ament_prefix_path.dsv
[19.414s] -- Up-to-date: /home/mahmoud/Desktop/ROS2/ros2_ws3/install/action_tutorials_interfaces/share/action_tutorials_interfaces/environment/path.sh
[19.415s] -- Installing: /home/mahmoud/Desktop/ROS2/ros2_ws3/install/action_tutorials_interfaces/share/action_tutorials_interfaces/environment/path.dsv
[19.416s] -- Up-to-date: /home/mahmoud/Desktop/ROS2/ros2_ws3/install/action_tutorials_interfaces/share/action_tutorials_interfaces/local_setup.bash
[19.416s] -- Up-to-date: /home/mahmoud/Desktop/ROS2/ros2_ws3/install/action_tutorials_interfaces/share/action_tutorials_interfaces/local_setup.sh
[19.417s] -- Up-to-date: /home/mahmoud/Desktop/ROS2/ros2_ws3/install/action_tutorials_interfaces/share/action_tutorials_interfaces/local_setup.zsh
[19.417s] -- Installing: /home/mahmoud/Desktop/ROS2/ros2_ws3/install/action_tutorials_interfaces/share/action_tutorials_interfaces/local_setup.dsv
[19.417s] -- Installing: /home/mahmoud/Desktop/ROS2/ros2_ws3/install/action_tutorials_interfaces/share/action_tutorials_interfaces/package.dsv
[19.418s] -- Up-to-date: /home/mahmoud/Desktop/ROS2/ros2_ws3/install/action_tutorials_interfaces/share/ament_index/resource_index/packages/action_tutorials_interfaces
[19.418s] -- Up-to-date: /home/mahmoud/Desktop/ROS2/ros2_ws3/install/action_tutorials_interfaces/share/action_tutorials_interfaces/cmake/export_action_tutorials_interfaces__rosidl_generator_cExport.cmake
[19.419s] -- Up-to-date: /home/mahmoud/Desktop/ROS2/ros2_ws3/install/action_tutorials_interfaces/share/action_tutorials_interfaces/cmake/export_action_tutorials_interfaces__rosidl_generator_cExport-noconfig.cmake
[19.419s] -- Up-to-date: /home/mahmoud/Desktop/ROS2/ros2_ws3/install/action_tutorials_interfaces/share/action_tutorials_interfaces/cmake/export_action_tutorials_interfaces__rosidl_typesupport_fastrtps_cExport.cmake
[19.419s] -- Up-to-date: /home/mahmoud/Desktop/ROS2/ros2_ws3/install/action_tutorials_interfaces/share/action_tutorials_interfaces/cmake/export_action_tutorials_interfaces__rosidl_typesupport_fastrtps_cExport-noconfig.cmake
[19.419s] -- Up-to-date: /home/mahmoud/Desktop/ROS2/ros2_ws3/install/action_tutorials_interfaces/share/action_tutorials_interfaces/cmake/action_tutorials_interfaces__rosidl_typesupport_introspection_cExport.cmake
[19.419s] -- Up-to-date: /home/mahmoud/Desktop/ROS2/ros2_ws3/install/action_tutorials_interfaces/share/action_tutorials_interfaces/cmake/action_tutorials_interfaces__rosidl_typesupport_introspection_cExport-noconfig.cmake
[19.419s] -- Up-to-date: /home/mahmoud/Desktop/ROS2/ros2_ws3/install/action_tutorials_interfaces/share/action_tutorials_interfaces/cmake/action_tutorials_interfaces__rosidl_typesupport_cExport.cmake
[19.419s] -- Up-to-date: /home/mahmoud/Desktop/ROS2/ros2_ws3/install/action_tutorials_interfaces/share/action_tutorials_interfaces/cmake/action_tutorials_interfaces__rosidl_typesupport_cExport-noconfig.cmake
[19.420s] -- Up-to-date: /home/mahmoud/Desktop/ROS2/ros2_ws3/install/action_tutorials_interfaces/share/action_tutorials_interfaces/cmake/export_action_tutorials_interfaces__rosidl_generator_cppExport.cmake
[19.421s] -- Up-to-date: /home/mahmoud/Desktop/ROS2/ros2_ws3/install/action_tutorials_interfaces/share/action_tutorials_interfaces/cmake/export_action_tutorials_interfaces__rosidl_typesupport_fastrtps_cppExport.cmake
[19.421s] -- Up-to-date: /home/mahmoud/Desktop/ROS2/ros2_ws3/install/action_tutorials_interfaces/share/action_tutorials_interfaces/cmake/export_action_tutorials_interfaces__rosidl_typesupport_fastrtps_cppExport-noconfig.cmake
[19.421s] -- Up-to-date: /home/mahmoud/Desktop/ROS2/ros2_ws3/install/action_tutorials_interfaces/share/action_tutorials_interfaces/cmake/action_tutorials_interfaces__rosidl_typesupport_introspection_cppExport.cmake
[19.421s] -- Up-to-date: /home/mahmoud/Desktop/ROS2/ros2_ws3/install/action_tutorials_interfaces/share/action_tutorials_interfaces/cmake/action_tutorials_interfaces__rosidl_typesupport_introspection_cppExport-noconfig.cmake
[19.421s] -- Up-to-date: /home/mahmoud/Desktop/ROS2/ros2_ws3/install/action_tutorials_interfaces/share/action_tutorials_interfaces/cmake/action_tutorials_interfaces__rosidl_typesupport_cppExport.cmake
[19.421s] -- Up-to-date: /home/mahmoud/Desktop/ROS2/ros2_ws3/install/action_tutorials_interfaces/share/action_tutorials_interfaces/cmake/action_tutorials_interfaces__rosidl_typesupport_cppExport-noconfig.cmake
[19.421s] -- Up-to-date: /home/mahmoud/Desktop/ROS2/ros2_ws3/install/action_tutorials_interfaces/share/action_tutorials_interfaces/cmake/export_action_tutorials_interfaces__rosidl_generator_pyExport.cmake
[19.422s] -- Up-to-date: /home/mahmoud/Desktop/ROS2/ros2_ws3/install/action_tutorials_interfaces/share/action_tutorials_interfaces/cmake/export_action_tutorials_interfaces__rosidl_generator_pyExport-noconfig.cmake
[19.422s] -- Installing: /home/mahmoud/Desktop/ROS2/ros2_ws3/install/action_tutorials_interfaces/share/action_tutorials_interfaces/cmake/rosidl_cmake-extras.cmake
[19.422s] -- Up-to-date: /home/mahmoud/Desktop/ROS2/ros2_ws3/install/action_tutorials_interfaces/share/action_tutorials_interfaces/cmake/ament_cmake_export_dependencies-extras.cmake
[19.422s] -- Up-to-date: /home/mahmoud/Desktop/ROS2/ros2_ws3/install/action_tutorials_interfaces/share/action_tutorials_interfaces/cmake/ament_cmake_export_include_directories-extras.cmake
[19.422s] -- Up-to-date: /home/mahmoud/Desktop/ROS2/ros2_ws3/install/action_tutorials_interfaces/share/action_tutorials_interfaces/cmake/ament_cmake_export_libraries-extras.cmake
[19.424s] -- Up-to-date: /home/mahmoud/Desktop/ROS2/ros2_ws3/install/action_tutorials_interfaces/share/action_tutorials_interfaces/cmake/ament_cmake_export_targets-extras.cmake
[19.424s] -- Up-to-date: /home/mahmoud/Desktop/ROS2/ros2_ws3/install/action_tutorials_interfaces/share/action_tutorials_interfaces/cmake/rosidl_cmake_export_typesupport_targets-extras.cmake
[19.425s] -- Up-to-date: /home/mahmoud/Desktop/ROS2/ros2_ws3/install/action_tutorials_interfaces/share/action_tutorials_interfaces/cmake/rosidl_cmake_export_typesupport_libraries-extras.cmake
[19.425s] -- Up-to-date: /home/mahmoud/Desktop/ROS2/ros2_ws3/install/action_tutorials_interfaces/share/action_tutorials_interfaces/cmake/action_tutorials_interfacesConfig.cmake
[19.427s] -- Up-to-date: /home/mahmoud/Desktop/ROS2/ros2_ws3/install/action_tutorials_interfaces/share/action_tutorials_interfaces/cmake/action_tutorials_interfacesConfig-version.cmake
[19.427s] -- Up-to-date: /home/mahmoud/Desktop/ROS2/ros2_ws3/install/action_tutorials_interfaces/share/action_tutorials_interfaces/package.xml
[19.427s] Invoked command in '/home/mahmoud/Desktop/ROS2/ros2_ws3/build/action_tutorials_interfaces' returned '0': CMAKE_PREFIX_PATH=${CMAKE_PREFIX_PATH}:/opt/ros/humble /usr/bin/cmake --install /home/mahmoud/Desktop/ROS2/ros2_ws3/build/action_tutorials_interfaces
