[0.078s] Invoking command in '/home/mahmoud/Desktop/ROS2/ros2_ws3/build/action_tutorials_cpp': CMAKE_PREFIX_PATH=/home/mahmoud/Desktop/ROS2/ros2_ws3/install/action_tutorials_interfaces:/home/mahmoud/Desktop/ROS2/ros2_ws3/install/action_tutorials_cpp:/home/mahmoud/Desktop/ROS2/ros2_ws3/install/cpp_srvcli_threeints:/home/mahmoud/Desktop/ROS2/ros2_ws3/install/tutorial_interfaces:/home/mahmoud/Desktop/ROS2/ros2_ws3/install/more_interfaces:/home/mahmoud/Desktop/ROS2/ros2_ws3/install/cpp_srvcli:/home/mahmoud/Desktop/ROS2/ros2_ws3/install/cpp_pubsub:/home/mahmoud/Desktop/ROS2/ros2_ws3/install/CPP_SrvClient_FourInts:/opt/ros/humble LD_LIBRARY_PATH=/home/mahmoud/Desktop/ROS2/ros2_ws3/install/action_tutorials_interfaces/lib:/home/mahmoud/Desktop/ROS2/ros2_ws3/install/action_tutorials_cpp/lib:/home/mahmoud/Desktop/ROS2/ros2_ws3/install/tutorial_interfaces/lib:/home/mahmoud/Desktop/ROS2/ros2_ws3/install/more_interfaces/lib:/opt/ros/humble/opt/rviz_ogre_vendor/lib:/opt/ros/humble/lib/x86_64-linux-gnu:/opt/ros/humble/lib /usr/bin/cmake --build /home/mahmoud/Desktop/ROS2/ros2_ws3/build/action_tutorials_cpp -- -j2 -l2
[0.235s] [ 12%] [32mBuilding CXX object CMakeFiles/action_server.dir/src/fibonacci_action_server.cpp.o[0m
[0.262s] [ 37%] Built target fibonacci_action_server
[0.304s] [35m[1mConsolidate compiler generated dependencies of target action_client[0m
[0.386s] [ 62%] Built target action_client
[0.405s] [35m[1mConsolidate compiler generated dependencies of target fibonacci_action_client[0m
[0.460s] [ 87%] Built target fibonacci_action_client
[8.106s] [100%] [32m[1mLinking CXX shared library libaction_server.so[0m
[8.393s] [100%] Built target action_server
[8.412s] Invoked command in '/home/mahmoud/Desktop/ROS2/ros2_ws3/build/action_tutorials_cpp' returned '0': CMAKE_PREFIX_PATH=/home/mahmoud/Desktop/ROS2/ros2_ws3/install/action_tutorials_interfaces:/home/mahmoud/Desktop/ROS2/ros2_ws3/install/action_tutorials_cpp:/home/mahmoud/Desktop/ROS2/ros2_ws3/install/cpp_srvcli_threeints:/home/mahmoud/Desktop/ROS2/ros2_ws3/install/tutorial_interfaces:/home/mahmoud/Desktop/ROS2/ros2_ws3/install/more_interfaces:/home/mahmoud/Desktop/ROS2/ros2_ws3/install/cpp_srvcli:/home/mahmoud/Desktop/ROS2/ros2_ws3/install/cpp_pubsub:/home/mahmoud/Desktop/ROS2/ros2_ws3/install/CPP_SrvClient_FourInts:/opt/ros/humble LD_LIBRARY_PATH=/home/mahmoud/Desktop/ROS2/ros2_ws3/install/action_tutorials_interfaces/lib:/home/mahmoud/Desktop/ROS2/ros2_ws3/install/action_tutorials_cpp/lib:/home/mahmoud/Desktop/ROS2/ros2_ws3/install/tutorial_interfaces/lib:/home/mahmoud/Desktop/ROS2/ros2_ws3/install/more_interfaces/lib:/opt/ros/humble/opt/rviz_ogre_vendor/lib:/opt/ros/humble/lib/x86_64-linux-gnu:/opt/ros/humble/lib /usr/bin/cmake --build /home/mahmoud/Desktop/ROS2/ros2_ws3/build/action_tutorials_cpp -- -j2 -l2
[8.432s] Invoking command in '/home/mahmoud/Desktop/ROS2/ros2_ws3/build/action_tutorials_cpp': CMAKE_PREFIX_PATH=/home/mahmoud/Desktop/ROS2/ros2_ws3/install/action_tutorials_interfaces:/home/mahmoud/Desktop/ROS2/ros2_ws3/install/action_tutorials_cpp:/home/mahmoud/Desktop/ROS2/ros2_ws3/install/cpp_srvcli_threeints:/home/mahmoud/Desktop/ROS2/ros2_ws3/install/tutorial_interfaces:/home/mahmoud/Desktop/ROS2/ros2_ws3/install/more_interfaces:/home/mahmoud/Desktop/ROS2/ros2_ws3/install/cpp_srvcli:/home/mahmoud/Desktop/ROS2/ros2_ws3/install/cpp_pubsub:/home/mahmoud/Desktop/ROS2/ros2_ws3/install/CPP_SrvClient_FourInts:/opt/ros/humble LD_LIBRARY_PATH=/home/mahmoud/Desktop/ROS2/ros2_ws3/install/action_tutorials_interfaces/lib:/home/mahmoud/Desktop/ROS2/ros2_ws3/install/action_tutorials_cpp/lib:/home/mahmoud/Desktop/ROS2/ros2_ws3/install/tutorial_interfaces/lib:/home/mahmoud/Desktop/ROS2/ros2_ws3/install/more_interfaces/lib:/opt/ros/humble/opt/rviz_ogre_vendor/lib:/opt/ros/humble/lib/x86_64-linux-gnu:/opt/ros/humble/lib /usr/bin/cmake --install /home/mahmoud/Desktop/ROS2/ros2_ws3/build/action_tutorials_cpp
[8.445s] -- Install configuration: ""
[8.448s] -- Up-to-date: /home/mahmoud/Desktop/ROS2/ros2_ws3/install/action_tutorials_cpp/lib/action_tutorials_cpp/fibonacci_action_server
[8.448s] -- Installing: /home/mahmoud/Desktop/ROS2/ros2_ws3/install/action_tutorials_cpp/lib/libaction_server.so
[8.453s] -- Set runtime path of "/home/mahmoud/Desktop/ROS2/ros2_ws3/install/action_tutorials_cpp/lib/libaction_server.so" to ""
[8.453s] -- Up-to-date: /home/mahmoud/Desktop/ROS2/ros2_ws3/install/action_tutorials_cpp/lib/action_tutorials_cpp/fibonacci_action_client
[8.456s] -- Up-to-date: /home/mahmoud/Desktop/ROS2/ros2_ws3/install/action_tutorials_cpp/lib/libaction_client.so
[8.456s] -- Up-to-date: /home/mahmoud/Desktop/ROS2/ros2_ws3/install/action_tutorials_cpp/share/ament_index/resource_index/package_run_dependencies/action_tutorials_cpp
[8.456s] -- Up-to-date: /home/mahmoud/Desktop/ROS2/ros2_ws3/install/action_tutorials_cpp/share/ament_index/resource_index/parent_prefix_path/action_tutorials_cpp
[8.456s] -- Up-to-date: /home/mahmoud/Desktop/ROS2/ros2_ws3/install/action_tutorials_cpp/share/action_tutorials_cpp/environment/ament_prefix_path.sh
[8.456s] -- Up-to-date: /home/mahmoud/Desktop/ROS2/ros2_ws3/install/action_tutorials_cpp/share/action_tutorials_cpp/environment/ament_prefix_path.dsv
[8.456s] -- Up-to-date: /home/mahmoud/Desktop/ROS2/ros2_ws3/install/action_tutorials_cpp/share/action_tutorials_cpp/environment/path.sh
[8.456s] -- Up-to-date: /home/mahmoud/Desktop/ROS2/ros2_ws3/install/action_tutorials_cpp/share/action_tutorials_cpp/environment/path.dsv
[8.460s] -- Up-to-date: /home/mahmoud/Desktop/ROS2/ros2_ws3/install/action_tutorials_cpp/share/action_tutorials_cpp/local_setup.bash
[8.460s] -- Up-to-date: /home/mahmoud/Desktop/ROS2/ros2_ws3/install/action_tutorials_cpp/share/action_tutorials_cpp/local_setup.sh
[8.460s] -- Up-to-date: /home/mahmoud/Desktop/ROS2/ros2_ws3/install/action_tutorials_cpp/share/action_tutorials_cpp/local_setup.zsh
[8.460s] -- Up-to-date: /home/mahmoud/Desktop/ROS2/ros2_ws3/install/action_tutorials_cpp/share/action_tutorials_cpp/local_setup.dsv
[8.460s] -- Installing: /home/mahmoud/Desktop/ROS2/ros2_ws3/install/action_tutorials_cpp/share/action_tutorials_cpp/package.dsv
[8.460s] -- Up-to-date: /home/mahmoud/Desktop/ROS2/ros2_ws3/install/action_tutorials_cpp/share/ament_index/resource_index/packages/action_tutorials_cpp
[8.461s] -- Up-to-date: /home/mahmoud/Desktop/ROS2/ros2_ws3/install/action_tutorials_cpp/share/ament_index/resource_index/rclcpp_components/action_tutorials_cpp
[8.461s] -- Up-to-date: /home/mahmoud/Desktop/ROS2/ros2_ws3/install/action_tutorials_cpp/share/action_tutorials_cpp/cmake/action_tutorials_cppConfig.cmake
[8.461s] -- Up-to-date: /home/mahmoud/Desktop/ROS2/ros2_ws3/install/action_tutorials_cpp/share/action_tutorials_cpp/cmake/action_tutorials_cppConfig-version.cmake
[8.461s] -- Up-to-date: /home/mahmoud/Desktop/ROS2/ros2_ws3/install/action_tutorials_cpp/share/action_tutorials_cpp/package.xml
[8.465s] Invoked command in '/home/mahmoud/Desktop/ROS2/ros2_ws3/build/action_tutorials_cpp' returned '0': CMAKE_PREFIX_PATH=/home/mahmoud/Desktop/ROS2/ros2_ws3/install/action_tutorials_interfaces:/home/mahmoud/Desktop/ROS2/ros2_ws3/install/action_tutorials_cpp:/home/mahmoud/Desktop/ROS2/ros2_ws3/install/cpp_srvcli_threeints:/home/mahmoud/Desktop/ROS2/ros2_ws3/install/tutorial_interfaces:/home/mahmoud/Desktop/ROS2/ros2_ws3/install/more_interfaces:/home/mahmoud/Desktop/ROS2/ros2_ws3/install/cpp_srvcli:/home/mahmoud/Desktop/ROS2/ros2_ws3/install/cpp_pubsub:/home/mahmoud/Desktop/ROS2/ros2_ws3/install/CPP_SrvClient_FourInts:/opt/ros/humble LD_LIBRARY_PATH=/home/mahmoud/Desktop/ROS2/ros2_ws3/install/action_tutorials_interfaces/lib:/home/mahmoud/Desktop/ROS2/ros2_ws3/install/action_tutorials_cpp/lib:/home/mahmoud/Desktop/ROS2/ros2_ws3/install/tutorial_interfaces/lib:/home/mahmoud/Desktop/ROS2/ros2_ws3/install/more_interfaces/lib:/opt/ros/humble/opt/rviz_ogre_vendor/lib:/opt/ros/humble/lib/x86_64-linux-gnu:/opt/ros/humble/lib /usr/bin/cmake --install /home/mahmoud/Desktop/ROS2/ros2_ws3/build/action_tutorials_cpp
