[0.201s] DEBUG:colcon:Command line arguments: ['/usr/bin/colcon', 'build', '--packages-select', 'action_tutorials_cpp']
[0.202s] DEBUG:colcon:Parsed command line arguments: Namespace(log_base=None, log_level=None, verb_name='build', build_base='build', install_base='install', merge_install=False, symlink_install=False, test_result_base=None, continue_on_error=False, executor='parallel', parallel_workers=2, event_handlers=None, ignore_user_meta=False, metas=['./colcon.meta'], base_paths=['.'], packages_ignore=None, packages_ignore_regex=None, paths=None, packages_up_to=None, packages_up_to_regex=None, packages_above=None, packages_above_and_dependencies=None, packages_above_depth=None, packages_select_by_dep=None, packages_skip_by_dep=None, packages_skip_up_to=None, packages_select_build_failed=False, packages_skip_build_finished=False, packages_select_test_failures=False, packages_skip_test_passed=False, packages_select=['action_tutorials_cpp'], packages_skip=None, packages_select_regex=None, packages_skip_regex=None, packages_start=None, packages_end=None, allow_overriding=[], cmake_args=None, cmake_target=None, cmake_target_skip_unavailable=False, cmake_clean_cache=False, cmake_clean_first=False, cmake_force_configure=False, ament_cmake_args=None, catkin_cmake_args=None, catkin_skip_building_tests=False, mixin_files=None, mixin=None, verb_parser=<colcon_mixin.mixin.mixin_argument.MixinArgumentDecorator object at 0x7ab07f34e050>, verb_extension=<colcon_core.verb.build.BuildVerb object at 0x7ab07f45afe0>, main=<bound method BuildVerb.main of <colcon_core.verb.build.BuildVerb object at 0x7ab07f45afe0>>, mixin_verb=('build',))
[0.494s] Level 1:colcon.colcon_core.package_discovery:discover_packages(colcon_meta) check parameters
[0.495s] Level 1:colcon.colcon_core.package_discovery:discover_packages(recursive) check parameters
[0.495s] Level 1:colcon.colcon_core.package_discovery:discover_packages(ignore) check parameters
[0.495s] Level 1:colcon.colcon_core.package_discovery:discover_packages(path) check parameters
[0.495s] Level 1:colcon.colcon_core.package_discovery:discover_packages(colcon_meta) discover
[0.495s] Level 1:colcon.colcon_core.package_discovery:discover_packages(recursive) discover
[0.495s] INFO:colcon.colcon_core.package_discovery:Crawling recursively for packages in '/home/mahmoud/Desktop/ROS2/ros2_ws3'
[0.495s] Level 1:colcon.colcon_core.package_identification:_identify(.) by extensions ['ignore', 'ignore_ament_install']
[0.495s] Level 1:colcon.colcon_core.package_identification:_identify(.) by extension 'ignore'
[0.495s] Level 1:colcon.colcon_core.package_identification:_identify(.) by extension 'ignore_ament_install'
[0.495s] Level 1:colcon.colcon_core.package_identification:_identify(.) by extensions ['colcon_pkg']
[0.495s] Level 1:colcon.colcon_core.package_identification:_identify(.) by extension 'colcon_pkg'
[0.495s] Level 1:colcon.colcon_core.package_identification:_identify(.) by extensions ['colcon_meta']
[0.495s] Level 1:colcon.colcon_core.package_identification:_identify(.) by extension 'colcon_meta'
[0.496s] Level 1:colcon.colcon_core.package_identification:_identify(.) by extensions ['ros']
[0.496s] Level 1:colcon.colcon_core.package_identification:_identify(.) by extension 'ros'
[0.514s] Level 1:colcon.colcon_core.package_identification:_identify(.) by extensions ['cmake', 'python']
[0.514s] Level 1:colcon.colcon_core.package_identification:_identify(.) by extension 'cmake'
[0.514s] Level 1:colcon.colcon_core.package_identification:_identify(.) by extension 'python'
[0.514s] Level 1:colcon.colcon_core.package_identification:_identify(.) by extensions ['python_setup_py']
[0.514s] Level 1:colcon.colcon_core.package_identification:_identify(.) by extension 'python_setup_py'
[0.514s] Level 1:colcon.colcon_core.package_identification:_identify(build) by extensions ['ignore', 'ignore_ament_install']
[0.514s] Level 1:colcon.colcon_core.package_identification:_identify(build) by extension 'ignore'
[0.514s] Level 1:colcon.colcon_core.package_identification:_identify(build) ignored
[0.514s] Level 1:colcon.colcon_core.package_identification:_identify(install) by extensions ['ignore', 'ignore_ament_install']
[0.515s] Level 1:colcon.colcon_core.package_identification:_identify(install) by extension 'ignore'
[0.515s] Level 1:colcon.colcon_core.package_identification:_identify(install) ignored
[0.515s] Level 1:colcon.colcon_core.package_identification:_identify(log) by extensions ['ignore', 'ignore_ament_install']
[0.515s] Level 1:colcon.colcon_core.package_identification:_identify(log) by extension 'ignore'
[0.515s] Level 1:colcon.colcon_core.package_identification:_identify(log) ignored
[0.515s] Level 1:colcon.colcon_core.package_identification:_identify(src) by extensions ['ignore', 'ignore_ament_install']
[0.515s] Level 1:colcon.colcon_core.package_identification:_identify(src) by extension 'ignore'
[0.515s] Level 1:colcon.colcon_core.package_identification:_identify(src) by extension 'ignore_ament_install'
[0.515s] Level 1:colcon.colcon_core.package_identification:_identify(src) by extensions ['colcon_pkg']
[0.516s] Level 1:colcon.colcon_core.package_identification:_identify(src) by extension 'colcon_pkg'
[0.516s] Level 1:colcon.colcon_core.package_identification:_identify(src) by extensions ['colcon_meta']
[0.516s] Level 1:colcon.colcon_core.package_identification:_identify(src) by extension 'colcon_meta'
[0.516s] Level 1:colcon.colcon_core.package_identification:_identify(src) by extensions ['ros']
[0.516s] Level 1:colcon.colcon_core.package_identification:_identify(src) by extension 'ros'
[0.516s] Level 1:colcon.colcon_core.package_identification:_identify(src) by extensions ['cmake', 'python']
[0.516s] Level 1:colcon.colcon_core.package_identification:_identify(src) by extension 'cmake'
[0.516s] Level 1:colcon.colcon_core.package_identification:_identify(src) by extension 'python'
[0.516s] Level 1:colcon.colcon_core.package_identification:_identify(src) by extensions ['python_setup_py']
[0.516s] Level 1:colcon.colcon_core.package_identification:_identify(src) by extension 'python_setup_py'
[0.516s] Level 1:colcon.colcon_core.package_identification:_identify(src/CPP_SrvClient_FourInts) by extensions ['ignore', 'ignore_ament_install']
[0.516s] Level 1:colcon.colcon_core.package_identification:_identify(src/CPP_SrvClient_FourInts) by extension 'ignore'
[0.516s] Level 1:colcon.colcon_core.package_identification:_identify(src/CPP_SrvClient_FourInts) by extension 'ignore_ament_install'
[0.517s] Level 1:colcon.colcon_core.package_identification:_identify(src/CPP_SrvClient_FourInts) by extensions ['colcon_pkg']
[0.517s] Level 1:colcon.colcon_core.package_identification:_identify(src/CPP_SrvClient_FourInts) by extension 'colcon_pkg'
[0.517s] Level 1:colcon.colcon_core.package_identification:_identify(src/CPP_SrvClient_FourInts) by extensions ['colcon_meta']
[0.517s] Level 1:colcon.colcon_core.package_identification:_identify(src/CPP_SrvClient_FourInts) by extension 'colcon_meta'
[0.517s] Level 1:colcon.colcon_core.package_identification:_identify(src/CPP_SrvClient_FourInts) by extensions ['ros']
[0.517s] Level 1:colcon.colcon_core.package_identification:_identify(src/CPP_SrvClient_FourInts) by extension 'ros'
[0.520s] DEBUG:colcon.colcon_core.package_identification:Package 'src/CPP_SrvClient_FourInts' with type 'ros.ament_cmake' and name 'CPP_SrvClient_FourInts'
[0.521s] Level 1:colcon.colcon_core.package_identification:_identify(src/action_tutorials_cpp) by extensions ['ignore', 'ignore_ament_install']
[0.521s] Level 1:colcon.colcon_core.package_identification:_identify(src/action_tutorials_cpp) by extension 'ignore'
[0.521s] Level 1:colcon.colcon_core.package_identification:_identify(src/action_tutorials_cpp) by extension 'ignore_ament_install'
[0.521s] Level 1:colcon.colcon_core.package_identification:_identify(src/action_tutorials_cpp) by extensions ['colcon_pkg']
[0.521s] Level 1:colcon.colcon_core.package_identification:_identify(src/action_tutorials_cpp) by extension 'colcon_pkg'
[0.521s] Level 1:colcon.colcon_core.package_identification:_identify(src/action_tutorials_cpp) by extensions ['colcon_meta']
[0.521s] Level 1:colcon.colcon_core.package_identification:_identify(src/action_tutorials_cpp) by extension 'colcon_meta'
[0.522s] Level 1:colcon.colcon_core.package_identification:_identify(src/action_tutorials_cpp) by extensions ['ros']
[0.522s] Level 1:colcon.colcon_core.package_identification:_identify(src/action_tutorials_cpp) by extension 'ros'
[0.523s] DEBUG:colcon.colcon_core.package_identification:Package 'src/action_tutorials_cpp' with type 'ros.ament_cmake' and name 'action_tutorials_cpp'
[0.523s] Level 1:colcon.colcon_core.package_identification:_identify(src/action_tutorials_interfaces) by extensions ['ignore', 'ignore_ament_install']
[0.524s] Level 1:colcon.colcon_core.package_identification:_identify(src/action_tutorials_interfaces) by extension 'ignore'
[0.524s] Level 1:colcon.colcon_core.package_identification:_identify(src/action_tutorials_interfaces) by extension 'ignore_ament_install'
[0.524s] Level 1:colcon.colcon_core.package_identification:_identify(src/action_tutorials_interfaces) by extensions ['colcon_pkg']
[0.524s] Level 1:colcon.colcon_core.package_identification:_identify(src/action_tutorials_interfaces) by extension 'colcon_pkg'
[0.524s] Level 1:colcon.colcon_core.package_identification:_identify(src/action_tutorials_interfaces) by extensions ['colcon_meta']
[0.524s] Level 1:colcon.colcon_core.package_identification:_identify(src/action_tutorials_interfaces) by extension 'colcon_meta'
[0.524s] Level 1:colcon.colcon_core.package_identification:_identify(src/action_tutorials_interfaces) by extensions ['ros']
[0.524s] Level 1:colcon.colcon_core.package_identification:_identify(src/action_tutorials_interfaces) by extension 'ros'
[0.525s] DEBUG:colcon.colcon_core.package_identification:Package 'src/action_tutorials_interfaces' with type 'ros.ament_cmake' and name 'action_tutorials_interfaces'
[0.525s] Level 1:colcon.colcon_core.package_identification:_identify(src/cpp_parameters) by extensions ['ignore', 'ignore_ament_install']
[0.526s] Level 1:colcon.colcon_core.package_identification:_identify(src/cpp_parameters) by extension 'ignore'
[0.526s] Level 1:colcon.colcon_core.package_identification:_identify(src/cpp_parameters) by extension 'ignore_ament_install'
[0.526s] Level 1:colcon.colcon_core.package_identification:_identify(src/cpp_parameters) by extensions ['colcon_pkg']
[0.526s] Level 1:colcon.colcon_core.package_identification:_identify(src/cpp_parameters) by extension 'colcon_pkg'
[0.526s] Level 1:colcon.colcon_core.package_identification:_identify(src/cpp_parameters) by extensions ['colcon_meta']
[0.526s] Level 1:colcon.colcon_core.package_identification:_identify(src/cpp_parameters) by extension 'colcon_meta'
[0.526s] Level 1:colcon.colcon_core.package_identification:_identify(src/cpp_parameters) by extensions ['ros']
[0.526s] Level 1:colcon.colcon_core.package_identification:_identify(src/cpp_parameters) by extension 'ros'
[0.527s] DEBUG:colcon.colcon_core.package_identification:Package 'src/cpp_parameters' with type 'ros.ament_cmake' and name 'cpp_parameters'
[0.527s] Level 1:colcon.colcon_core.package_identification:_identify(src/cpp_pubsub) by extensions ['ignore', 'ignore_ament_install']
[0.528s] Level 1:colcon.colcon_core.package_identification:_identify(src/cpp_pubsub) by extension 'ignore'
[0.528s] Level 1:colcon.colcon_core.package_identification:_identify(src/cpp_pubsub) by extension 'ignore_ament_install'
[0.528s] Level 1:colcon.colcon_core.package_identification:_identify(src/cpp_pubsub) by extensions ['colcon_pkg']
[0.528s] Level 1:colcon.colcon_core.package_identification:_identify(src/cpp_pubsub) by extension 'colcon_pkg'
[0.528s] Level 1:colcon.colcon_core.package_identification:_identify(src/cpp_pubsub) by extensions ['colcon_meta']
[0.528s] Level 1:colcon.colcon_core.package_identification:_identify(src/cpp_pubsub) by extension 'colcon_meta'
[0.528s] Level 1:colcon.colcon_core.package_identification:_identify(src/cpp_pubsub) by extensions ['ros']
[0.528s] Level 1:colcon.colcon_core.package_identification:_identify(src/cpp_pubsub) by extension 'ros'
[0.529s] DEBUG:colcon.colcon_core.package_identification:Package 'src/cpp_pubsub' with type 'ros.ament_cmake' and name 'cpp_pubsub'
[0.530s] Level 1:colcon.colcon_core.package_identification:_identify(src/cpp_srvcli) by extensions ['ignore', 'ignore_ament_install']
[0.530s] Level 1:colcon.colcon_core.package_identification:_identify(src/cpp_srvcli) by extension 'ignore'
[0.530s] Level 1:colcon.colcon_core.package_identification:_identify(src/cpp_srvcli) by extension 'ignore_ament_install'
[0.530s] Level 1:colcon.colcon_core.package_identification:_identify(src/cpp_srvcli) by extensions ['colcon_pkg']
[0.530s] Level 1:colcon.colcon_core.package_identification:_identify(src/cpp_srvcli) by extension 'colcon_pkg'
[0.530s] Level 1:colcon.colcon_core.package_identification:_identify(src/cpp_srvcli) by extensions ['colcon_meta']
[0.530s] Level 1:colcon.colcon_core.package_identification:_identify(src/cpp_srvcli) by extension 'colcon_meta'
[0.530s] Level 1:colcon.colcon_core.package_identification:_identify(src/cpp_srvcli) by extensions ['ros']
[0.530s] Level 1:colcon.colcon_core.package_identification:_identify(src/cpp_srvcli) by extension 'ros'
[0.532s] DEBUG:colcon.colcon_core.package_identification:Package 'src/cpp_srvcli' with type 'ros.ament_cmake' and name 'cpp_srvcli'
[0.532s] Level 1:colcon.colcon_core.package_identification:_identify(src/cpp_srvcli_threeints) by extensions ['ignore', 'ignore_ament_install']
[0.532s] Level 1:colcon.colcon_core.package_identification:_identify(src/cpp_srvcli_threeints) by extension 'ignore'
[0.532s] Level 1:colcon.colcon_core.package_identification:_identify(src/cpp_srvcli_threeints) by extension 'ignore_ament_install'
[0.532s] Level 1:colcon.colcon_core.package_identification:_identify(src/cpp_srvcli_threeints) by extensions ['colcon_pkg']
[0.532s] Level 1:colcon.colcon_core.package_identification:_identify(src/cpp_srvcli_threeints) by extension 'colcon_pkg'
[0.532s] Level 1:colcon.colcon_core.package_identification:_identify(src/cpp_srvcli_threeints) by extensions ['colcon_meta']
[0.532s] Level 1:colcon.colcon_core.package_identification:_identify(src/cpp_srvcli_threeints) by extension 'colcon_meta'
[0.532s] Level 1:colcon.colcon_core.package_identification:_identify(src/cpp_srvcli_threeints) by extensions ['ros']
[0.532s] Level 1:colcon.colcon_core.package_identification:_identify(src/cpp_srvcli_threeints) by extension 'ros'
[0.534s] DEBUG:colcon.colcon_core.package_identification:Package 'src/cpp_srvcli_threeints' with type 'ros.ament_cmake' and name 'cpp_srvcli_threeints'
[0.534s] Level 1:colcon.colcon_core.package_identification:_identify(src/more_interfaces) by extensions ['ignore', 'ignore_ament_install']
[0.534s] Level 1:colcon.colcon_core.package_identification:_identify(src/more_interfaces) by extension 'ignore'
[0.534s] Level 1:colcon.colcon_core.package_identification:_identify(src/more_interfaces) by extension 'ignore_ament_install'
[0.535s] Level 1:colcon.colcon_core.package_identification:_identify(src/more_interfaces) by extensions ['colcon_pkg']
[0.535s] Level 1:colcon.colcon_core.package_identification:_identify(src/more_interfaces) by extension 'colcon_pkg'
[0.535s] Level 1:colcon.colcon_core.package_identification:_identify(src/more_interfaces) by extensions ['colcon_meta']
[0.535s] Level 1:colcon.colcon_core.package_identification:_identify(src/more_interfaces) by extension 'colcon_meta'
[0.535s] Level 1:colcon.colcon_core.package_identification:_identify(src/more_interfaces) by extensions ['ros']
[0.535s] Level 1:colcon.colcon_core.package_identification:_identify(src/more_interfaces) by extension 'ros'
[0.536s] DEBUG:colcon.colcon_core.package_identification:Package 'src/more_interfaces' with type 'ros.ament_cmake' and name 'more_interfaces'
[0.536s] Level 1:colcon.colcon_core.package_identification:_identify(src/polygon_base) by extensions ['ignore', 'ignore_ament_install']
[0.536s] Level 1:colcon.colcon_core.package_identification:_identify(src/polygon_base) by extension 'ignore'
[0.536s] Level 1:colcon.colcon_core.package_identification:_identify(src/polygon_base) by extension 'ignore_ament_install'
[0.537s] Level 1:colcon.colcon_core.package_identification:_identify(src/polygon_base) by extensions ['colcon_pkg']
[0.537s] Level 1:colcon.colcon_core.package_identification:_identify(src/polygon_base) by extension 'colcon_pkg'
[0.537s] Level 1:colcon.colcon_core.package_identification:_identify(src/polygon_base) by extensions ['colcon_meta']
[0.537s] Level 1:colcon.colcon_core.package_identification:_identify(src/polygon_base) by extension 'colcon_meta'
[0.537s] Level 1:colcon.colcon_core.package_identification:_identify(src/polygon_base) by extensions ['ros']
[0.537s] Level 1:colcon.colcon_core.package_identification:_identify(src/polygon_base) by extension 'ros'
[0.538s] DEBUG:colcon.colcon_core.package_identification:Package 'src/polygon_base' with type 'ros.ament_cmake' and name 'polygon_base'
[0.538s] Level 1:colcon.colcon_core.package_identification:_identify(src/polygon_plugins) by extensions ['ignore', 'ignore_ament_install']
[0.538s] Level 1:colcon.colcon_core.package_identification:_identify(src/polygon_plugins) by extension 'ignore'
[0.538s] Level 1:colcon.colcon_core.package_identification:_identify(src/polygon_plugins) by extension 'ignore_ament_install'
[0.538s] Level 1:colcon.colcon_core.package_identification:_identify(src/polygon_plugins) by extensions ['colcon_pkg']
[0.538s] Level 1:colcon.colcon_core.package_identification:_identify(src/polygon_plugins) by extension 'colcon_pkg'
[0.538s] Level 1:colcon.colcon_core.package_identification:_identify(src/polygon_plugins) by extensions ['colcon_meta']
[0.539s] Level 1:colcon.colcon_core.package_identification:_identify(src/polygon_plugins) by extension 'colcon_meta'
[0.539s] Level 1:colcon.colcon_core.package_identification:_identify(src/polygon_plugins) by extensions ['ros']
[0.539s] Level 1:colcon.colcon_core.package_identification:_identify(src/polygon_plugins) by extension 'ros'
[0.540s] DEBUG:colcon.colcon_core.package_identification:Package 'src/polygon_plugins' with type 'ros.ament_cmake' and name 'polygon_plugins'
[0.540s] Level 1:colcon.colcon_core.package_identification:_identify(src/tutorial_interfaces) by extensions ['ignore', 'ignore_ament_install']
[0.540s] Level 1:colcon.colcon_core.package_identification:_identify(src/tutorial_interfaces) by extension 'ignore'
[0.540s] Level 1:colcon.colcon_core.package_identification:_identify(src/tutorial_interfaces) by extension 'ignore_ament_install'
[0.540s] Level 1:colcon.colcon_core.package_identification:_identify(src/tutorial_interfaces) by extensions ['colcon_pkg']
[0.540s] Level 1:colcon.colcon_core.package_identification:_identify(src/tutorial_interfaces) by extension 'colcon_pkg'
[0.540s] Level 1:colcon.colcon_core.package_identification:_identify(src/tutorial_interfaces) by extensions ['colcon_meta']
[0.540s] Level 1:colcon.colcon_core.package_identification:_identify(src/tutorial_interfaces) by extension 'colcon_meta'
[0.541s] Level 1:colcon.colcon_core.package_identification:_identify(src/tutorial_interfaces) by extensions ['ros']
[0.541s] Level 1:colcon.colcon_core.package_identification:_identify(src/tutorial_interfaces) by extension 'ros'
[0.542s] DEBUG:colcon.colcon_core.package_identification:Package 'src/tutorial_interfaces' with type 'ros.ament_cmake' and name 'tutorial_interfaces'
[0.542s] Level 1:colcon.colcon_core.package_discovery:discover_packages(recursive) using defaults
[0.542s] Level 1:colcon.colcon_core.package_discovery:discover_packages(ignore) discover
[0.542s] Level 1:colcon.colcon_core.package_discovery:discover_packages(ignore) using defaults
[0.542s] Level 1:colcon.colcon_core.package_discovery:discover_packages(path) discover
[0.542s] Level 1:colcon.colcon_core.package_discovery:discover_packages(path) using defaults
[0.603s] INFO:colcon.colcon_core.package_selection:Skipping not selected package 'CPP_SrvClient_FourInts' in 'src/CPP_SrvClient_FourInts'
[0.603s] INFO:colcon.colcon_core.package_selection:Skipping not selected package 'action_tutorials_interfaces' in 'src/action_tutorials_interfaces'
[0.603s] INFO:colcon.colcon_core.package_selection:Skipping not selected package 'cpp_parameters' in 'src/cpp_parameters'
[0.603s] INFO:colcon.colcon_core.package_selection:Skipping not selected package 'cpp_pubsub' in 'src/cpp_pubsub'
[0.603s] INFO:colcon.colcon_core.package_selection:Skipping not selected package 'cpp_srvcli' in 'src/cpp_srvcli'
[0.603s] INFO:colcon.colcon_core.package_selection:Skipping not selected package 'more_interfaces' in 'src/more_interfaces'
[0.603s] INFO:colcon.colcon_core.package_selection:Skipping not selected package 'polygon_base' in 'src/polygon_base'
[0.603s] INFO:colcon.colcon_core.package_selection:Skipping not selected package 'tutorial_interfaces' in 'src/tutorial_interfaces'
[0.603s] INFO:colcon.colcon_core.package_selection:Skipping not selected package 'cpp_srvcli_threeints' in 'src/cpp_srvcli_threeints'
[0.603s] INFO:colcon.colcon_core.package_selection:Skipping not selected package 'polygon_plugins' in 'src/polygon_plugins'
[0.604s] Level 1:colcon.colcon_core.package_discovery:discover_packages(prefix_path) check parameters
[0.604s] Level 1:colcon.colcon_core.package_discovery:discover_packages(prefix_path) discover
[0.607s] DEBUG:colcon.colcon_installed_package_information.package_discovery:Found 7 installed packages in /home/mahmoud/Desktop/ROS2/ros2_ws3/install
[0.609s] DEBUG:colcon.colcon_installed_package_information.package_discovery:Found 271 installed packages in /opt/ros/humble
[0.613s] Level 1:colcon.colcon_core.package_discovery:discover_packages(prefix_path) using defaults
[0.689s] WARNING:colcon.colcon_core.package_selection:Some selected packages are already built in one or more underlay workspaces:
	'action_tutorials_cpp' is in: /opt/ros/humble
If a package in a merged underlay workspace is overridden and it installs headers, then all packages in the overlay must sort their include directories by workspace order. Failure to do so may result in build failures or undefined behavior at run time.
If the overridden package is used by another package in any underlay, then the overriding package in the overlay must be API and ABI compatible or undefined behavior at run time may occur.

If you understand the risks and want to override a package anyways, add the following to the command line:
	--allow-overriding action_tutorials_cpp

This may be promoted to an error in a future release of colcon-override-check.
[0.690s] Level 5:colcon.colcon_core.verb:set package 'action_tutorials_cpp' build argument 'cmake_args' from command line to 'None'
[0.690s] Level 5:colcon.colcon_core.verb:set package 'action_tutorials_cpp' build argument 'cmake_target' from command line to 'None'
[0.691s] Level 5:colcon.colcon_core.verb:set package 'action_tutorials_cpp' build argument 'cmake_target_skip_unavailable' from command line to 'False'
[0.691s] Level 5:colcon.colcon_core.verb:set package 'action_tutorials_cpp' build argument 'cmake_clean_cache' from command line to 'False'
[0.691s] Level 5:colcon.colcon_core.verb:set package 'action_tutorials_cpp' build argument 'cmake_clean_first' from command line to 'False'
[0.691s] Level 5:colcon.colcon_core.verb:set package 'action_tutorials_cpp' build argument 'cmake_force_configure' from command line to 'False'
[0.691s] Level 5:colcon.colcon_core.verb:set package 'action_tutorials_cpp' build argument 'ament_cmake_args' from command line to 'None'
[0.691s] Level 5:colcon.colcon_core.verb:set package 'action_tutorials_cpp' build argument 'catkin_cmake_args' from command line to 'None'
[0.691s] Level 5:colcon.colcon_core.verb:set package 'action_tutorials_cpp' build argument 'catkin_skip_building_tests' from command line to 'False'
[0.691s] DEBUG:colcon.colcon_core.verb:Building package 'action_tutorials_cpp' with the following arguments: {'ament_cmake_args': None, 'build_base': '/home/mahmoud/Desktop/ROS2/ros2_ws3/build/action_tutorials_cpp', 'catkin_cmake_args': None, 'catkin_skip_building_tests': False, 'cmake_args': None, 'cmake_clean_cache': False, 'cmake_clean_first': False, 'cmake_force_configure': False, 'cmake_target': None, 'cmake_target_skip_unavailable': False, 'install_base': '/home/mahmoud/Desktop/ROS2/ros2_ws3/install/action_tutorials_cpp', 'merge_install': False, 'path': '/home/mahmoud/Desktop/ROS2/ros2_ws3/src/action_tutorials_cpp', 'symlink_install': False, 'test_result_base': None}
[0.691s] INFO:colcon.colcon_core.executor:Executing jobs using 'parallel' executor
[0.693s] DEBUG:colcon.colcon_parallel_executor.executor.parallel:run_until_complete
[0.693s] INFO:colcon.colcon_ros.task.ament_cmake.build:Building ROS package in '/home/mahmoud/Desktop/ROS2/ros2_ws3/src/action_tutorials_cpp' with build type 'ament_cmake'
[0.693s] INFO:colcon.colcon_cmake.task.cmake.build:Building CMake package in '/home/mahmoud/Desktop/ROS2/ros2_ws3/src/action_tutorials_cpp'
[0.699s] INFO:colcon.colcon_core.plugin_system:Skipping extension 'colcon_core.shell.bat': Not used on non-Windows systems
[0.699s] INFO:colcon.colcon_core.shell:Skip shell extension 'powershell' for command environment: Not usable outside of PowerShell
[0.699s] DEBUG:colcon.colcon_core.shell:Skip shell extension 'dsv' for command environment
[0.724s] DEBUG:colcon.colcon_core.event_handler.log_command:Invoking command in '/home/mahmoud/Desktop/ROS2/ros2_ws3/build/action_tutorials_cpp': CMAKE_PREFIX_PATH=/home/mahmoud/Desktop/ROS2/ros2_ws3/install/action_tutorials_interfaces:/home/mahmoud/Desktop/ROS2/ros2_ws3/install/cpp_srvcli_threeints:/home/mahmoud/Desktop/ROS2/ros2_ws3/install/tutorial_interfaces:/home/mahmoud/Desktop/ROS2/ros2_ws3/install/more_interfaces:/home/mahmoud/Desktop/ROS2/ros2_ws3/install/cpp_srvcli:/home/mahmoud/Desktop/ROS2/ros2_ws3/install/cpp_pubsub:/home/mahmoud/Desktop/ROS2/ros2_ws3/install/CPP_SrvClient_FourInts:/opt/ros/humble /usr/bin/cmake /home/mahmoud/Desktop/ROS2/ros2_ws3/src/action_tutorials_cpp -DCMAKE_INSTALL_PREFIX=/home/mahmoud/Desktop/ROS2/ros2_ws3/install/action_tutorials_cpp
[4.383s] DEBUG:colcon.colcon_core.event_handler.log_command:Invoked command in '/home/mahmoud/Desktop/ROS2/ros2_ws3/build/action_tutorials_cpp' returned '0': CMAKE_PREFIX_PATH=/home/mahmoud/Desktop/ROS2/ros2_ws3/install/action_tutorials_interfaces:/home/mahmoud/Desktop/ROS2/ros2_ws3/install/cpp_srvcli_threeints:/home/mahmoud/Desktop/ROS2/ros2_ws3/install/tutorial_interfaces:/home/mahmoud/Desktop/ROS2/ros2_ws3/install/more_interfaces:/home/mahmoud/Desktop/ROS2/ros2_ws3/install/cpp_srvcli:/home/mahmoud/Desktop/ROS2/ros2_ws3/install/cpp_pubsub:/home/mahmoud/Desktop/ROS2/ros2_ws3/install/CPP_SrvClient_FourInts:/opt/ros/humble /usr/bin/cmake /home/mahmoud/Desktop/ROS2/ros2_ws3/src/action_tutorials_cpp -DCMAKE_INSTALL_PREFIX=/home/mahmoud/Desktop/ROS2/ros2_ws3/install/action_tutorials_cpp
[4.384s] DEBUG:colcon.colcon_core.event_handler.log_command:Invoking command in '/home/mahmoud/Desktop/ROS2/ros2_ws3/build/action_tutorials_cpp': CMAKE_PREFIX_PATH=/home/mahmoud/Desktop/ROS2/ros2_ws3/install/action_tutorials_interfaces:/home/mahmoud/Desktop/ROS2/ros2_ws3/install/cpp_srvcli_threeints:/home/mahmoud/Desktop/ROS2/ros2_ws3/install/tutorial_interfaces:/home/mahmoud/Desktop/ROS2/ros2_ws3/install/more_interfaces:/home/mahmoud/Desktop/ROS2/ros2_ws3/install/cpp_srvcli:/home/mahmoud/Desktop/ROS2/ros2_ws3/install/cpp_pubsub:/home/mahmoud/Desktop/ROS2/ros2_ws3/install/CPP_SrvClient_FourInts:/opt/ros/humble /usr/bin/cmake --build /home/mahmoud/Desktop/ROS2/ros2_ws3/build/action_tutorials_cpp -- -j2 -l2
[12.342s] DEBUG:colcon.colcon_core.event_handler.log_command:Invoked command in '/home/mahmoud/Desktop/ROS2/ros2_ws3/build/action_tutorials_cpp' returned '0': CMAKE_PREFIX_PATH=/home/mahmoud/Desktop/ROS2/ros2_ws3/install/action_tutorials_interfaces:/home/mahmoud/Desktop/ROS2/ros2_ws3/install/cpp_srvcli_threeints:/home/mahmoud/Desktop/ROS2/ros2_ws3/install/tutorial_interfaces:/home/mahmoud/Desktop/ROS2/ros2_ws3/install/more_interfaces:/home/mahmoud/Desktop/ROS2/ros2_ws3/install/cpp_srvcli:/home/mahmoud/Desktop/ROS2/ros2_ws3/install/cpp_pubsub:/home/mahmoud/Desktop/ROS2/ros2_ws3/install/CPP_SrvClient_FourInts:/opt/ros/humble /usr/bin/cmake --build /home/mahmoud/Desktop/ROS2/ros2_ws3/build/action_tutorials_cpp -- -j2 -l2
[12.364s] DEBUG:colcon.colcon_core.event_handler.log_command:Invoking command in '/home/mahmoud/Desktop/ROS2/ros2_ws3/build/action_tutorials_cpp': CMAKE_PREFIX_PATH=/home/mahmoud/Desktop/ROS2/ros2_ws3/install/action_tutorials_interfaces:/home/mahmoud/Desktop/ROS2/ros2_ws3/install/cpp_srvcli_threeints:/home/mahmoud/Desktop/ROS2/ros2_ws3/install/tutorial_interfaces:/home/mahmoud/Desktop/ROS2/ros2_ws3/install/more_interfaces:/home/mahmoud/Desktop/ROS2/ros2_ws3/install/cpp_srvcli:/home/mahmoud/Desktop/ROS2/ros2_ws3/install/cpp_pubsub:/home/mahmoud/Desktop/ROS2/ros2_ws3/install/CPP_SrvClient_FourInts:/opt/ros/humble /usr/bin/cmake --install /home/mahmoud/Desktop/ROS2/ros2_ws3/build/action_tutorials_cpp
[12.382s] Level 1:colcon.colcon_core.environment:create_environment_scripts_only(action_tutorials_cpp)
[12.385s] DEBUG:colcon.colcon_core.event_handler.log_command:Invoked command in '/home/mahmoud/Desktop/ROS2/ros2_ws3/build/action_tutorials_cpp' returned '0': CMAKE_PREFIX_PATH=/home/mahmoud/Desktop/ROS2/ros2_ws3/install/action_tutorials_interfaces:/home/mahmoud/Desktop/ROS2/ros2_ws3/install/cpp_srvcli_threeints:/home/mahmoud/Desktop/ROS2/ros2_ws3/install/tutorial_interfaces:/home/mahmoud/Desktop/ROS2/ros2_ws3/install/more_interfaces:/home/mahmoud/Desktop/ROS2/ros2_ws3/install/cpp_srvcli:/home/mahmoud/Desktop/ROS2/ros2_ws3/install/cpp_pubsub:/home/mahmoud/Desktop/ROS2/ros2_ws3/install/CPP_SrvClient_FourInts:/opt/ros/humble /usr/bin/cmake --install /home/mahmoud/Desktop/ROS2/ros2_ws3/build/action_tutorials_cpp
[12.387s] Level 1:colcon.colcon_core.environment:checking '/home/mahmoud/Desktop/ROS2/ros2_ws3/install/action_tutorials_cpp' for CMake module files
[12.388s] Level 1:colcon.colcon_core.environment:checking '/home/mahmoud/Desktop/ROS2/ros2_ws3/install/action_tutorials_cpp' for CMake config files
[12.389s] Level 1:colcon.colcon_core.shell:create_environment_hook('action_tutorials_cpp', 'cmake_prefix_path')
[12.389s] INFO:colcon.colcon_core.shell:Creating environment hook '/home/mahmoud/Desktop/ROS2/ros2_ws3/install/action_tutorials_cpp/share/action_tutorials_cpp/hook/cmake_prefix_path.ps1'
[12.391s] INFO:colcon.colcon_core.shell:Creating environment descriptor '/home/mahmoud/Desktop/ROS2/ros2_ws3/install/action_tutorials_cpp/share/action_tutorials_cpp/hook/cmake_prefix_path.dsv'
[12.392s] INFO:colcon.colcon_core.shell:Creating environment hook '/home/mahmoud/Desktop/ROS2/ros2_ws3/install/action_tutorials_cpp/share/action_tutorials_cpp/hook/cmake_prefix_path.sh'
[12.394s] Level 1:colcon.colcon_core.environment:checking '/home/mahmoud/Desktop/ROS2/ros2_ws3/install/action_tutorials_cpp/lib'
[12.395s] Level 1:colcon.colcon_core.shell:create_environment_hook('action_tutorials_cpp', 'ld_library_path_lib')
[12.395s] INFO:colcon.colcon_core.shell:Creating environment hook '/home/mahmoud/Desktop/ROS2/ros2_ws3/install/action_tutorials_cpp/share/action_tutorials_cpp/hook/ld_library_path_lib.ps1'
[12.396s] INFO:colcon.colcon_core.shell:Creating environment descriptor '/home/mahmoud/Desktop/ROS2/ros2_ws3/install/action_tutorials_cpp/share/action_tutorials_cpp/hook/ld_library_path_lib.dsv'
[12.396s] INFO:colcon.colcon_core.shell:Creating environment hook '/home/mahmoud/Desktop/ROS2/ros2_ws3/install/action_tutorials_cpp/share/action_tutorials_cpp/hook/ld_library_path_lib.sh'
[12.396s] Level 1:colcon.colcon_core.environment:checking '/home/mahmoud/Desktop/ROS2/ros2_ws3/install/action_tutorials_cpp/bin'
[12.397s] Level 1:colcon.colcon_core.environment:checking '/home/mahmoud/Desktop/ROS2/ros2_ws3/install/action_tutorials_cpp/lib/pkgconfig/action_tutorials_cpp.pc'
[12.397s] Level 1:colcon.colcon_core.environment:checking '/home/mahmoud/Desktop/ROS2/ros2_ws3/install/action_tutorials_cpp/lib/python3.10/site-packages'
[12.398s] Level 1:colcon.colcon_core.environment:checking '/home/mahmoud/Desktop/ROS2/ros2_ws3/install/action_tutorials_cpp/bin'
[12.398s] INFO:colcon.colcon_core.shell:Creating package script '/home/mahmoud/Desktop/ROS2/ros2_ws3/install/action_tutorials_cpp/share/action_tutorials_cpp/package.ps1'
[12.400s] INFO:colcon.colcon_core.shell:Creating package descriptor '/home/mahmoud/Desktop/ROS2/ros2_ws3/install/action_tutorials_cpp/share/action_tutorials_cpp/package.dsv'
[12.401s] INFO:colcon.colcon_core.shell:Creating package script '/home/mahmoud/Desktop/ROS2/ros2_ws3/install/action_tutorials_cpp/share/action_tutorials_cpp/package.sh'
[12.402s] INFO:colcon.colcon_core.shell:Creating package script '/home/mahmoud/Desktop/ROS2/ros2_ws3/install/action_tutorials_cpp/share/action_tutorials_cpp/package.bash'
[12.411s] INFO:colcon.colcon_core.shell:Creating package script '/home/mahmoud/Desktop/ROS2/ros2_ws3/install/action_tutorials_cpp/share/action_tutorials_cpp/package.zsh'
[12.412s] Level 1:colcon.colcon_core.environment:create_file_with_runtime_dependencies(/home/mahmoud/Desktop/ROS2/ros2_ws3/install/action_tutorials_cpp/share/colcon-core/packages/action_tutorials_cpp)
[12.413s] Level 1:colcon.colcon_core.environment:create_environment_scripts_only(action_tutorials_cpp)
[12.414s] Level 1:colcon.colcon_core.environment:checking '/home/mahmoud/Desktop/ROS2/ros2_ws3/install/action_tutorials_cpp' for CMake module files
[12.415s] Level 1:colcon.colcon_core.environment:checking '/home/mahmoud/Desktop/ROS2/ros2_ws3/install/action_tutorials_cpp' for CMake config files
[12.415s] Level 1:colcon.colcon_core.shell:create_environment_hook('action_tutorials_cpp', 'cmake_prefix_path')
[12.415s] INFO:colcon.colcon_core.shell:Creating environment hook '/home/mahmoud/Desktop/ROS2/ros2_ws3/install/action_tutorials_cpp/share/action_tutorials_cpp/hook/cmake_prefix_path.ps1'
[12.416s] INFO:colcon.colcon_core.shell:Creating environment descriptor '/home/mahmoud/Desktop/ROS2/ros2_ws3/install/action_tutorials_cpp/share/action_tutorials_cpp/hook/cmake_prefix_path.dsv'
[12.416s] INFO:colcon.colcon_core.shell:Creating environment hook '/home/mahmoud/Desktop/ROS2/ros2_ws3/install/action_tutorials_cpp/share/action_tutorials_cpp/hook/cmake_prefix_path.sh'
[12.417s] Level 1:colcon.colcon_core.environment:checking '/home/mahmoud/Desktop/ROS2/ros2_ws3/install/action_tutorials_cpp/lib'
[12.417s] Level 1:colcon.colcon_core.shell:create_environment_hook('action_tutorials_cpp', 'ld_library_path_lib')
[12.418s] INFO:colcon.colcon_core.shell:Creating environment hook '/home/mahmoud/Desktop/ROS2/ros2_ws3/install/action_tutorials_cpp/share/action_tutorials_cpp/hook/ld_library_path_lib.ps1'
[12.419s] INFO:colcon.colcon_core.shell:Creating environment descriptor '/home/mahmoud/Desktop/ROS2/ros2_ws3/install/action_tutorials_cpp/share/action_tutorials_cpp/hook/ld_library_path_lib.dsv'
[12.420s] INFO:colcon.colcon_core.shell:Creating environment hook '/home/mahmoud/Desktop/ROS2/ros2_ws3/install/action_tutorials_cpp/share/action_tutorials_cpp/hook/ld_library_path_lib.sh'
[12.420s] Level 1:colcon.colcon_core.environment:checking '/home/mahmoud/Desktop/ROS2/ros2_ws3/install/action_tutorials_cpp/bin'
[12.421s] Level 1:colcon.colcon_core.environment:checking '/home/mahmoud/Desktop/ROS2/ros2_ws3/install/action_tutorials_cpp/lib/pkgconfig/action_tutorials_cpp.pc'
[12.421s] Level 1:colcon.colcon_core.environment:checking '/home/mahmoud/Desktop/ROS2/ros2_ws3/install/action_tutorials_cpp/lib/python3.10/site-packages'
[12.421s] Level 1:colcon.colcon_core.environment:checking '/home/mahmoud/Desktop/ROS2/ros2_ws3/install/action_tutorials_cpp/bin'
[12.422s] INFO:colcon.colcon_core.shell:Creating package script '/home/mahmoud/Desktop/ROS2/ros2_ws3/install/action_tutorials_cpp/share/action_tutorials_cpp/package.ps1'
[12.423s] INFO:colcon.colcon_core.shell:Creating package descriptor '/home/mahmoud/Desktop/ROS2/ros2_ws3/install/action_tutorials_cpp/share/action_tutorials_cpp/package.dsv'
[12.424s] INFO:colcon.colcon_core.shell:Creating package script '/home/mahmoud/Desktop/ROS2/ros2_ws3/install/action_tutorials_cpp/share/action_tutorials_cpp/package.sh'
[12.425s] INFO:colcon.colcon_core.shell:Creating package script '/home/mahmoud/Desktop/ROS2/ros2_ws3/install/action_tutorials_cpp/share/action_tutorials_cpp/package.bash'
[12.426s] INFO:colcon.colcon_core.shell:Creating package script '/home/mahmoud/Desktop/ROS2/ros2_ws3/install/action_tutorials_cpp/share/action_tutorials_cpp/package.zsh'
[12.427s] Level 1:colcon.colcon_core.environment:create_file_with_runtime_dependencies(/home/mahmoud/Desktop/ROS2/ros2_ws3/install/action_tutorials_cpp/share/colcon-core/packages/action_tutorials_cpp)
[12.428s] DEBUG:colcon.colcon_parallel_executor.executor.parallel:closing loop
[12.429s] DEBUG:colcon.colcon_parallel_executor.executor.parallel:loop closed
[12.429s] DEBUG:colcon.colcon_parallel_executor.executor.parallel:run_until_complete finished with '0'
[12.429s] DEBUG:colcon.colcon_core.event_reactor:joining thread
[12.440s] INFO:colcon.colcon_core.plugin_system:Skipping extension 'colcon_notification.desktop_notification.terminal_notifier': Not used on non-Darwin systems
[12.440s] INFO:colcon.colcon_core.plugin_system:Skipping extension 'colcon_notification.desktop_notification.win32': Not used on non-Windows systems
[12.440s] INFO:colcon.colcon_notification.desktop_notification:Sending desktop notification using 'notify2'
[12.477s] DEBUG:colcon.colcon_core.event_reactor:joined thread
[12.478s] INFO:colcon.colcon_core.shell:Creating prefix script '/home/mahmoud/Desktop/ROS2/ros2_ws3/install/local_setup.ps1'
[12.480s] INFO:colcon.colcon_core.shell:Creating prefix util module '/home/mahmoud/Desktop/ROS2/ros2_ws3/install/_local_setup_util_ps1.py'
[12.483s] INFO:colcon.colcon_core.shell:Creating prefix chain script '/home/mahmoud/Desktop/ROS2/ros2_ws3/install/setup.ps1'
[12.488s] INFO:colcon.colcon_core.shell:Creating prefix script '/home/mahmoud/Desktop/ROS2/ros2_ws3/install/local_setup.sh'
[12.494s] INFO:colcon.colcon_core.shell:Creating prefix util module '/home/mahmoud/Desktop/ROS2/ros2_ws3/install/_local_setup_util_sh.py'
[12.509s] INFO:colcon.colcon_core.shell:Creating prefix chain script '/home/mahmoud/Desktop/ROS2/ros2_ws3/install/setup.sh'
[12.514s] INFO:colcon.colcon_core.shell:Creating prefix script '/home/mahmoud/Desktop/ROS2/ros2_ws3/install/local_setup.bash'
[12.516s] INFO:colcon.colcon_core.shell:Creating prefix chain script '/home/mahmoud/Desktop/ROS2/ros2_ws3/install/setup.bash'
[12.518s] INFO:colcon.colcon_core.shell:Creating prefix script '/home/mahmoud/Desktop/ROS2/ros2_ws3/install/local_setup.zsh'
[12.519s] INFO:colcon.colcon_core.shell:Creating prefix chain script '/home/mahmoud/Desktop/ROS2/ros2_ws3/install/setup.zsh'
