[0.030s] Invoking command in '/home/mahmoud/Desktop/ROS2/ros2_ws3/build/action_tutorials_cpp': CMAKE_PREFIX_PATH=/home/mahmoud/Desktop/ROS2/ros2_ws3/install/action_tutorials_interfaces:/home/mahmoud/Desktop/ROS2/ros2_ws3/install/cpp_srvcli_threeints:/home/mahmoud/Desktop/ROS2/ros2_ws3/install/tutorial_interfaces:/home/mahmoud/Desktop/ROS2/ros2_ws3/install/more_interfaces:/home/mahmoud/Desktop/ROS2/ros2_ws3/install/cpp_srvcli:/home/mahmoud/Desktop/ROS2/ros2_ws3/install/cpp_pubsub:/home/mahmoud/Desktop/ROS2/ros2_ws3/install/CPP_SrvClient_FourInts:/opt/ros/humble /usr/bin/cmake --build /home/mahmoud/Desktop/ROS2/ros2_ws3/build/action_tutorials_cpp -- -j2 -l2
[0.083s] -- Found ament_cmake: 1.3.11 (/opt/ros/humble/share/ament_cmake/cmake)
[0.360s] -- Found action_tutorials_interfaces: 0.0.0 (/home/mahmoud/Desktop/ROS2/ros2_ws3/install/action_tutorials_interfaces/share/action_tutorials_interfaces/cmake)
[0.407s] -- Found rosidl_generator_c: 3.1.6 (/opt/ros/humble/share/rosidl_generator_c/cmake)
[0.413s] -- Found rosidl_adapter: 3.1.6 (/opt/ros/humble/share/rosidl_adapter/cmake)
[0.434s] -- Found rosidl_generator_cpp: 3.1.6 (/opt/ros/humble/share/rosidl_generator_cpp/cmake)
[0.455s] -- Using all available rosidl_typesupport_c: rosidl_typesupport_fastrtps_c;rosidl_typesupport_introspection_c
[0.485s] -- Using all available rosidl_typesupport_cpp: rosidl_typesupport_fastrtps_cpp;rosidl_typesupport_introspection_cpp
[0.630s] -- Found rclcpp: 16.0.12 (/opt/ros/humble/share/rclcpp/cmake)
[0.689s] -- Found rmw_implementation_cmake: 6.1.2 (/opt/ros/humble/share/rmw_implementation_cmake/cmake)
[0.691s] -- Found rmw_fastrtps_cpp: 6.2.7 (/opt/ros/humble/share/rmw_fastrtps_cpp/cmake)
[0.866s] -- Using RMW implementation 'rmw_fastrtps_cpp' as default
[0.992s] -- Found rclcpp_action: 16.0.12 (/opt/ros/humble/share/rclcpp_action/cmake)
[1.011s] -- Found rclcpp_components: 16.0.12 (/opt/ros/humble/share/rclcpp_components/cmake)
[1.076s] -- Found ament_lint_auto: 0.12.12 (/opt/ros/humble/share/ament_lint_auto/cmake)
[1.202s] -- Added test 'cppcheck' to perform static code analysis on C / C++ code
[1.202s] -- Configured cppcheck include dirs: $<BUILD_INTERFACE:/home/mahmoud/Desktop/ROS2/ros2_ws3/src/action_tutorials_cpp/include>
[1.202s] -- Configured cppcheck exclude dirs and/or files: 
[1.202s] -- Added test 'lint_cmake' to check CMake code style
[1.203s] -- Added test 'uncrustify' to check C / C++ code style
[1.204s] -- Configured uncrustify additional arguments: 
[1.205s] -- Added test 'xmllint' to check XML markup files
[1.205s] -- Configuring done
[1.248s] -- Generating done
[1.271s] -- Build files have been written to: /home/mahmoud/Desktop/ROS2/ros2_ws3/build/action_tutorials_cpp
[1.344s] [35m[1mConsolidate compiler generated dependencies of target action_server[0m
[1.348s] [35m[1mConsolidate compiler generated dependencies of target fibonacci_action_server[0m
[1.381s] [ 25%] Built target action_server
[1.400s] [ 50%] Built target fibonacci_action_server
[1.433s] [ 62%] [32mBuilding CXX object CMakeFiles/action_client.dir/src/fibonacci_action_client.cpp.o[0m
[1.438s] [ 75%] [32mBuilding CXX object CMakeFiles/fibonacci_action_client.dir/rclcpp_components/node_main_fibonacci_action_client.cpp.o[0m
[13.104s] [ 87%] [32m[1mLinking CXX executable fibonacci_action_client[0m
[13.654s] [ 87%] Built target fibonacci_action_client
[16.595s] [100%] [32m[1mLinking CXX shared library libaction_client.so[0m
[17.027s] [100%] Built target action_client
[17.051s] Invoked command in '/home/mahmoud/Desktop/ROS2/ros2_ws3/build/action_tutorials_cpp' returned '0': CMAKE_PREFIX_PATH=/home/mahmoud/Desktop/ROS2/ros2_ws3/install/action_tutorials_interfaces:/home/mahmoud/Desktop/ROS2/ros2_ws3/install/cpp_srvcli_threeints:/home/mahmoud/Desktop/ROS2/ros2_ws3/install/tutorial_interfaces:/home/mahmoud/Desktop/ROS2/ros2_ws3/install/more_interfaces:/home/mahmoud/Desktop/ROS2/ros2_ws3/install/cpp_srvcli:/home/mahmoud/Desktop/ROS2/ros2_ws3/install/cpp_pubsub:/home/mahmoud/Desktop/ROS2/ros2_ws3/install/CPP_SrvClient_FourInts:/opt/ros/humble /usr/bin/cmake --build /home/mahmoud/Desktop/ROS2/ros2_ws3/build/action_tutorials_cpp -- -j2 -l2
[17.077s] Invoking command in '/home/mahmoud/Desktop/ROS2/ros2_ws3/build/action_tutorials_cpp': CMAKE_PREFIX_PATH=/home/mahmoud/Desktop/ROS2/ros2_ws3/install/action_tutorials_interfaces:/home/mahmoud/Desktop/ROS2/ros2_ws3/install/cpp_srvcli_threeints:/home/mahmoud/Desktop/ROS2/ros2_ws3/install/tutorial_interfaces:/home/mahmoud/Desktop/ROS2/ros2_ws3/install/more_interfaces:/home/mahmoud/Desktop/ROS2/ros2_ws3/install/cpp_srvcli:/home/mahmoud/Desktop/ROS2/ros2_ws3/install/cpp_pubsub:/home/mahmoud/Desktop/ROS2/ros2_ws3/install/CPP_SrvClient_FourInts:/opt/ros/humble /usr/bin/cmake --install /home/mahmoud/Desktop/ROS2/ros2_ws3/build/action_tutorials_cpp
[17.093s] -- Install configuration: ""
[17.093s] -- Up-to-date: /home/mahmoud/Desktop/ROS2/ros2_ws3/install/action_tutorials_cpp/lib/action_tutorials_cpp/fibonacci_action_server
[17.097s] -- Up-to-date: /home/mahmoud/Desktop/ROS2/ros2_ws3/install/action_tutorials_cpp/lib/libaction_server.so
[17.097s] -- Installing: /home/mahmoud/Desktop/ROS2/ros2_ws3/install/action_tutorials_cpp/lib/action_tutorials_cpp/fibonacci_action_client
[17.098s] -- Set runtime path of "/home/mahmoud/Desktop/ROS2/ros2_ws3/install/action_tutorials_cpp/lib/action_tutorials_cpp/fibonacci_action_client" to ""
[17.101s] -- Installing: /home/mahmoud/Desktop/ROS2/ros2_ws3/install/action_tutorials_cpp/lib/libaction_client.so
[17.102s] -- Set runtime path of "/home/mahmoud/Desktop/ROS2/ros2_ws3/install/action_tutorials_cpp/lib/libaction_client.so" to ""
[17.105s] -- Up-to-date: /home/mahmoud/Desktop/ROS2/ros2_ws3/install/action_tutorials_cpp/share/ament_index/resource_index/package_run_dependencies/action_tutorials_cpp
[17.105s] -- Up-to-date: /home/mahmoud/Desktop/ROS2/ros2_ws3/install/action_tutorials_cpp/share/ament_index/resource_index/parent_prefix_path/action_tutorials_cpp
[17.105s] -- Up-to-date: /home/mahmoud/Desktop/ROS2/ros2_ws3/install/action_tutorials_cpp/share/action_tutorials_cpp/environment/ament_prefix_path.sh
[17.105s] -- Installing: /home/mahmoud/Desktop/ROS2/ros2_ws3/install/action_tutorials_cpp/share/action_tutorials_cpp/environment/ament_prefix_path.dsv
[17.105s] -- Up-to-date: /home/mahmoud/Desktop/ROS2/ros2_ws3/install/action_tutorials_cpp/share/action_tutorials_cpp/environment/path.sh
[17.105s] -- Installing: /home/mahmoud/Desktop/ROS2/ros2_ws3/install/action_tutorials_cpp/share/action_tutorials_cpp/environment/path.dsv
[17.106s] -- Up-to-date: /home/mahmoud/Desktop/ROS2/ros2_ws3/install/action_tutorials_cpp/share/action_tutorials_cpp/local_setup.bash
[17.106s] -- Up-to-date: /home/mahmoud/Desktop/ROS2/ros2_ws3/install/action_tutorials_cpp/share/action_tutorials_cpp/local_setup.sh
[17.106s] -- Up-to-date: /home/mahmoud/Desktop/ROS2/ros2_ws3/install/action_tutorials_cpp/share/action_tutorials_cpp/local_setup.zsh
[17.107s] -- Installing: /home/mahmoud/Desktop/ROS2/ros2_ws3/install/action_tutorials_cpp/share/action_tutorials_cpp/local_setup.dsv
[17.107s] -- Installing: /home/mahmoud/Desktop/ROS2/ros2_ws3/install/action_tutorials_cpp/share/action_tutorials_cpp/package.dsv
[17.108s] -- Up-to-date: /home/mahmoud/Desktop/ROS2/ros2_ws3/install/action_tutorials_cpp/share/ament_index/resource_index/packages/action_tutorials_cpp
[17.108s] -- Installing: /home/mahmoud/Desktop/ROS2/ros2_ws3/install/action_tutorials_cpp/share/ament_index/resource_index/rclcpp_components/action_tutorials_cpp
[17.109s] -- Up-to-date: /home/mahmoud/Desktop/ROS2/ros2_ws3/install/action_tutorials_cpp/share/action_tutorials_cpp/cmake/action_tutorials_cppConfig.cmake
[17.109s] -- Up-to-date: /home/mahmoud/Desktop/ROS2/ros2_ws3/install/action_tutorials_cpp/share/action_tutorials_cpp/cmake/action_tutorials_cppConfig-version.cmake
[17.110s] -- Up-to-date: /home/mahmoud/Desktop/ROS2/ros2_ws3/install/action_tutorials_cpp/share/action_tutorials_cpp/package.xml
[17.119s] Invoked command in '/home/mahmoud/Desktop/ROS2/ros2_ws3/build/action_tutorials_cpp' returned '0': CMAKE_PREFIX_PATH=/home/mahmoud/Desktop/ROS2/ros2_ws3/install/action_tutorials_interfaces:/home/mahmoud/Desktop/ROS2/ros2_ws3/install/cpp_srvcli_threeints:/home/mahmoud/Desktop/ROS2/ros2_ws3/install/tutorial_interfaces:/home/mahmoud/Desktop/ROS2/ros2_ws3/install/more_interfaces:/home/mahmoud/Desktop/ROS2/ros2_ws3/install/cpp_srvcli:/home/mahmoud/Desktop/ROS2/ros2_ws3/install/cpp_pubsub:/home/mahmoud/Desktop/ROS2/ros2_ws3/install/CPP_SrvClient_FourInts:/opt/ros/humble /usr/bin/cmake --install /home/mahmoud/Desktop/ROS2/ros2_ws3/build/action_tutorials_cpp
