[1.142s] DEBUG:colcon:Command line arguments: ['/usr/bin/colcon', 'build', '--packages-select', 'cpp_parameter_event_handler']
[1.143s] DEBUG:colcon:Parsed command line arguments: Namespace(log_base=None, log_level=None, verb_name='build', build_base='build', install_base='install', merge_install=False, symlink_install=False, test_result_base=None, continue_on_error=False, executor='parallel', parallel_workers=2, event_handlers=None, ignore_user_meta=False, metas=['./colcon.meta'], base_paths=['.'], packages_ignore=None, packages_ignore_regex=None, paths=None, packages_up_to=None, packages_up_to_regex=None, packages_above=None, packages_above_and_dependencies=None, packages_above_depth=None, packages_select_by_dep=None, packages_skip_by_dep=None, packages_skip_up_to=None, packages_select_build_failed=False, packages_skip_build_finished=False, packages_select_test_failures=False, packages_skip_test_passed=False, packages_select=['cpp_parameter_event_handler'], packages_skip=None, packages_select_regex=None, packages_skip_regex=None, packages_start=None, packages_end=None, allow_overriding=[], cmake_args=None, cmake_target=None, cmake_target_skip_unavailable=False, cmake_clean_cache=False, cmake_clean_first=False, cmake_force_configure=False, ament_cmake_args=None, catkin_cmake_args=None, catkin_skip_building_tests=False, mixin_files=None, mixin=None, verb_parser=<colcon_mixin.mixin.mixin_argument.MixinArgumentDecorator object at 0x7c279bb51390>, verb_extension=<colcon_core.verb.build.BuildVerb object at 0x7c279bc66290>, main=<bound method BuildVerb.main of <colcon_core.verb.build.BuildVerb object at 0x7c279bc66290>>, mixin_verb=('build',))
[3.954s] Level 1:colcon.colcon_core.package_discovery:discover_packages(colcon_meta) check parameters
[3.954s] Level 1:colcon.colcon_core.package_discovery:discover_packages(recursive) check parameters
[3.954s] Level 1:colcon.colcon_core.package_discovery:discover_packages(ignore) check parameters
[3.954s] Level 1:colcon.colcon_core.package_discovery:discover_packages(path) check parameters
[3.954s] Level 1:colcon.colcon_core.package_discovery:discover_packages(colcon_meta) discover
[3.955s] Level 1:colcon.colcon_core.package_discovery:discover_packages(recursive) discover
[3.955s] INFO:colcon.colcon_core.package_discovery:Crawling recursively for packages in '/home/mahmoud/Desktop/ROS2/ros2_ws3'
[3.955s] Level 1:colcon.colcon_core.package_identification:_identify(.) by extensions ['ignore', 'ignore_ament_install']
[3.955s] Level 1:colcon.colcon_core.package_identification:_identify(.) by extension 'ignore'
[3.955s] Level 1:colcon.colcon_core.package_identification:_identify(.) by extension 'ignore_ament_install'
[3.955s] Level 1:colcon.colcon_core.package_identification:_identify(.) by extensions ['colcon_pkg']
[3.955s] Level 1:colcon.colcon_core.package_identification:_identify(.) by extension 'colcon_pkg'
[3.955s] Level 1:colcon.colcon_core.package_identification:_identify(.) by extensions ['colcon_meta']
[3.955s] Level 1:colcon.colcon_core.package_identification:_identify(.) by extension 'colcon_meta'
[3.956s] Level 1:colcon.colcon_core.package_identification:_identify(.) by extensions ['ros']
[3.956s] Level 1:colcon.colcon_core.package_identification:_identify(.) by extension 'ros'
[3.978s] Level 1:colcon.colcon_core.package_identification:_identify(.) by extensions ['cmake', 'python']
[3.979s] Level 1:colcon.colcon_core.package_identification:_identify(.) by extension 'cmake'
[3.979s] Level 1:colcon.colcon_core.package_identification:_identify(.) by extension 'python'
[3.980s] Level 1:colcon.colcon_core.package_identification:_identify(.) by extensions ['python_setup_py']
[3.980s] Level 1:colcon.colcon_core.package_identification:_identify(.) by extension 'python_setup_py'
[3.980s] Level 1:colcon.colcon_core.package_identification:_identify(build) by extensions ['ignore', 'ignore_ament_install']
[3.981s] Level 1:colcon.colcon_core.package_identification:_identify(build) by extension 'ignore'
[3.981s] Level 1:colcon.colcon_core.package_identification:_identify(build) ignored
[3.982s] Level 1:colcon.colcon_core.package_identification:_identify(install) by extensions ['ignore', 'ignore_ament_install']
[3.982s] Level 1:colcon.colcon_core.package_identification:_identify(install) by extension 'ignore'
[3.982s] Level 1:colcon.colcon_core.package_identification:_identify(install) ignored
[3.982s] Level 1:colcon.colcon_core.package_identification:_identify(log) by extensions ['ignore', 'ignore_ament_install']
[3.983s] Level 1:colcon.colcon_core.package_identification:_identify(log) by extension 'ignore'
[3.983s] Level 1:colcon.colcon_core.package_identification:_identify(log) ignored
[3.983s] Level 1:colcon.colcon_core.package_identification:_identify(src) by extensions ['ignore', 'ignore_ament_install']
[3.983s] Level 1:colcon.colcon_core.package_identification:_identify(src) by extension 'ignore'
[3.983s] Level 1:colcon.colcon_core.package_identification:_identify(src) by extension 'ignore_ament_install'
[3.983s] Level 1:colcon.colcon_core.package_identification:_identify(src) by extensions ['colcon_pkg']
[3.983s] Level 1:colcon.colcon_core.package_identification:_identify(src) by extension 'colcon_pkg'
[3.983s] Level 1:colcon.colcon_core.package_identification:_identify(src) by extensions ['colcon_meta']
[3.983s] Level 1:colcon.colcon_core.package_identification:_identify(src) by extension 'colcon_meta'
[3.983s] Level 1:colcon.colcon_core.package_identification:_identify(src) by extensions ['ros']
[3.983s] Level 1:colcon.colcon_core.package_identification:_identify(src) by extension 'ros'
[3.984s] Level 1:colcon.colcon_core.package_identification:_identify(src) by extensions ['cmake', 'python']
[3.984s] Level 1:colcon.colcon_core.package_identification:_identify(src) by extension 'cmake'
[3.984s] Level 1:colcon.colcon_core.package_identification:_identify(src) by extension 'python'
[3.984s] Level 1:colcon.colcon_core.package_identification:_identify(src) by extensions ['python_setup_py']
[3.984s] Level 1:colcon.colcon_core.package_identification:_identify(src) by extension 'python_setup_py'
[3.984s] Level 1:colcon.colcon_core.package_identification:_identify(src/CPP_SrvClient_FourInts) by extensions ['ignore', 'ignore_ament_install']
[3.984s] Level 1:colcon.colcon_core.package_identification:_identify(src/CPP_SrvClient_FourInts) by extension 'ignore'
[3.984s] Level 1:colcon.colcon_core.package_identification:_identify(src/CPP_SrvClient_FourInts) by extension 'ignore_ament_install'
[3.984s] Level 1:colcon.colcon_core.package_identification:_identify(src/CPP_SrvClient_FourInts) by extensions ['colcon_pkg']
[3.986s] Level 1:colcon.colcon_core.package_identification:_identify(src/CPP_SrvClient_FourInts) by extension 'colcon_pkg'
[3.986s] Level 1:colcon.colcon_core.package_identification:_identify(src/CPP_SrvClient_FourInts) by extensions ['colcon_meta']
[3.986s] Level 1:colcon.colcon_core.package_identification:_identify(src/CPP_SrvClient_FourInts) by extension 'colcon_meta'
[3.986s] Level 1:colcon.colcon_core.package_identification:_identify(src/CPP_SrvClient_FourInts) by extensions ['ros']
[3.986s] Level 1:colcon.colcon_core.package_identification:_identify(src/CPP_SrvClient_FourInts) by extension 'ros'
[4.043s] DEBUG:colcon.colcon_core.package_identification:Package 'src/CPP_SrvClient_FourInts' with type 'ros.ament_cmake' and name 'CPP_SrvClient_FourInts'
[4.043s] Level 1:colcon.colcon_core.package_identification:_identify(src/action_tutorials_cpp) by extensions ['ignore', 'ignore_ament_install']
[4.043s] Level 1:colcon.colcon_core.package_identification:_identify(src/action_tutorials_cpp) by extension 'ignore'
[4.046s] Level 1:colcon.colcon_core.package_identification:_identify(src/action_tutorials_cpp) by extension 'ignore_ament_install'
[4.046s] Level 1:colcon.colcon_core.package_identification:_identify(src/action_tutorials_cpp) by extensions ['colcon_pkg']
[4.046s] Level 1:colcon.colcon_core.package_identification:_identify(src/action_tutorials_cpp) by extension 'colcon_pkg'
[4.046s] Level 1:colcon.colcon_core.package_identification:_identify(src/action_tutorials_cpp) by extensions ['colcon_meta']
[4.046s] Level 1:colcon.colcon_core.package_identification:_identify(src/action_tutorials_cpp) by extension 'colcon_meta'
[4.047s] Level 1:colcon.colcon_core.package_identification:_identify(src/action_tutorials_cpp) by extensions ['ros']
[4.047s] Level 1:colcon.colcon_core.package_identification:_identify(src/action_tutorials_cpp) by extension 'ros'
[4.066s] DEBUG:colcon.colcon_core.package_identification:Package 'src/action_tutorials_cpp' with type 'ros.ament_cmake' and name 'action_tutorials_cpp'
[4.067s] Level 1:colcon.colcon_core.package_identification:_identify(src/action_tutorials_interfaces) by extensions ['ignore', 'ignore_ament_install']
[4.067s] Level 1:colcon.colcon_core.package_identification:_identify(src/action_tutorials_interfaces) by extension 'ignore'
[4.067s] Level 1:colcon.colcon_core.package_identification:_identify(src/action_tutorials_interfaces) by extension 'ignore_ament_install'
[4.067s] Level 1:colcon.colcon_core.package_identification:_identify(src/action_tutorials_interfaces) by extensions ['colcon_pkg']
[4.068s] Level 1:colcon.colcon_core.package_identification:_identify(src/action_tutorials_interfaces) by extension 'colcon_pkg'
[4.068s] Level 1:colcon.colcon_core.package_identification:_identify(src/action_tutorials_interfaces) by extensions ['colcon_meta']
[4.068s] Level 1:colcon.colcon_core.package_identification:_identify(src/action_tutorials_interfaces) by extension 'colcon_meta'
[4.068s] Level 1:colcon.colcon_core.package_identification:_identify(src/action_tutorials_interfaces) by extensions ['ros']
[4.068s] Level 1:colcon.colcon_core.package_identification:_identify(src/action_tutorials_interfaces) by extension 'ros'
[4.090s] DEBUG:colcon.colcon_core.package_identification:Package 'src/action_tutorials_interfaces' with type 'ros.ament_cmake' and name 'action_tutorials_interfaces'
[4.092s] Level 1:colcon.colcon_core.package_identification:_identify(src/cpp_parameter_event_handler) by extensions ['ignore', 'ignore_ament_install']
[4.092s] Level 1:colcon.colcon_core.package_identification:_identify(src/cpp_parameter_event_handler) by extension 'ignore'
[4.093s] Level 1:colcon.colcon_core.package_identification:_identify(src/cpp_parameter_event_handler) by extension 'ignore_ament_install'
[4.093s] Level 1:colcon.colcon_core.package_identification:_identify(src/cpp_parameter_event_handler) by extensions ['colcon_pkg']
[4.093s] Level 1:colcon.colcon_core.package_identification:_identify(src/cpp_parameter_event_handler) by extension 'colcon_pkg'
[4.093s] Level 1:colcon.colcon_core.package_identification:_identify(src/cpp_parameter_event_handler) by extensions ['colcon_meta']
[4.093s] Level 1:colcon.colcon_core.package_identification:_identify(src/cpp_parameter_event_handler) by extension 'colcon_meta'
[4.093s] Level 1:colcon.colcon_core.package_identification:_identify(src/cpp_parameter_event_handler) by extensions ['ros']
[4.093s] Level 1:colcon.colcon_core.package_identification:_identify(src/cpp_parameter_event_handler) by extension 'ros'
[4.096s] DEBUG:colcon.colcon_core.package_identification:Package 'src/cpp_parameter_event_handler' with type 'ros.ament_cmake' and name 'cpp_parameter_event_handler'
[4.098s] Level 1:colcon.colcon_core.package_identification:_identify(src/cpp_parameters) by extensions ['ignore', 'ignore_ament_install']
[4.098s] Level 1:colcon.colcon_core.package_identification:_identify(src/cpp_parameters) by extension 'ignore'
[4.098s] Level 1:colcon.colcon_core.package_identification:_identify(src/cpp_parameters) by extension 'ignore_ament_install'
[4.098s] Level 1:colcon.colcon_core.package_identification:_identify(src/cpp_parameters) by extensions ['colcon_pkg']
[4.099s] Level 1:colcon.colcon_core.package_identification:_identify(src/cpp_parameters) by extension 'colcon_pkg'
[4.099s] Level 1:colcon.colcon_core.package_identification:_identify(src/cpp_parameters) by extensions ['colcon_meta']
[4.099s] Level 1:colcon.colcon_core.package_identification:_identify(src/cpp_parameters) by extension 'colcon_meta'
[4.099s] Level 1:colcon.colcon_core.package_identification:_identify(src/cpp_parameters) by extensions ['ros']
[4.099s] Level 1:colcon.colcon_core.package_identification:_identify(src/cpp_parameters) by extension 'ros'
[4.102s] DEBUG:colcon.colcon_core.package_identification:Package 'src/cpp_parameters' with type 'ros.ament_cmake' and name 'cpp_parameters'
[4.105s] Level 1:colcon.colcon_core.package_identification:_identify(src/cpp_pubsub) by extensions ['ignore', 'ignore_ament_install']
[4.105s] Level 1:colcon.colcon_core.package_identification:_identify(src/cpp_pubsub) by extension 'ignore'
[4.105s] Level 1:colcon.colcon_core.package_identification:_identify(src/cpp_pubsub) by extension 'ignore_ament_install'
[4.105s] Level 1:colcon.colcon_core.package_identification:_identify(src/cpp_pubsub) by extensions ['colcon_pkg']
[4.105s] Level 1:colcon.colcon_core.package_identification:_identify(src/cpp_pubsub) by extension 'colcon_pkg'
[4.106s] Level 1:colcon.colcon_core.package_identification:_identify(src/cpp_pubsub) by extensions ['colcon_meta']
[4.106s] Level 1:colcon.colcon_core.package_identification:_identify(src/cpp_pubsub) by extension 'colcon_meta'
[4.106s] Level 1:colcon.colcon_core.package_identification:_identify(src/cpp_pubsub) by extensions ['ros']
[4.106s] Level 1:colcon.colcon_core.package_identification:_identify(src/cpp_pubsub) by extension 'ros'
[4.108s] DEBUG:colcon.colcon_core.package_identification:Package 'src/cpp_pubsub' with type 'ros.ament_cmake' and name 'cpp_pubsub'
[4.111s] Level 1:colcon.colcon_core.package_identification:_identify(src/cpp_srvcli) by extensions ['ignore', 'ignore_ament_install']
[4.111s] Level 1:colcon.colcon_core.package_identification:_identify(src/cpp_srvcli) by extension 'ignore'
[4.111s] Level 1:colcon.colcon_core.package_identification:_identify(src/cpp_srvcli) by extension 'ignore_ament_install'
[4.111s] Level 1:colcon.colcon_core.package_identification:_identify(src/cpp_srvcli) by extensions ['colcon_pkg']
[4.111s] Level 1:colcon.colcon_core.package_identification:_identify(src/cpp_srvcli) by extension 'colcon_pkg'
[4.111s] Level 1:colcon.colcon_core.package_identification:_identify(src/cpp_srvcli) by extensions ['colcon_meta']
[4.111s] Level 1:colcon.colcon_core.package_identification:_identify(src/cpp_srvcli) by extension 'colcon_meta'
[4.111s] Level 1:colcon.colcon_core.package_identification:_identify(src/cpp_srvcli) by extensions ['ros']
[4.112s] Level 1:colcon.colcon_core.package_identification:_identify(src/cpp_srvcli) by extension 'ros'
[4.116s] DEBUG:colcon.colcon_core.package_identification:Package 'src/cpp_srvcli' with type 'ros.ament_cmake' and name 'cpp_srvcli'
[4.116s] Level 1:colcon.colcon_core.package_identification:_identify(src/cpp_srvcli_threeints) by extensions ['ignore', 'ignore_ament_install']
[4.117s] Level 1:colcon.colcon_core.package_identification:_identify(src/cpp_srvcli_threeints) by extension 'ignore'
[4.117s] Level 1:colcon.colcon_core.package_identification:_identify(src/cpp_srvcli_threeints) by extension 'ignore_ament_install'
[4.117s] Level 1:colcon.colcon_core.package_identification:_identify(src/cpp_srvcli_threeints) by extensions ['colcon_pkg']
[4.117s] Level 1:colcon.colcon_core.package_identification:_identify(src/cpp_srvcli_threeints) by extension 'colcon_pkg'
[4.117s] Level 1:colcon.colcon_core.package_identification:_identify(src/cpp_srvcli_threeints) by extensions ['colcon_meta']
[4.117s] Level 1:colcon.colcon_core.package_identification:_identify(src/cpp_srvcli_threeints) by extension 'colcon_meta'
[4.117s] Level 1:colcon.colcon_core.package_identification:_identify(src/cpp_srvcli_threeints) by extensions ['ros']
[4.117s] Level 1:colcon.colcon_core.package_identification:_identify(src/cpp_srvcli_threeints) by extension 'ros'
[4.121s] DEBUG:colcon.colcon_core.package_identification:Package 'src/cpp_srvcli_threeints' with type 'ros.ament_cmake' and name 'cpp_srvcli_threeints'
[4.122s] Level 1:colcon.colcon_core.package_identification:_identify(src/more_interfaces) by extensions ['ignore', 'ignore_ament_install']
[4.122s] Level 1:colcon.colcon_core.package_identification:_identify(src/more_interfaces) by extension 'ignore'
[4.122s] Level 1:colcon.colcon_core.package_identification:_identify(src/more_interfaces) by extension 'ignore_ament_install'
[4.122s] Level 1:colcon.colcon_core.package_identification:_identify(src/more_interfaces) by extensions ['colcon_pkg']
[4.122s] Level 1:colcon.colcon_core.package_identification:_identify(src/more_interfaces) by extension 'colcon_pkg'
[4.123s] Level 1:colcon.colcon_core.package_identification:_identify(src/more_interfaces) by extensions ['colcon_meta']
[4.123s] Level 1:colcon.colcon_core.package_identification:_identify(src/more_interfaces) by extension 'colcon_meta'
[4.123s] Level 1:colcon.colcon_core.package_identification:_identify(src/more_interfaces) by extensions ['ros']
[4.123s] Level 1:colcon.colcon_core.package_identification:_identify(src/more_interfaces) by extension 'ros'
[4.132s] DEBUG:colcon.colcon_core.package_identification:Package 'src/more_interfaces' with type 'ros.ament_cmake' and name 'more_interfaces'
[4.134s] Level 1:colcon.colcon_core.package_identification:_identify(src/polygon_base) by extensions ['ignore', 'ignore_ament_install']
[4.134s] Level 1:colcon.colcon_core.package_identification:_identify(src/polygon_base) by extension 'ignore'
[4.134s] Level 1:colcon.colcon_core.package_identification:_identify(src/polygon_base) by extension 'ignore_ament_install'
[4.134s] Level 1:colcon.colcon_core.package_identification:_identify(src/polygon_base) by extensions ['colcon_pkg']
[4.134s] Level 1:colcon.colcon_core.package_identification:_identify(src/polygon_base) by extension 'colcon_pkg'
[4.134s] Level 1:colcon.colcon_core.package_identification:_identify(src/polygon_base) by extensions ['colcon_meta']
[4.134s] Level 1:colcon.colcon_core.package_identification:_identify(src/polygon_base) by extension 'colcon_meta'
[4.135s] Level 1:colcon.colcon_core.package_identification:_identify(src/polygon_base) by extensions ['ros']
[4.135s] Level 1:colcon.colcon_core.package_identification:_identify(src/polygon_base) by extension 'ros'
[4.137s] DEBUG:colcon.colcon_core.package_identification:Package 'src/polygon_base' with type 'ros.ament_cmake' and name 'polygon_base'
[4.138s] Level 1:colcon.colcon_core.package_identification:_identify(src/polygon_plugins) by extensions ['ignore', 'ignore_ament_install']
[4.138s] Level 1:colcon.colcon_core.package_identification:_identify(src/polygon_plugins) by extension 'ignore'
[4.138s] Level 1:colcon.colcon_core.package_identification:_identify(src/polygon_plugins) by extension 'ignore_ament_install'
[4.138s] Level 1:colcon.colcon_core.package_identification:_identify(src/polygon_plugins) by extensions ['colcon_pkg']
[4.138s] Level 1:colcon.colcon_core.package_identification:_identify(src/polygon_plugins) by extension 'colcon_pkg'
[4.138s] Level 1:colcon.colcon_core.package_identification:_identify(src/polygon_plugins) by extensions ['colcon_meta']
[4.138s] Level 1:colcon.colcon_core.package_identification:_identify(src/polygon_plugins) by extension 'colcon_meta'
[4.138s] Level 1:colcon.colcon_core.package_identification:_identify(src/polygon_plugins) by extensions ['ros']
[4.139s] Level 1:colcon.colcon_core.package_identification:_identify(src/polygon_plugins) by extension 'ros'
[4.143s] DEBUG:colcon.colcon_core.package_identification:Package 'src/polygon_plugins' with type 'ros.ament_cmake' and name 'polygon_plugins'
[4.145s] Level 1:colcon.colcon_core.package_identification:_identify(src/tutorial_interfaces) by extensions ['ignore', 'ignore_ament_install']
[4.145s] Level 1:colcon.colcon_core.package_identification:_identify(src/tutorial_interfaces) by extension 'ignore'
[4.145s] Level 1:colcon.colcon_core.package_identification:_identify(src/tutorial_interfaces) by extension 'ignore_ament_install'
[4.145s] Level 1:colcon.colcon_core.package_identification:_identify(src/tutorial_interfaces) by extensions ['colcon_pkg']
[4.145s] Level 1:colcon.colcon_core.package_identification:_identify(src/tutorial_interfaces) by extension 'colcon_pkg'
[4.145s] Level 1:colcon.colcon_core.package_identification:_identify(src/tutorial_interfaces) by extensions ['colcon_meta']
[4.146s] Level 1:colcon.colcon_core.package_identification:_identify(src/tutorial_interfaces) by extension 'colcon_meta'
[4.146s] Level 1:colcon.colcon_core.package_identification:_identify(src/tutorial_interfaces) by extensions ['ros']
[4.146s] Level 1:colcon.colcon_core.package_identification:_identify(src/tutorial_interfaces) by extension 'ros'
[4.148s] DEBUG:colcon.colcon_core.package_identification:Package 'src/tutorial_interfaces' with type 'ros.ament_cmake' and name 'tutorial_interfaces'
[4.148s] Level 1:colcon.colcon_core.package_discovery:discover_packages(recursive) using defaults
[4.149s] Level 1:colcon.colcon_core.package_discovery:discover_packages(ignore) discover
[4.149s] Level 1:colcon.colcon_core.package_discovery:discover_packages(ignore) using defaults
[4.150s] Level 1:colcon.colcon_core.package_discovery:discover_packages(path) discover
[4.150s] Level 1:colcon.colcon_core.package_discovery:discover_packages(path) using defaults
[4.427s] INFO:colcon.colcon_core.package_selection:Skipping not selected package 'CPP_SrvClient_FourInts' in 'src/CPP_SrvClient_FourInts'
[4.427s] INFO:colcon.colcon_core.package_selection:Skipping not selected package 'action_tutorials_interfaces' in 'src/action_tutorials_interfaces'
[4.427s] INFO:colcon.colcon_core.package_selection:Skipping not selected package 'cpp_parameters' in 'src/cpp_parameters'
[4.427s] INFO:colcon.colcon_core.package_selection:Skipping not selected package 'cpp_pubsub' in 'src/cpp_pubsub'
[4.427s] INFO:colcon.colcon_core.package_selection:Skipping not selected package 'cpp_srvcli' in 'src/cpp_srvcli'
[4.427s] INFO:colcon.colcon_core.package_selection:Skipping not selected package 'more_interfaces' in 'src/more_interfaces'
[4.428s] INFO:colcon.colcon_core.package_selection:Skipping not selected package 'polygon_base' in 'src/polygon_base'
[4.428s] INFO:colcon.colcon_core.package_selection:Skipping not selected package 'tutorial_interfaces' in 'src/tutorial_interfaces'
[4.428s] INFO:colcon.colcon_core.package_selection:Skipping not selected package 'action_tutorials_cpp' in 'src/action_tutorials_cpp'
[4.428s] INFO:colcon.colcon_core.package_selection:Skipping not selected package 'cpp_srvcli_threeints' in 'src/cpp_srvcli_threeints'
[4.428s] INFO:colcon.colcon_core.package_selection:Skipping not selected package 'polygon_plugins' in 'src/polygon_plugins'
[4.434s] Level 1:colcon.colcon_core.package_discovery:discover_packages(prefix_path) check parameters
[4.434s] Level 1:colcon.colcon_core.package_discovery:discover_packages(prefix_path) discover
[4.447s] DEBUG:colcon.colcon_installed_package_information.package_discovery:Found 271 installed packages in /opt/ros/humble
[4.453s] Level 1:colcon.colcon_core.package_discovery:discover_packages(prefix_path) using defaults
[4.595s] Level 5:colcon.colcon_core.verb:set package 'cpp_parameter_event_handler' build argument 'cmake_args' from command line to 'None'
[4.596s] Level 5:colcon.colcon_core.verb:set package 'cpp_parameter_event_handler' build argument 'cmake_target' from command line to 'None'
[4.596s] Level 5:colcon.colcon_core.verb:set package 'cpp_parameter_event_handler' build argument 'cmake_target_skip_unavailable' from command line to 'False'
[4.596s] Level 5:colcon.colcon_core.verb:set package 'cpp_parameter_event_handler' build argument 'cmake_clean_cache' from command line to 'False'
[4.596s] Level 5:colcon.colcon_core.verb:set package 'cpp_parameter_event_handler' build argument 'cmake_clean_first' from command line to 'False'
[4.596s] Level 5:colcon.colcon_core.verb:set package 'cpp_parameter_event_handler' build argument 'cmake_force_configure' from command line to 'False'
[4.596s] Level 5:colcon.colcon_core.verb:set package 'cpp_parameter_event_handler' build argument 'ament_cmake_args' from command line to 'None'
[4.596s] Level 5:colcon.colcon_core.verb:set package 'cpp_parameter_event_handler' build argument 'catkin_cmake_args' from command line to 'None'
[4.596s] Level 5:colcon.colcon_core.verb:set package 'cpp_parameter_event_handler' build argument 'catkin_skip_building_tests' from command line to 'False'
[4.596s] DEBUG:colcon.colcon_core.verb:Building package 'cpp_parameter_event_handler' with the following arguments: {'ament_cmake_args': None, 'build_base': '/home/mahmoud/Desktop/ROS2/ros2_ws3/build/cpp_parameter_event_handler', 'catkin_cmake_args': None, 'catkin_skip_building_tests': False, 'cmake_args': None, 'cmake_clean_cache': False, 'cmake_clean_first': False, 'cmake_force_configure': False, 'cmake_target': None, 'cmake_target_skip_unavailable': False, 'install_base': '/home/mahmoud/Desktop/ROS2/ros2_ws3/install/cpp_parameter_event_handler', 'merge_install': False, 'path': '/home/mahmoud/Desktop/ROS2/ros2_ws3/src/cpp_parameter_event_handler', 'symlink_install': False, 'test_result_base': None}
[4.597s] INFO:colcon.colcon_core.executor:Executing jobs using 'parallel' executor
[4.607s] DEBUG:colcon.colcon_parallel_executor.executor.parallel:run_until_complete
[4.607s] INFO:colcon.colcon_ros.task.ament_cmake.build:Building ROS package in '/home/mahmoud/Desktop/ROS2/ros2_ws3/src/cpp_parameter_event_handler' with build type 'ament_cmake'
[4.607s] INFO:colcon.colcon_cmake.task.cmake.build:Building CMake package in '/home/mahmoud/Desktop/ROS2/ros2_ws3/src/cpp_parameter_event_handler'
[4.644s] INFO:colcon.colcon_core.plugin_system:Skipping extension 'colcon_core.shell.bat': Not used on non-Windows systems
[4.645s] INFO:colcon.colcon_core.shell:Skip shell extension 'powershell' for command environment: Not usable outside of PowerShell
[4.645s] DEBUG:colcon.colcon_core.shell:Skip shell extension 'dsv' for command environment
[4.688s] DEBUG:colcon.colcon_core.event_handler.log_command:Invoking command in '/home/mahmoud/Desktop/ROS2/ros2_ws3/build/cpp_parameter_event_handler': CMAKE_PREFIX_PATH=/opt/ros/humble /usr/bin/cmake /home/mahmoud/Desktop/ROS2/ros2_ws3/src/cpp_parameter_event_handler -DCMAKE_INSTALL_PREFIX=/home/mahmoud/Desktop/ROS2/ros2_ws3/install/cpp_parameter_event_handler
[11.313s] DEBUG:colcon.colcon_core.event_handler.log_command:Invoked command in '/home/mahmoud/Desktop/ROS2/ros2_ws3/build/cpp_parameter_event_handler' returned '0': CMAKE_PREFIX_PATH=/opt/ros/humble /usr/bin/cmake /home/mahmoud/Desktop/ROS2/ros2_ws3/src/cpp_parameter_event_handler -DCMAKE_INSTALL_PREFIX=/home/mahmoud/Desktop/ROS2/ros2_ws3/install/cpp_parameter_event_handler
[11.322s] DEBUG:colcon.colcon_core.event_handler.log_command:Invoking command in '/home/mahmoud/Desktop/ROS2/ros2_ws3/build/cpp_parameter_event_handler': CMAKE_PREFIX_PATH=/opt/ros/humble /usr/bin/cmake --build /home/mahmoud/Desktop/ROS2/ros2_ws3/build/cpp_parameter_event_handler -- -j2 -l2
[11.867s] DEBUG:colcon.colcon_core.event_handler.log_command:Invoked command in '/home/mahmoud/Desktop/ROS2/ros2_ws3/build/cpp_parameter_event_handler' returned '2': CMAKE_PREFIX_PATH=/opt/ros/humble /usr/bin/cmake --build /home/mahmoud/Desktop/ROS2/ros2_ws3/build/cpp_parameter_event_handler -- -j2 -l2
[11.868s] Level 1:colcon.colcon_core.environment:create_environment_scripts_only(cpp_parameter_event_handler)
[11.934s] Level 1:colcon.colcon_core.environment:checking '/home/mahmoud/Desktop/ROS2/ros2_ws3/install/cpp_parameter_event_handler' for CMake module files
[11.936s] Level 1:colcon.colcon_core.environment:checking '/home/mahmoud/Desktop/ROS2/ros2_ws3/install/cpp_parameter_event_handler' for CMake config files
[11.937s] Level 1:colcon.colcon_core.environment:checking '/home/mahmoud/Desktop/ROS2/ros2_ws3/install/cpp_parameter_event_handler/bin'
[11.937s] Level 1:colcon.colcon_core.environment:checking '/home/mahmoud/Desktop/ROS2/ros2_ws3/install/cpp_parameter_event_handler/lib/pkgconfig/cpp_parameter_event_handler.pc'
[11.937s] Level 1:colcon.colcon_core.environment:checking '/home/mahmoud/Desktop/ROS2/ros2_ws3/install/cpp_parameter_event_handler/lib/python3.10/site-packages'
[11.938s] Level 1:colcon.colcon_core.environment:checking '/home/mahmoud/Desktop/ROS2/ros2_ws3/install/cpp_parameter_event_handler/bin'
[11.939s] INFO:colcon.colcon_core.shell:Creating package script '/home/mahmoud/Desktop/ROS2/ros2_ws3/install/cpp_parameter_event_handler/share/cpp_parameter_event_handler/package.ps1'
[11.972s] INFO:colcon.colcon_core.shell:Creating package descriptor '/home/mahmoud/Desktop/ROS2/ros2_ws3/install/cpp_parameter_event_handler/share/cpp_parameter_event_handler/package.dsv'
[11.988s] INFO:colcon.colcon_core.shell:Creating package script '/home/mahmoud/Desktop/ROS2/ros2_ws3/install/cpp_parameter_event_handler/share/cpp_parameter_event_handler/package.sh'
[11.993s] INFO:colcon.colcon_core.shell:Creating package script '/home/mahmoud/Desktop/ROS2/ros2_ws3/install/cpp_parameter_event_handler/share/cpp_parameter_event_handler/package.bash'
[12.001s] INFO:colcon.colcon_core.shell:Creating package script '/home/mahmoud/Desktop/ROS2/ros2_ws3/install/cpp_parameter_event_handler/share/cpp_parameter_event_handler/package.zsh'
[12.009s] Level 1:colcon.colcon_core.environment:create_file_with_runtime_dependencies(/home/mahmoud/Desktop/ROS2/ros2_ws3/install/cpp_parameter_event_handler/share/colcon-core/packages/cpp_parameter_event_handler)
[12.020s] DEBUG:colcon.colcon_parallel_executor.executor.parallel:closing loop
[12.020s] DEBUG:colcon.colcon_parallel_executor.executor.parallel:loop closed
[12.020s] DEBUG:colcon.colcon_parallel_executor.executor.parallel:run_until_complete finished with '2'
[12.020s] DEBUG:colcon.colcon_core.event_reactor:joining thread
[12.073s] INFO:colcon.colcon_core.plugin_system:Skipping extension 'colcon_notification.desktop_notification.terminal_notifier': Not used on non-Darwin systems
[12.074s] INFO:colcon.colcon_core.plugin_system:Skipping extension 'colcon_notification.desktop_notification.win32': Not used on non-Windows systems
[12.074s] INFO:colcon.colcon_notification.desktop_notification:Sending desktop notification using 'notify2'
[12.216s] DEBUG:colcon.colcon_core.event_reactor:joined thread
[12.217s] INFO:colcon.colcon_core.shell:Creating prefix script '/home/mahmoud/Desktop/ROS2/ros2_ws3/install/local_setup.ps1'
[12.225s] INFO:colcon.colcon_core.shell:Creating prefix util module '/home/mahmoud/Desktop/ROS2/ros2_ws3/install/_local_setup_util_ps1.py'
[12.240s] INFO:colcon.colcon_core.shell:Creating prefix chain script '/home/mahmoud/Desktop/ROS2/ros2_ws3/install/setup.ps1'
[12.247s] INFO:colcon.colcon_core.shell:Creating prefix script '/home/mahmoud/Desktop/ROS2/ros2_ws3/install/local_setup.sh'
[12.263s] INFO:colcon.colcon_core.shell:Creating prefix util module '/home/mahmoud/Desktop/ROS2/ros2_ws3/install/_local_setup_util_sh.py'
[12.264s] INFO:colcon.colcon_core.shell:Creating prefix chain script '/home/mahmoud/Desktop/ROS2/ros2_ws3/install/setup.sh'
[12.268s] INFO:colcon.colcon_core.shell:Creating prefix script '/home/mahmoud/Desktop/ROS2/ros2_ws3/install/local_setup.bash'
[12.280s] INFO:colcon.colcon_core.shell:Creating prefix chain script '/home/mahmoud/Desktop/ROS2/ros2_ws3/install/setup.bash'
[12.286s] INFO:colcon.colcon_core.shell:Creating prefix script '/home/mahmoud/Desktop/ROS2/ros2_ws3/install/local_setup.zsh'
[12.288s] INFO:colcon.colcon_core.shell:Creating prefix chain script '/home/mahmoud/Desktop/ROS2/ros2_ws3/install/setup.zsh'
