[0.023s] Invoking command in '/home/mahmoud/Desktop/ROS2/ros2_ws3/build/cpp_parameter_event_handler': CMAKE_PREFIX_PATH=${CMAKE_PREFIX_PATH}:/opt/ros/humble /usr/bin/cmake --build /home/mahmoud/Desktop/ROS2/ros2_ws3/build/cpp_parameter_event_handler -- -j2 -l2
[0.097s] [35m[1mConsolidate compiler generated dependencies of target parameter_event_handler[0m
[0.155s] [ 50%] [32mBuilding CXX object CMakeFiles/parameter_event_handler.dir/src/parameter_event_handler.cpp.o[0m
[16.074s] [100%] [32m[1mLinking CXX executable parameter_event_handler[0m
[16.996s] [100%] Built target parameter_event_handler
[17.018s] Invoked command in '/home/mahmoud/Desktop/ROS2/ros2_ws3/build/cpp_parameter_event_handler' returned '0': CMAKE_PREFIX_PATH=${CMAKE_PREFIX_PATH}:/opt/ros/humble /usr/bin/cmake --build /home/mahmoud/Desktop/ROS2/ros2_ws3/build/cpp_parameter_event_handler -- -j2 -l2
[17.043s] Invoking command in '/home/mahmoud/Desktop/ROS2/ros2_ws3/build/cpp_parameter_event_handler': CMAKE_PREFIX_PATH=${CMAKE_PREFIX_PATH}:/opt/ros/humble /usr/bin/cmake --install /home/mahmoud/Desktop/ROS2/ros2_ws3/build/cpp_parameter_event_handler
[17.052s] -- Install configuration: ""
[17.055s] -- Installing: /home/mahmoud/Desktop/ROS2/ros2_ws3/install/cpp_parameter_event_handler/lib/cpp_parameter_event_handler/parameter_event_handler
[17.060s] -- Set runtime path of "/home/mahmoud/Desktop/ROS2/ros2_ws3/install/cpp_parameter_event_handler/lib/cpp_parameter_event_handler/parameter_event_handler" to ""
[17.062s] -- Up-to-date: /home/mahmoud/Desktop/ROS2/ros2_ws3/install/cpp_parameter_event_handler/share/ament_index/resource_index/package_run_dependencies/cpp_parameter_event_handler
[17.062s] -- Up-to-date: /home/mahmoud/Desktop/ROS2/ros2_ws3/install/cpp_parameter_event_handler/share/ament_index/resource_index/parent_prefix_path/cpp_parameter_event_handler
[17.062s] -- Up-to-date: /home/mahmoud/Desktop/ROS2/ros2_ws3/install/cpp_parameter_event_handler/share/cpp_parameter_event_handler/environment/ament_prefix_path.sh
[17.062s] -- Up-to-date: /home/mahmoud/Desktop/ROS2/ros2_ws3/install/cpp_parameter_event_handler/share/cpp_parameter_event_handler/environment/ament_prefix_path.dsv
[17.062s] -- Up-to-date: /home/mahmoud/Desktop/ROS2/ros2_ws3/install/cpp_parameter_event_handler/share/cpp_parameter_event_handler/environment/path.sh
[17.063s] -- Up-to-date: /home/mahmoud/Desktop/ROS2/ros2_ws3/install/cpp_parameter_event_handler/share/cpp_parameter_event_handler/environment/path.dsv
[17.063s] -- Up-to-date: /home/mahmoud/Desktop/ROS2/ros2_ws3/install/cpp_parameter_event_handler/share/cpp_parameter_event_handler/local_setup.bash
[17.063s] -- Up-to-date: /home/mahmoud/Desktop/ROS2/ros2_ws3/install/cpp_parameter_event_handler/share/cpp_parameter_event_handler/local_setup.sh
[17.063s] -- Up-to-date: /home/mahmoud/Desktop/ROS2/ros2_ws3/install/cpp_parameter_event_handler/share/cpp_parameter_event_handler/local_setup.zsh
[17.063s] -- Up-to-date: /home/mahmoud/Desktop/ROS2/ros2_ws3/install/cpp_parameter_event_handler/share/cpp_parameter_event_handler/local_setup.dsv
[17.063s] -- Installing: /home/mahmoud/Desktop/ROS2/ros2_ws3/install/cpp_parameter_event_handler/share/cpp_parameter_event_handler/package.dsv
[17.063s] -- Up-to-date: /home/mahmoud/Desktop/ROS2/ros2_ws3/install/cpp_parameter_event_handler/share/ament_index/resource_index/packages/cpp_parameter_event_handler
[17.065s] -- Up-to-date: /home/mahmoud/Desktop/ROS2/ros2_ws3/install/cpp_parameter_event_handler/share/cpp_parameter_event_handler/cmake/cpp_parameter_event_handlerConfig.cmake
[17.066s] -- Up-to-date: /home/mahmoud/Desktop/ROS2/ros2_ws3/install/cpp_parameter_event_handler/share/cpp_parameter_event_handler/cmake/cpp_parameter_event_handlerConfig-version.cmake
[17.066s] -- Up-to-date: /home/mahmoud/Desktop/ROS2/ros2_ws3/install/cpp_parameter_event_handler/share/cpp_parameter_event_handler/package.xml
[17.066s] Invoked command in '/home/mahmoud/Desktop/ROS2/ros2_ws3/build/cpp_parameter_event_handler' returned '0': CMAKE_PREFIX_PATH=${CMAKE_PREFIX_PATH}:/opt/ros/humble /usr/bin/cmake --install /home/mahmoud/Desktop/ROS2/ros2_ws3/build/cpp_parameter_event_handler
