[0.035s] Invoking command in '/home/mahmoud/Desktop/ROS2/ros2_ws3/build/action_tutorials_interfaces': CMAKE_PREFIX_PATH=${CMAKE_PREFIX_PATH}:/opt/ros/humble /usr/bin/cmake --build /home/mahmoud/Desktop/ROS2/ros2_ws3/build/action_tutorials_interfaces -- -j2 -l2
[0.071s] -- Found ament_cmake: 1.3.11 (/opt/ros/humble/share/ament_cmake/cmake)
[0.409s] -- Found rosidl_default_generators: 1.2.0 (/opt/ros/humble/share/rosidl_default_generators/cmake)
[0.467s] -- Using all available rosidl_typesupport_c: rosidl_typesupport_fastrtps_c;rosidl_typesupport_introspection_c
[0.527s] -- Found rosidl_adapter: 3.1.6 (/opt/ros/humble/share/rosidl_adapter/cmake)
[0.789s] -- Using all available rosidl_typesupport_cpp: rosidl_typesupport_fastrtps_cpp;rosidl_typesupport_introspection_cpp
[1.654s] -- Found ament_cmake_ros: 0.10.0 (/opt/ros/humble/share/ament_cmake_ros/cmake)
[2.119s] -- Using all available rosidl_typesupport_c: rosidl_typesupport_fastrtps_c;rosidl_typesupport_introspection_c
[2.669s] -- Using all available rosidl_typesupport_cpp: rosidl_typesupport_fastrtps_cpp;rosidl_typesupport_introspection_cpp
[2.737s] -- Found PythonInterp: /usr/bin/python3 (found suitable version "3.10.12", minimum required is "3.6") 
[2.747s] -- Found python_cmake_module: 0.10.0 (/opt/ros/humble/share/python_cmake_module/cmake)
[2.881s] -- Found PythonLibs: /usr/lib/x86_64-linux-gnu/libpython3.10.so (found suitable version "3.10.12", minimum required is "3.5") 
[2.882s] -- Using PYTHON_EXECUTABLE: /usr/bin/python3
[2.883s] -- Using PYTHON_INCLUDE_DIRS: /usr/include/python3.10
[2.883s] -- Using PYTHON_LIBRARIES: /usr/lib/x86_64-linux-gnu/libpython3.10.so
[2.934s] -- Found PythonExtra: .so  
[3.027s] -- Found ament_lint_auto: 0.12.12 (/opt/ros/humble/share/ament_lint_auto/cmake)
[3.164s] -- Added test 'lint_cmake' to check CMake code style
[3.167s] -- Added test 'xmllint' to check XML markup files
[3.172s] -- Configuring done
[3.230s] -- Generating done
[3.261s] -- Build files have been written to: /home/mahmoud/Desktop/ROS2/ros2_ws3/build/action_tutorials_interfaces
[3.321s] [  3%] [34m[1mGenerating C code for ROS interfaces[0m
[3.335s] [  6%] [34m[1mGenerating C++ code for ROS interfaces[0m
[5.538s] [  6%] Built target action_tutorials_interfaces__cpp
[5.608s] [  6%] Built target ament_cmake_python_copy_action_tutorials_interfaces
[5.634s] [  9%] [34m[1mGenerating C++ type support for eProsima Fast-RTPS[0m
[5.677s] [ 12%] [32mBuilding C object CMakeFiles/action_tutorials_interfaces__rosidl_generator_c.dir/rosidl_generator_c/action_tutorials_interfaces/action/detail/fib__functions.c.o[0m
[5.923s] In file included from [01m[K/home/mahmoud/Desktop/ROS2/ros2_ws3/build/action_tutorials_interfaces/rosidl_generator_c/action_tutorials_interfaces/action/detail/fib__functions.h:19[m[K,
[5.923s]                  from [01m[K/home/mahmoud/Desktop/ROS2/ros2_ws3/build/action_tutorials_interfaces/rosidl_generator_c/action_tutorials_interfaces/action/detail/fib__functions.c:4[m[K:
[5.923s] [01m[K/home/mahmoud/Desktop/ROS2/ros2_ws3/build/action_tutorials_interfaces/rosidl_generator_c/action_tutorials_interfaces/action/detail/fib__struct.h:88:10:[m[K [01;31m[Kfatal error: [m[Kunique_identifier_msgs/msg/detail/uuid__struct.h: No such file or directory
[5.923s]    88 | #include [01;31m[K"unique_identifier_msgs/msg/detail/uuid__struct.h"[m[K
[5.923s]       |          [01;31m[K^~~~~~~~~~~~~~~~~~~~~~~~~~~~~~~~~~~~~~~~~~~~~~~~~~[m[K
[5.923s] compilation terminated.
[5.923s] gmake[2]: *** [CMakeFiles/action_tutorials_interfaces__rosidl_generator_c.dir/build.make:105: CMakeFiles/action_tutorials_interfaces__rosidl_generator_c.dir/rosidl_generator_c/action_tutorials_interfaces/action/detail/fib__functions.c.o] Error 1
[5.924s] gmake[1]: *** [CMakeFiles/Makefile2:213: CMakeFiles/action_tutorials_interfaces__rosidl_generator_c.dir/all] Error 2
[5.924s] gmake[1]: *** Waiting for unfinished jobs....
[6.695s] [ 16%] [32mBuilding CXX object CMakeFiles/action_tutorials_interfaces__rosidl_typesupport_fastrtps_cpp.dir/rosidl_typesupport_fastrtps_cpp/action_tutorials_interfaces/action/detail/dds_fastrtps/fib__type_support.cpp.o[0m
[7.198s] In file included from [01m[K/home/mahmoud/Desktop/ROS2/ros2_ws3/build/action_tutorials_interfaces/rosidl_typesupport_fastrtps_cpp/action_tutorials_interfaces/action/detail/fib__rosidl_typesupport_fastrtps_cpp.hpp:11[m[K,
[7.198s]                  from [01m[K/home/mahmoud/Desktop/ROS2/ros2_ws3/build/action_tutorials_interfaces/rosidl_typesupport_fastrtps_cpp/action_tutorials_interfaces/action/detail/dds_fastrtps/fib__type_support.cpp:4[m[K:
[7.198s] [01m[K/home/mahmoud/Desktop/ROS2/ros2_ws3/build/action_tutorials_interfaces/rosidl_generator_cpp/action_tutorials_interfaces/action/detail/fib__struct.hpp:346:10:[m[K [01;31m[Kfatal error: [m[Kunique_identifier_msgs/msg/detail/uuid__struct.hpp: No such file or directory
[7.198s]   346 | #include [01;31m[K"unique_identifier_msgs/msg/detail/uuid__struct.hpp"[m[K
[7.198s]       |          [01;31m[K^~~~~~~~~~~~~~~~~~~~~~~~~~~~~~~~~~~~~~~~~~~~~~~~~~~~[m[K
[7.202s] compilation terminated.
[7.203s] gmake[2]: *** [CMakeFiles/action_tutorials_interfaces__rosidl_typesupport_fastrtps_cpp.dir/build.make:91: CMakeFiles/action_tutorials_interfaces__rosidl_typesupport_fastrtps_cpp.dir/rosidl_typesupport_fastrtps_cpp/action_tutorials_interfaces/action/detail/dds_fastrtps/fib__type_support.cpp.o] Error 1
[7.204s] gmake[1]: *** [CMakeFiles/Makefile2:343: CMakeFiles/action_tutorials_interfaces__rosidl_typesupport_fastrtps_cpp.dir/all] Error 2
[7.204s] gmake: *** [Makefile:146: all] Error 2
[7.208s] Invoked command in '/home/mahmoud/Desktop/ROS2/ros2_ws3/build/action_tutorials_interfaces' returned '2': CMAKE_PREFIX_PATH=${CMAKE_PREFIX_PATH}:/opt/ros/humble /usr/bin/cmake --build /home/mahmoud/Desktop/ROS2/ros2_ws3/build/action_tutorials_interfaces -- -j2 -l2
