[0.018s] Invoking command in '/home/mahmoud/Desktop/ROS2/ros2_ws3/build/action_tutorials_interfaces': CMAKE_PREFIX_PATH=/opt/ros/humble /usr/bin/cmake /home/mahmoud/Desktop/ROS2/ros2_ws3/src/action_tutorials_interfaces -DCMAKE_INSTALL_PREFIX=/home/mahmoud/Desktop/ROS2/ros2_ws3/install/action_tutorials_interfaces
[0.103s] -- The C compiler identification is GNU 11.4.0
[0.219s] -- The CXX compiler identification is GNU 11.4.0
[0.236s] -- Detecting C compiler ABI info
[0.363s] -- Detecting C compiler ABI info - done
[0.387s] -- Check for working C compiler: /usr/bin/cc - skipped
[0.388s] -- Detecting C compile features
[0.389s] -- Detecting C compile features - done
[0.396s] -- Detecting CXX compiler ABI info
[0.576s] -- Detecting CXX compiler ABI info - done
[0.599s] -- Check for working CXX compiler: /usr/bin/c++ - skipped
[0.601s] -- Detecting CXX compile features
[0.601s] -- Detecting CXX compile features - done
[0.603s] -- Found ament_cmake: 1.3.11 (/opt/ros/humble/share/ament_cmake/cmake)
[0.889s] -- Found Python3: /usr/bin/python3 (found version "3.10.12") found components: Interpreter 
[1.060s] -- Found ament_lint_auto: 0.12.12 (/opt/ros/humble/share/ament_lint_auto/cmake)
[1.201s] -- Added test 'lint_cmake' to check CMake code style
[1.204s] -- Added test 'xmllint' to check XML markup files
[1.205s] -- Configuring done
[1.211s] -- Generating done
[1.218s] -- Build files have been written to: /home/mahmoud/Desktop/ROS2/ros2_ws3/build/action_tutorials_interfaces
[1.226s] Invoked command in '/home/mahmoud/Desktop/ROS2/ros2_ws3/build/action_tutorials_interfaces' returned '0': CMAKE_PREFIX_PATH=/opt/ros/humble /usr/bin/cmake /home/mahmoud/Desktop/ROS2/ros2_ws3/src/action_tutorials_interfaces -DCMAKE_INSTALL_PREFIX=/home/mahmoud/Desktop/ROS2/ros2_ws3/install/action_tutorials_interfaces
[1.231s] Invoking command in '/home/mahmoud/Desktop/ROS2/ros2_ws3/build/action_tutorials_interfaces': CMAKE_PREFIX_PATH=/opt/ros/humble /usr/bin/cmake --build /home/mahmoud/Desktop/ROS2/ros2_ws3/build/action_tutorials_interfaces -- -j2 -l2
[1.352s] Invoked command in '/home/mahmoud/Desktop/ROS2/ros2_ws3/build/action_tutorials_interfaces' returned '0': CMAKE_PREFIX_PATH=/opt/ros/humble /usr/bin/cmake --build /home/mahmoud/Desktop/ROS2/ros2_ws3/build/action_tutorials_interfaces -- -j2 -l2
[1.383s] Invoking command in '/home/mahmoud/Desktop/ROS2/ros2_ws3/build/action_tutorials_interfaces': CMAKE_PREFIX_PATH=/opt/ros/humble /usr/bin/cmake --install /home/mahmoud/Desktop/ROS2/ros2_ws3/build/action_tutorials_interfaces
[1.394s] -- Install configuration: ""
[1.394s] -- Installing: /home/mahmoud/Desktop/ROS2/ros2_ws3/install/action_tutorials_interfaces/share/ament_index/resource_index/package_run_dependencies/action_tutorials_interfaces
[1.395s] -- Installing: /home/mahmoud/Desktop/ROS2/ros2_ws3/install/action_tutorials_interfaces/share/ament_index/resource_index/parent_prefix_path/action_tutorials_interfaces
[1.396s] -- Installing: /home/mahmoud/Desktop/ROS2/ros2_ws3/install/action_tutorials_interfaces/share/action_tutorials_interfaces/environment/ament_prefix_path.sh
[1.397s] -- Installing: /home/mahmoud/Desktop/ROS2/ros2_ws3/install/action_tutorials_interfaces/share/action_tutorials_interfaces/environment/ament_prefix_path.dsv
[1.397s] -- Installing: /home/mahmoud/Desktop/ROS2/ros2_ws3/install/action_tutorials_interfaces/share/action_tutorials_interfaces/environment/path.sh
[1.397s] -- Installing: /home/mahmoud/Desktop/ROS2/ros2_ws3/install/action_tutorials_interfaces/share/action_tutorials_interfaces/environment/path.dsv
[1.397s] -- Installing: /home/mahmoud/Desktop/ROS2/ros2_ws3/install/action_tutorials_interfaces/share/action_tutorials_interfaces/local_setup.bash
[1.398s] -- Installing: /home/mahmoud/Desktop/ROS2/ros2_ws3/install/action_tutorials_interfaces/share/action_tutorials_interfaces/local_setup.sh
[1.399s] -- Installing: /home/mahmoud/Desktop/ROS2/ros2_ws3/install/action_tutorials_interfaces/share/action_tutorials_interfaces/local_setup.zsh
[1.399s] -- Installing: /home/mahmoud/Desktop/ROS2/ros2_ws3/install/action_tutorials_interfaces/share/action_tutorials_interfaces/local_setup.dsv
[1.399s] -- Installing: /home/mahmoud/Desktop/ROS2/ros2_ws3/install/action_tutorials_interfaces/share/action_tutorials_interfaces/package.dsv
[1.400s] -- Installing: /home/mahmoud/Desktop/ROS2/ros2_ws3/install/action_tutorials_interfaces/share/ament_index/resource_index/packages/action_tutorials_interfaces
[1.400s] -- Installing: /home/mahmoud/Desktop/ROS2/ros2_ws3/install/action_tutorials_interfaces/share/action_tutorials_interfaces/cmake/action_tutorials_interfacesConfig.cmake
[1.400s] -- Installing: /home/mahmoud/Desktop/ROS2/ros2_ws3/install/action_tutorials_interfaces/share/action_tutorials_interfaces/cmake/action_tutorials_interfacesConfig-version.cmake
[1.402s] -- Installing: /home/mahmoud/Desktop/ROS2/ros2_ws3/install/action_tutorials_interfaces/share/action_tutorials_interfaces/package.xml
[1.406s] Invoked command in '/home/mahmoud/Desktop/ROS2/ros2_ws3/build/action_tutorials_interfaces' returned '0': CMAKE_PREFIX_PATH=/opt/ros/humble /usr/bin/cmake --install /home/mahmoud/Desktop/ROS2/ros2_ws3/build/action_tutorials_interfaces
