[0.022s] Invoking command in '/home/mahmoud/Desktop/ROS2/ros2_ws3/build/cpp_parameter_event_handler': CMAKE_PREFIX_PATH=/opt/ros/humble /usr/bin/cmake --build /home/mahmoud/Desktop/ROS2/ros2_ws3/build/cpp_parameter_event_handler -- -j2 -l2
[0.090s] [35m[1mConsolidate compiler generated dependencies of target parameter_event_handler[0m
[0.140s] [ 50%] [32mBuilding CXX object CMakeFiles/parameter_event_handler.dir/src/parameter_event_handler.cpp.o[0m
[18.461s] [100%] [32m[1mLinking CXX executable parameter_event_handler[0m
[19.360s] [100%] Built target parameter_event_handler
[19.390s] Invoked command in '/home/mahmoud/Desktop/ROS2/ros2_ws3/build/cpp_parameter_event_handler' returned '0': CMAKE_PREFIX_PATH=/opt/ros/humble /usr/bin/cmake --build /home/mahmoud/Desktop/ROS2/ros2_ws3/build/cpp_parameter_event_handler -- -j2 -l2
[19.406s] Invoking command in '/home/mahmoud/Desktop/ROS2/ros2_ws3/build/cpp_parameter_event_handler': CMAKE_PREFIX_PATH=/opt/ros/humble /usr/bin/cmake --install /home/mahmoud/Desktop/ROS2/ros2_ws3/build/cpp_parameter_event_handler
[19.424s] -- Install configuration: ""
[19.424s] -- Installing: /home/mahmoud/Desktop/ROS2/ros2_ws3/install/cpp_parameter_event_handler/lib/cpp_parameter_event_handler/parameter_event_handler
[19.430s] -- Set runtime path of "/home/mahmoud/Desktop/ROS2/ros2_ws3/install/cpp_parameter_event_handler/lib/cpp_parameter_event_handler/parameter_event_handler" to ""
[19.432s] -- Installing: /home/mahmoud/Desktop/ROS2/ros2_ws3/install/cpp_parameter_event_handler/share/ament_index/resource_index/package_run_dependencies/cpp_parameter_event_handler
[19.432s] -- Installing: /home/mahmoud/Desktop/ROS2/ros2_ws3/install/cpp_parameter_event_handler/share/ament_index/resource_index/parent_prefix_path/cpp_parameter_event_handler
[19.433s] -- Installing: /home/mahmoud/Desktop/ROS2/ros2_ws3/install/cpp_parameter_event_handler/share/cpp_parameter_event_handler/environment/ament_prefix_path.sh
[19.433s] -- Installing: /home/mahmoud/Desktop/ROS2/ros2_ws3/install/cpp_parameter_event_handler/share/cpp_parameter_event_handler/environment/ament_prefix_path.dsv
[19.433s] -- Installing: /home/mahmoud/Desktop/ROS2/ros2_ws3/install/cpp_parameter_event_handler/share/cpp_parameter_event_handler/environment/path.sh
[19.434s] -- Installing: /home/mahmoud/Desktop/ROS2/ros2_ws3/install/cpp_parameter_event_handler/share/cpp_parameter_event_handler/environment/path.dsv
[19.434s] -- Installing: /home/mahmoud/Desktop/ROS2/ros2_ws3/install/cpp_parameter_event_handler/share/cpp_parameter_event_handler/local_setup.bash
[19.435s] -- Installing: /home/mahmoud/Desktop/ROS2/ros2_ws3/install/cpp_parameter_event_handler/share/cpp_parameter_event_handler/local_setup.sh
[19.435s] -- Installing: /home/mahmoud/Desktop/ROS2/ros2_ws3/install/cpp_parameter_event_handler/share/cpp_parameter_event_handler/local_setup.zsh
[19.435s] -- Installing: /home/mahmoud/Desktop/ROS2/ros2_ws3/install/cpp_parameter_event_handler/share/cpp_parameter_event_handler/local_setup.dsv
[19.436s] -- Up-to-date: /home/mahmoud/Desktop/ROS2/ros2_ws3/install/cpp_parameter_event_handler/share/cpp_parameter_event_handler/package.dsv
[19.436s] -- Installing: /home/mahmoud/Desktop/ROS2/ros2_ws3/install/cpp_parameter_event_handler/share/ament_index/resource_index/packages/cpp_parameter_event_handler
[19.436s] -- Installing: /home/mahmoud/Desktop/ROS2/ros2_ws3/install/cpp_parameter_event_handler/share/cpp_parameter_event_handler/cmake/cpp_parameter_event_handlerConfig.cmake
[19.436s] -- Installing: /home/mahmoud/Desktop/ROS2/ros2_ws3/install/cpp_parameter_event_handler/share/cpp_parameter_event_handler/cmake/cpp_parameter_event_handlerConfig-version.cmake
[19.447s] -- Installing: /home/mahmoud/Desktop/ROS2/ros2_ws3/install/cpp_parameter_event_handler/share/cpp_parameter_event_handler/package.xml
[19.447s] Invoked command in '/home/mahmoud/Desktop/ROS2/ros2_ws3/build/cpp_parameter_event_handler' returned '0': CMAKE_PREFIX_PATH=/opt/ros/humble /usr/bin/cmake --install /home/mahmoud/Desktop/ROS2/ros2_ws3/build/cpp_parameter_event_handler
