[0.019s] Invoking command in '/home/mahmoud/Desktop/ROS2/ros2_ws3/build/action_tutorials_interfaces': CMAKE_PREFIX_PATH=${CMAKE_PREFIX_PATH}:/opt/ros/humble /usr/bin/cmake --build /home/mahmoud/Desktop/ROS2/ros2_ws3/build/action_tutorials_interfaces -- -j2 -l2
[0.057s] -- Found ament_cmake: 1.3.11 (/opt/ros/humble/share/ament_cmake/cmake)
[0.374s] -- Found rosidl_default_generators: 1.2.0 (/opt/ros/humble/share/rosidl_default_generators/cmake)
[0.377s] -- Using all available rosidl_typesupport_c: rosidl_typesupport_fastrtps_c;rosidl_typesupport_introspection_c
[0.384s] -- Found rosidl_adapter: 3.1.6 (/opt/ros/humble/share/rosidl_adapter/cmake)
[0.465s] -- Using all available rosidl_typesupport_cpp: rosidl_typesupport_fastrtps_cpp;rosidl_typesupport_introspection_cpp
[1.354s] -- Found ament_cmake_ros: 0.10.0 (/opt/ros/humble/share/ament_cmake_ros/cmake)
[1.745s] -- Using all available rosidl_typesupport_c: rosidl_typesupport_fastrtps_c;rosidl_typesupport_introspection_c
[2.237s] -- Using all available rosidl_typesupport_cpp: rosidl_typesupport_fastrtps_cpp;rosidl_typesupport_introspection_cpp
[2.287s] -- Found python_cmake_module: 0.10.0 (/opt/ros/humble/share/python_cmake_module/cmake)
[2.339s] -- Using PYTHON_EXECUTABLE: /usr/bin/python3
[2.339s] -- Using PYTHON_INCLUDE_DIRS: /usr/include/python3.10
[2.339s] -- Using PYTHON_LIBRARIES: /usr/lib/x86_64-linux-gnu/libpython3.10.so
[2.383s] -- Found ament_lint_auto: 0.12.12 (/opt/ros/humble/share/ament_lint_auto/cmake)
[2.416s] -- Added test 'lint_cmake' to check CMake code style
[2.416s] -- Added test 'xmllint' to check XML markup files
[2.426s] -- Configuring done
[2.518s] -- Generating done
[2.551s] -- Build files have been written to: /home/mahmoud/Desktop/ROS2/ros2_ws3/build/action_tutorials_interfaces
[2.620s] [  3%] [34m[1mGenerating C code for ROS interfaces[0m
[2.631s] [  6%] [34m[1mGenerating C++ code for ROS interfaces[0m
[4.791s] [  9%] [32mBuilding C object CMakeFiles/action_tutorials_interfaces__rosidl_generator_c.dir/rosidl_generator_c/action_tutorials_interfaces/action/detail/fib__functions.c.o[0m
[4.864s] [  9%] Built target action_tutorials_interfaces__cpp
[4.959s] [  9%] Built target ament_cmake_python_copy_action_tutorials_interfaces
[5.012s] [ 12%] [34m[1mGenerating C++ type support dispatch for ROS interfaces[0m
[5.445s] [ 16%] [32m[1mLinking C shared library libaction_tutorials_interfaces__rosidl_generator_c.so[0m
[5.600s] [ 16%] Built target action_tutorials_interfaces__rosidl_generator_c
[5.647s] [ 19%] [34m[1mGenerating C++ type support for eProsima Fast-RTPS[0m
[6.416s] [ 22%] [32mBuilding CXX object CMakeFiles/action_tutorials_interfaces__rosidl_typesupport_cpp.dir/rosidl_typesupport_cpp/action_tutorials_interfaces/action/fib__type_support.cpp.o[0m
[7.379s] [ 25%] [32mBuilding CXX object CMakeFiles/action_tutorials_interfaces__rosidl_typesupport_fastrtps_cpp.dir/rosidl_typesupport_fastrtps_cpp/action_tutorials_interfaces/action/detail/dds_fastrtps/fib__type_support.cpp.o[0m
[8.224s] [ 29%] [32m[1mLinking CXX shared library libaction_tutorials_interfaces__rosidl_typesupport_cpp.so[0m
[8.395s] [ 29%] Built target action_tutorials_interfaces__rosidl_typesupport_cpp
[8.426s] [ 32%] [34m[1mGenerating C++ introspection for ROS interfaces[0m
[9.610s] [ 35%] [32m[1mLinking CXX shared library libaction_tutorials_interfaces__rosidl_typesupport_fastrtps_cpp.so[0m
[9.998s] [ 35%] Built target action_tutorials_interfaces__rosidl_typesupport_fastrtps_cpp
[10.202s] [ 38%] [32mBuilding CXX object CMakeFiles/action_tutorials_interfaces__rosidl_typesupport_introspection_cpp.dir/rosidl_typesupport_introspection_cpp/action_tutorials_interfaces/action/detail/fib__type_support.cpp.o[0m
[10.969s] running egg_info
[10.970s] creating action_tutorials_interfaces.egg-info
[10.976s] writing action_tutorials_interfaces.egg-info/PKG-INFO
[10.977s] writing dependency_links to action_tutorials_interfaces.egg-info/dependency_links.txt
[10.977s] writing top-level names to action_tutorials_interfaces.egg-info/top_level.txt
[10.977s] writing manifest file 'action_tutorials_interfaces.egg-info/SOURCES.txt'
[11.018s] reading manifest file 'action_tutorials_interfaces.egg-info/SOURCES.txt'
[11.020s] writing manifest file 'action_tutorials_interfaces.egg-info/SOURCES.txt'
[11.162s] [ 38%] Built target ament_cmake_python_build_action_tutorials_interfaces_egg
[11.196s] [ 41%] [34m[1mGenerating C type support for eProsima Fast-RTPS[0m
[13.319s] [ 45%] [32m[1mLinking CXX shared library libaction_tutorials_interfaces__rosidl_typesupport_introspection_cpp.so[0m
[13.711s] [ 45%] Built target action_tutorials_interfaces__rosidl_typesupport_introspection_cpp
[13.746s] [ 48%] [34m[1mGenerating C introspection for ROS interfaces[0m
[13.836s] [ 51%] [32mBuilding CXX object CMakeFiles/action_tutorials_interfaces__rosidl_typesupport_fastrtps_c.dir/rosidl_typesupport_fastrtps_c/action_tutorials_interfaces/action/detail/fib__type_support_c.cpp.o[0m
[15.595s] [ 54%] [32m[1mLinking CXX shared library libaction_tutorials_interfaces__rosidl_typesupport_fastrtps_c.so[0m
[16.012s] [ 58%] [32mBuilding C object CMakeFiles/action_tutorials_interfaces__rosidl_typesupport_introspection_c.dir/rosidl_typesupport_introspection_c/action_tutorials_interfaces/action/detail/fib__type_support.c.o[0m
[16.225s] [ 58%] Built target action_tutorials_interfaces__rosidl_typesupport_fastrtps_c
[16.245s] [ 61%] [34m[1mGenerating C type support dispatch for ROS interfaces[0m
[17.631s] [ 64%] [32m[1mLinking C shared library libaction_tutorials_interfaces__rosidl_typesupport_introspection_c.so[0m
[18.037s] [ 67%] [32mBuilding CXX object CMakeFiles/action_tutorials_interfaces__rosidl_typesupport_c.dir/rosidl_typesupport_c/action_tutorials_interfaces/action/fib__type_support.cpp.o[0m
[18.105s] [ 67%] Built target action_tutorials_interfaces__rosidl_typesupport_introspection_c
[18.369s] [ 70%] [32m[1mLinking CXX shared library libaction_tutorials_interfaces__rosidl_typesupport_c.so[0m
[18.517s] [ 70%] Built target action_tutorials_interfaces__rosidl_typesupport_c
[18.559s] [ 70%] Built target action_tutorials_interfaces
[18.602s] [ 74%] [34m[1mGenerating Python code for ROS interfaces[0m
[21.841s] [ 74%] Built target action_tutorials_interfaces__py
[21.921s] [ 77%] [32mBuilding C object CMakeFiles/action_tutorials_interfaces__rosidl_generator_py.dir/rosidl_generator_py/action_tutorials_interfaces/action/_fib_s.c.o[0m
[23.779s] [ 80%] [32m[1mLinking C shared library rosidl_generator_py/action_tutorials_interfaces/libaction_tutorials_interfaces__rosidl_generator_py.so[0m
[24.020s] [ 80%] Built target action_tutorials_interfaces__rosidl_generator_py
[24.097s] [ 83%] [32mBuilding C object CMakeFiles/action_tutorials_interfaces__rosidl_typesupport_fastrtps_c__pyext.dir/rosidl_generator_py/action_tutorials_interfaces/_action_tutorials_interfaces_s.ep.rosidl_typesupport_fastrtps_c.c.o[0m
[24.098s] [ 87%] [32mBuilding C object CMakeFiles/action_tutorials_interfaces__rosidl_typesupport_introspection_c__pyext.dir/rosidl_generator_py/action_tutorials_interfaces/_action_tutorials_interfaces_s.ep.rosidl_typesupport_introspection_c.c.o[0m
[24.712s] [ 90%] [32m[1mLinking C shared library rosidl_generator_py/action_tutorials_interfaces/action_tutorials_interfaces_s__rosidl_typesupport_introspection_c.cpython-310-x86_64-linux-gnu.so[0m
[24.777s] [ 93%] [32m[1mLinking C shared library rosidl_generator_py/action_tutorials_interfaces/action_tutorials_interfaces_s__rosidl_typesupport_fastrtps_c.cpython-310-x86_64-linux-gnu.so[0m
[25.128s] [ 93%] Built target action_tutorials_interfaces__rosidl_typesupport_introspection_c__pyext
[25.137s] [ 93%] Built target action_tutorials_interfaces__rosidl_typesupport_fastrtps_c__pyext
[25.212s] [ 96%] [32mBuilding C object CMakeFiles/action_tutorials_interfaces__rosidl_typesupport_c__pyext.dir/rosidl_generator_py/action_tutorials_interfaces/_action_tutorials_interfaces_s.ep.rosidl_typesupport_c.c.o[0m
[25.544s] [100%] [32m[1mLinking C shared library rosidl_generator_py/action_tutorials_interfaces/action_tutorials_interfaces_s__rosidl_typesupport_c.cpython-310-x86_64-linux-gnu.so[0m
[25.658s] [100%] Built target action_tutorials_interfaces__rosidl_typesupport_c__pyext
[25.706s] Invoked command in '/home/mahmoud/Desktop/ROS2/ros2_ws3/build/action_tutorials_interfaces' returned '0': CMAKE_PREFIX_PATH=${CMAKE_PREFIX_PATH}:/opt/ros/humble /usr/bin/cmake --build /home/mahmoud/Desktop/ROS2/ros2_ws3/build/action_tutorials_interfaces -- -j2 -l2
[25.734s] Invoking command in '/home/mahmoud/Desktop/ROS2/ros2_ws3/build/action_tutorials_interfaces': CMAKE_PREFIX_PATH=${CMAKE_PREFIX_PATH}:/opt/ros/humble /usr/bin/cmake --install /home/mahmoud/Desktop/ROS2/ros2_ws3/build/action_tutorials_interfaces
[25.755s] -- Install configuration: ""
[25.755s] -- Installing: /home/mahmoud/Desktop/ROS2/ros2_ws3/install/action_tutorials_interfaces/share/ament_index/resource_index/rosidl_interfaces/action_tutorials_interfaces
[25.755s] -- Installing: /home/mahmoud/Desktop/ROS2/ros2_ws3/install/action_tutorials_interfaces/include/action_tutorials_interfaces/action_tutorials_interfaces
[25.755s] -- Installing: /home/mahmoud/Desktop/ROS2/ros2_ws3/install/action_tutorials_interfaces/include/action_tutorials_interfaces/action_tutorials_interfaces/action
[25.755s] -- Installing: /home/mahmoud/Desktop/ROS2/ros2_ws3/install/action_tutorials_interfaces/include/action_tutorials_interfaces/action_tutorials_interfaces/action/detail
[25.755s] -- Installing: /home/mahmoud/Desktop/ROS2/ros2_ws3/install/action_tutorials_interfaces/include/action_tutorials_interfaces/action_tutorials_interfaces/action/detail/fib__struct.h
[25.758s] -- Installing: /home/mahmoud/Desktop/ROS2/ros2_ws3/install/action_tutorials_interfaces/include/action_tutorials_interfaces/action_tutorials_interfaces/action/detail/fib__functions.h
[25.759s] -- Installing: /home/mahmoud/Desktop/ROS2/ros2_ws3/install/action_tutorials_interfaces/include/action_tutorials_interfaces/action_tutorials_interfaces/action/detail/fib__functions.c
[25.759s] -- Installing: /home/mahmoud/Desktop/ROS2/ros2_ws3/install/action_tutorials_interfaces/include/action_tutorials_interfaces/action_tutorials_interfaces/action/detail/fib__type_support.h
[25.761s] -- Installing: /home/mahmoud/Desktop/ROS2/ros2_ws3/install/action_tutorials_interfaces/include/action_tutorials_interfaces/action_tutorials_interfaces/action/fib.h
[25.761s] -- Installing: /home/mahmoud/Desktop/ROS2/ros2_ws3/install/action_tutorials_interfaces/include/action_tutorials_interfaces/action_tutorials_interfaces/msg
[25.761s] -- Installing: /home/mahmoud/Desktop/ROS2/ros2_ws3/install/action_tutorials_interfaces/include/action_tutorials_interfaces/action_tutorials_interfaces/msg/rosidl_generator_c__visibility_control.h
[25.761s] -- Installing: /home/mahmoud/Desktop/ROS2/ros2_ws3/install/action_tutorials_interfaces/share/action_tutorials_interfaces/environment/library_path.sh
[25.761s] -- Installing: /home/mahmoud/Desktop/ROS2/ros2_ws3/install/action_tutorials_interfaces/share/action_tutorials_interfaces/environment/library_path.dsv
[25.761s] -- Installing: /home/mahmoud/Desktop/ROS2/ros2_ws3/install/action_tutorials_interfaces/lib/libaction_tutorials_interfaces__rosidl_generator_c.so
[25.761s] -- Set runtime path of "/home/mahmoud/Desktop/ROS2/ros2_ws3/install/action_tutorials_interfaces/lib/libaction_tutorials_interfaces__rosidl_generator_c.so" to ""
[25.761s] -- Up-to-date: /home/mahmoud/Desktop/ROS2/ros2_ws3/install/action_tutorials_interfaces/include/action_tutorials_interfaces/action_tutorials_interfaces
[25.762s] -- Up-to-date: /home/mahmoud/Desktop/ROS2/ros2_ws3/install/action_tutorials_interfaces/include/action_tutorials_interfaces/action_tutorials_interfaces/action
[25.762s] -- Up-to-date: /home/mahmoud/Desktop/ROS2/ros2_ws3/install/action_tutorials_interfaces/include/action_tutorials_interfaces/action_tutorials_interfaces/action/detail
[25.762s] -- Installing: /home/mahmoud/Desktop/ROS2/ros2_ws3/install/action_tutorials_interfaces/include/action_tutorials_interfaces/action_tutorials_interfaces/action/detail/fib__rosidl_typesupport_fastrtps_c.h
[25.762s] -- Up-to-date: /home/mahmoud/Desktop/ROS2/ros2_ws3/install/action_tutorials_interfaces/include/action_tutorials_interfaces/action_tutorials_interfaces/msg
[25.762s] -- Installing: /home/mahmoud/Desktop/ROS2/ros2_ws3/install/action_tutorials_interfaces/include/action_tutorials_interfaces/action_tutorials_interfaces/msg/rosidl_typesupport_fastrtps_c__visibility_control.h
[25.768s] -- Installing: /home/mahmoud/Desktop/ROS2/ros2_ws3/install/action_tutorials_interfaces/lib/libaction_tutorials_interfaces__rosidl_typesupport_fastrtps_c.so
[25.768s] -- Set runtime path of "/home/mahmoud/Desktop/ROS2/ros2_ws3/install/action_tutorials_interfaces/lib/libaction_tutorials_interfaces__rosidl_typesupport_fastrtps_c.so" to ""
[25.768s] -- Up-to-date: /home/mahmoud/Desktop/ROS2/ros2_ws3/install/action_tutorials_interfaces/include/action_tutorials_interfaces/action_tutorials_interfaces
[25.768s] -- Up-to-date: /home/mahmoud/Desktop/ROS2/ros2_ws3/install/action_tutorials_interfaces/include/action_tutorials_interfaces/action_tutorials_interfaces/action
[25.768s] -- Up-to-date: /home/mahmoud/Desktop/ROS2/ros2_ws3/install/action_tutorials_interfaces/include/action_tutorials_interfaces/action_tutorials_interfaces/action/detail
[25.768s] -- Installing: /home/mahmoud/Desktop/ROS2/ros2_ws3/install/action_tutorials_interfaces/include/action_tutorials_interfaces/action_tutorials_interfaces/action/detail/fib__type_support.c
[25.768s] -- Installing: /home/mahmoud/Desktop/ROS2/ros2_ws3/install/action_tutorials_interfaces/include/action_tutorials_interfaces/action_tutorials_interfaces/action/detail/fib__rosidl_typesupport_introspection_c.h
[25.769s] -- Up-to-date: /home/mahmoud/Desktop/ROS2/ros2_ws3/install/action_tutorials_interfaces/include/action_tutorials_interfaces/action_tutorials_interfaces/msg
[25.769s] -- Installing: /home/mahmoud/Desktop/ROS2/ros2_ws3/install/action_tutorials_interfaces/include/action_tutorials_interfaces/action_tutorials_interfaces/msg/rosidl_typesupport_introspection_c__visibility_control.h
[25.769s] -- Installing: /home/mahmoud/Desktop/ROS2/ros2_ws3/install/action_tutorials_interfaces/lib/libaction_tutorials_interfaces__rosidl_typesupport_introspection_c.so
[25.779s] -- Set runtime path of "/home/mahmoud/Desktop/ROS2/ros2_ws3/install/action_tutorials_interfaces/lib/libaction_tutorials_interfaces__rosidl_typesupport_introspection_c.so" to ""
[25.779s] -- Installing: /home/mahmoud/Desktop/ROS2/ros2_ws3/install/action_tutorials_interfaces/lib/libaction_tutorials_interfaces__rosidl_typesupport_c.so
[25.779s] -- Set runtime path of "/home/mahmoud/Desktop/ROS2/ros2_ws3/install/action_tutorials_interfaces/lib/libaction_tutorials_interfaces__rosidl_typesupport_c.so" to ""
[25.779s] -- Up-to-date: /home/mahmoud/Desktop/ROS2/ros2_ws3/install/action_tutorials_interfaces/include/action_tutorials_interfaces/action_tutorials_interfaces
[25.779s] -- Up-to-date: /home/mahmoud/Desktop/ROS2/ros2_ws3/install/action_tutorials_interfaces/include/action_tutorials_interfaces/action_tutorials_interfaces/action
[25.780s] -- Up-to-date: /home/mahmoud/Desktop/ROS2/ros2_ws3/install/action_tutorials_interfaces/include/action_tutorials_interfaces/action_tutorials_interfaces/action/detail
[25.780s] -- Installing: /home/mahmoud/Desktop/ROS2/ros2_ws3/install/action_tutorials_interfaces/include/action_tutorials_interfaces/action_tutorials_interfaces/action/detail/fib__struct.hpp
[25.780s] -- Installing: /home/mahmoud/Desktop/ROS2/ros2_ws3/install/action_tutorials_interfaces/include/action_tutorials_interfaces/action_tutorials_interfaces/action/detail/fib__traits.hpp
[25.780s] -- Installing: /home/mahmoud/Desktop/ROS2/ros2_ws3/install/action_tutorials_interfaces/include/action_tutorials_interfaces/action_tutorials_interfaces/action/detail/fib__builder.hpp
[25.780s] -- Installing: /home/mahmoud/Desktop/ROS2/ros2_ws3/install/action_tutorials_interfaces/include/action_tutorials_interfaces/action_tutorials_interfaces/action/detail/fib__type_support.hpp
[25.780s] -- Installing: /home/mahmoud/Desktop/ROS2/ros2_ws3/install/action_tutorials_interfaces/include/action_tutorials_interfaces/action_tutorials_interfaces/action/fib.hpp
[25.783s] -- Up-to-date: /home/mahmoud/Desktop/ROS2/ros2_ws3/install/action_tutorials_interfaces/include/action_tutorials_interfaces/action_tutorials_interfaces/msg
[25.787s] -- Installing: /home/mahmoud/Desktop/ROS2/ros2_ws3/install/action_tutorials_interfaces/include/action_tutorials_interfaces/action_tutorials_interfaces/msg/rosidl_generator_cpp__visibility_control.hpp
[25.787s] -- Up-to-date: /home/mahmoud/Desktop/ROS2/ros2_ws3/install/action_tutorials_interfaces/include/action_tutorials_interfaces/action_tutorials_interfaces
[25.787s] -- Up-to-date: /home/mahmoud/Desktop/ROS2/ros2_ws3/install/action_tutorials_interfaces/include/action_tutorials_interfaces/action_tutorials_interfaces/action
[25.787s] -- Up-to-date: /home/mahmoud/Desktop/ROS2/ros2_ws3/install/action_tutorials_interfaces/include/action_tutorials_interfaces/action_tutorials_interfaces/action/detail
[25.787s] -- Installing: /home/mahmoud/Desktop/ROS2/ros2_ws3/install/action_tutorials_interfaces/include/action_tutorials_interfaces/action_tutorials_interfaces/action/detail/fib__rosidl_typesupport_fastrtps_cpp.hpp
[25.790s] -- Installing: /home/mahmoud/Desktop/ROS2/ros2_ws3/install/action_tutorials_interfaces/include/action_tutorials_interfaces/action_tutorials_interfaces/action/detail/dds_fastrtps
[25.790s] -- Up-to-date: /home/mahmoud/Desktop/ROS2/ros2_ws3/install/action_tutorials_interfaces/include/action_tutorials_interfaces/action_tutorials_interfaces/msg
[25.790s] -- Installing: /home/mahmoud/Desktop/ROS2/ros2_ws3/install/action_tutorials_interfaces/include/action_tutorials_interfaces/action_tutorials_interfaces/msg/rosidl_typesupport_fastrtps_cpp__visibility_control.h
[25.794s] -- Installing: /home/mahmoud/Desktop/ROS2/ros2_ws3/install/action_tutorials_interfaces/lib/libaction_tutorials_interfaces__rosidl_typesupport_fastrtps_cpp.so
[25.794s] -- Set runtime path of "/home/mahmoud/Desktop/ROS2/ros2_ws3/install/action_tutorials_interfaces/lib/libaction_tutorials_interfaces__rosidl_typesupport_fastrtps_cpp.so" to ""
[25.794s] -- Up-to-date: /home/mahmoud/Desktop/ROS2/ros2_ws3/install/action_tutorials_interfaces/include/action_tutorials_interfaces/action_tutorials_interfaces
[25.794s] -- Up-to-date: /home/mahmoud/Desktop/ROS2/ros2_ws3/install/action_tutorials_interfaces/include/action_tutorials_interfaces/action_tutorials_interfaces/action
[25.794s] -- Up-to-date: /home/mahmoud/Desktop/ROS2/ros2_ws3/install/action_tutorials_interfaces/include/action_tutorials_interfaces/action_tutorials_interfaces/action/detail
[25.794s] -- Installing: /home/mahmoud/Desktop/ROS2/ros2_ws3/install/action_tutorials_interfaces/include/action_tutorials_interfaces/action_tutorials_interfaces/action/detail/fib__rosidl_typesupport_introspection_cpp.hpp
[25.795s] -- Installing: /home/mahmoud/Desktop/ROS2/ros2_ws3/install/action_tutorials_interfaces/include/action_tutorials_interfaces/action_tutorials_interfaces/action/detail/fib__type_support.cpp
[25.795s] -- Installing: /home/mahmoud/Desktop/ROS2/ros2_ws3/install/action_tutorials_interfaces/lib/libaction_tutorials_interfaces__rosidl_typesupport_introspection_cpp.so
[25.795s] -- Set runtime path of "/home/mahmoud/Desktop/ROS2/ros2_ws3/install/action_tutorials_interfaces/lib/libaction_tutorials_interfaces__rosidl_typesupport_introspection_cpp.so" to ""
[25.795s] -- Installing: /home/mahmoud/Desktop/ROS2/ros2_ws3/install/action_tutorials_interfaces/lib/libaction_tutorials_interfaces__rosidl_typesupport_cpp.so
[25.795s] -- Set runtime path of "/home/mahmoud/Desktop/ROS2/ros2_ws3/install/action_tutorials_interfaces/lib/libaction_tutorials_interfaces__rosidl_typesupport_cpp.so" to ""
[25.795s] -- Installing: /home/mahmoud/Desktop/ROS2/ros2_ws3/install/action_tutorials_interfaces/share/action_tutorials_interfaces/environment/pythonpath.sh
[25.795s] -- Installing: /home/mahmoud/Desktop/ROS2/ros2_ws3/install/action_tutorials_interfaces/share/action_tutorials_interfaces/environment/pythonpath.dsv
[25.795s] -- Installing: /home/mahmoud/Desktop/ROS2/ros2_ws3/install/action_tutorials_interfaces/local/lib/python3.10/dist-packages/action_tutorials_interfaces-0.0.0-py3.10.egg-info
[25.802s] -- Installing: /home/mahmoud/Desktop/ROS2/ros2_ws3/install/action_tutorials_interfaces/local/lib/python3.10/dist-packages/action_tutorials_interfaces-0.0.0-py3.10.egg-info/dependency_links.txt
[25.804s] -- Installing: /home/mahmoud/Desktop/ROS2/ros2_ws3/install/action_tutorials_interfaces/local/lib/python3.10/dist-packages/action_tutorials_interfaces-0.0.0-py3.10.egg-info/top_level.txt
[25.805s] -- Installing: /home/mahmoud/Desktop/ROS2/ros2_ws3/install/action_tutorials_interfaces/local/lib/python3.10/dist-packages/action_tutorials_interfaces-0.0.0-py3.10.egg-info/PKG-INFO
[25.805s] -- Installing: /home/mahmoud/Desktop/ROS2/ros2_ws3/install/action_tutorials_interfaces/local/lib/python3.10/dist-packages/action_tutorials_interfaces-0.0.0-py3.10.egg-info/SOURCES.txt
[25.805s] -- Installing: /home/mahmoud/Desktop/ROS2/ros2_ws3/install/action_tutorials_interfaces/local/lib/python3.10/dist-packages/action_tutorials_interfaces
[25.805s] -- Installing: /home/mahmoud/Desktop/ROS2/ros2_ws3/install/action_tutorials_interfaces/local/lib/python3.10/dist-packages/action_tutorials_interfaces/action
[25.805s] -- Installing: /home/mahmoud/Desktop/ROS2/ros2_ws3/install/action_tutorials_interfaces/local/lib/python3.10/dist-packages/action_tutorials_interfaces/action/_fib.py
[25.805s] -- Installing: /home/mahmoud/Desktop/ROS2/ros2_ws3/install/action_tutorials_interfaces/local/lib/python3.10/dist-packages/action_tutorials_interfaces/action/_fib_s.c
[25.805s] -- Installing: /home/mahmoud/Desktop/ROS2/ros2_ws3/install/action_tutorials_interfaces/local/lib/python3.10/dist-packages/action_tutorials_interfaces/action/__init__.py
[25.805s] -- Installing: /home/mahmoud/Desktop/ROS2/ros2_ws3/install/action_tutorials_interfaces/local/lib/python3.10/dist-packages/action_tutorials_interfaces/action_tutorials_interfaces_s__rosidl_typesupport_introspection_c.cpython-310-x86_64-linux-gnu.so
[25.808s] -- Installing: /home/mahmoud/Desktop/ROS2/ros2_ws3/install/action_tutorials_interfaces/local/lib/python3.10/dist-packages/action_tutorials_interfaces/libaction_tutorials_interfaces__rosidl_generator_py.so
[25.809s] -- Installing: /home/mahmoud/Desktop/ROS2/ros2_ws3/install/action_tutorials_interfaces/local/lib/python3.10/dist-packages/action_tutorials_interfaces/_action_tutorials_interfaces_s.ep.rosidl_typesupport_introspection_c.c
[25.811s] -- Installing: /home/mahmoud/Desktop/ROS2/ros2_ws3/install/action_tutorials_interfaces/local/lib/python3.10/dist-packages/action_tutorials_interfaces/__init__.py
[25.811s] -- Installing: /home/mahmoud/Desktop/ROS2/ros2_ws3/install/action_tutorials_interfaces/local/lib/python3.10/dist-packages/action_tutorials_interfaces/_action_tutorials_interfaces_s.ep.rosidl_typesupport_c.c
[25.811s] -- Installing: /home/mahmoud/Desktop/ROS2/ros2_ws3/install/action_tutorials_interfaces/local/lib/python3.10/dist-packages/action_tutorials_interfaces/action_tutorials_interfaces_s__rosidl_typesupport_fastrtps_c.cpython-310-x86_64-linux-gnu.so
[25.811s] -- Installing: /home/mahmoud/Desktop/ROS2/ros2_ws3/install/action_tutorials_interfaces/local/lib/python3.10/dist-packages/action_tutorials_interfaces/action_tutorials_interfaces_s__rosidl_typesupport_c.cpython-310-x86_64-linux-gnu.so
[25.811s] -- Installing: /home/mahmoud/Desktop/ROS2/ros2_ws3/install/action_tutorials_interfaces/local/lib/python3.10/dist-packages/action_tutorials_interfaces/_action_tutorials_interfaces_s.ep.rosidl_typesupport_fastrtps_c.c
[25.930s] Listing '/home/mahmoud/Desktop/ROS2/ros2_ws3/install/action_tutorials_interfaces/local/lib/python3.10/dist-packages/action_tutorials_interfaces'...
[25.932s] Compiling '/home/mahmoud/Desktop/ROS2/ros2_ws3/install/action_tutorials_interfaces/local/lib/python3.10/dist-packages/action_tutorials_interfaces/__init__.py'...
[25.932s] Listing '/home/mahmoud/Desktop/ROS2/ros2_ws3/install/action_tutorials_interfaces/local/lib/python3.10/dist-packages/action_tutorials_interfaces/action'...
[25.932s] Compiling '/home/mahmoud/Desktop/ROS2/ros2_ws3/install/action_tutorials_interfaces/local/lib/python3.10/dist-packages/action_tutorials_interfaces/action/__init__.py'...
[25.932s] Compiling '/home/mahmoud/Desktop/ROS2/ros2_ws3/install/action_tutorials_interfaces/local/lib/python3.10/dist-packages/action_tutorials_interfaces/action/_fib.py'...
[25.947s] -- Installing: /home/mahmoud/Desktop/ROS2/ros2_ws3/install/action_tutorials_interfaces/local/lib/python3.10/dist-packages/action_tutorials_interfaces/action_tutorials_interfaces_s__rosidl_typesupport_fastrtps_c.cpython-310-x86_64-linux-gnu.so
[25.949s] -- Set runtime path of "/home/mahmoud/Desktop/ROS2/ros2_ws3/install/action_tutorials_interfaces/local/lib/python3.10/dist-packages/action_tutorials_interfaces/action_tutorials_interfaces_s__rosidl_typesupport_fastrtps_c.cpython-310-x86_64-linux-gnu.so" to ""
[25.949s] -- Installing: /home/mahmoud/Desktop/ROS2/ros2_ws3/install/action_tutorials_interfaces/local/lib/python3.10/dist-packages/action_tutorials_interfaces/action_tutorials_interfaces_s__rosidl_typesupport_introspection_c.cpython-310-x86_64-linux-gnu.so
[25.949s] -- Set runtime path of "/home/mahmoud/Desktop/ROS2/ros2_ws3/install/action_tutorials_interfaces/local/lib/python3.10/dist-packages/action_tutorials_interfaces/action_tutorials_interfaces_s__rosidl_typesupport_introspection_c.cpython-310-x86_64-linux-gnu.so" to ""
[25.953s] -- Installing: /home/mahmoud/Desktop/ROS2/ros2_ws3/install/action_tutorials_interfaces/local/lib/python3.10/dist-packages/action_tutorials_interfaces/action_tutorials_interfaces_s__rosidl_typesupport_c.cpython-310-x86_64-linux-gnu.so
[25.965s] -- Set runtime path of "/home/mahmoud/Desktop/ROS2/ros2_ws3/install/action_tutorials_interfaces/local/lib/python3.10/dist-packages/action_tutorials_interfaces/action_tutorials_interfaces_s__rosidl_typesupport_c.cpython-310-x86_64-linux-gnu.so" to ""
[25.966s] -- Installing: /home/mahmoud/Desktop/ROS2/ros2_ws3/install/action_tutorials_interfaces/lib/libaction_tutorials_interfaces__rosidl_generator_py.so
[25.966s] -- Set runtime path of "/home/mahmoud/Desktop/ROS2/ros2_ws3/install/action_tutorials_interfaces/lib/libaction_tutorials_interfaces__rosidl_generator_py.so" to ""
[25.966s] -- Installing: /home/mahmoud/Desktop/ROS2/ros2_ws3/install/action_tutorials_interfaces/share/action_tutorials_interfaces/action/Fib.idl
[25.966s] -- Installing: /home/mahmoud/Desktop/ROS2/ros2_ws3/install/action_tutorials_interfaces/share/action_tutorials_interfaces/action/Fib.action
[25.966s] -- Up-to-date: /home/mahmoud/Desktop/ROS2/ros2_ws3/install/action_tutorials_interfaces/share/ament_index/resource_index/package_run_dependencies/action_tutorials_interfaces
[25.966s] -- Installing: /home/mahmoud/Desktop/ROS2/ros2_ws3/install/action_tutorials_interfaces/share/ament_index/resource_index/parent_prefix_path/action_tutorials_interfaces
[25.966s] -- Up-to-date: /home/mahmoud/Desktop/ROS2/ros2_ws3/install/action_tutorials_interfaces/share/action_tutorials_interfaces/environment/ament_prefix_path.sh
[25.966s] -- Installing: /home/mahmoud/Desktop/ROS2/ros2_ws3/install/action_tutorials_interfaces/share/action_tutorials_interfaces/environment/ament_prefix_path.dsv
[25.969s] -- Up-to-date: /home/mahmoud/Desktop/ROS2/ros2_ws3/install/action_tutorials_interfaces/share/action_tutorials_interfaces/environment/path.sh
[25.969s] -- Installing: /home/mahmoud/Desktop/ROS2/ros2_ws3/install/action_tutorials_interfaces/share/action_tutorials_interfaces/environment/path.dsv
[25.969s] -- Up-to-date: /home/mahmoud/Desktop/ROS2/ros2_ws3/install/action_tutorials_interfaces/share/action_tutorials_interfaces/local_setup.bash
[25.969s] -- Installing: /home/mahmoud/Desktop/ROS2/ros2_ws3/install/action_tutorials_interfaces/share/action_tutorials_interfaces/local_setup.sh
[25.969s] -- Up-to-date: /home/mahmoud/Desktop/ROS2/ros2_ws3/install/action_tutorials_interfaces/share/action_tutorials_interfaces/local_setup.zsh
[25.969s] -- Installing: /home/mahmoud/Desktop/ROS2/ros2_ws3/install/action_tutorials_interfaces/share/action_tutorials_interfaces/local_setup.dsv
[25.970s] -- Installing: /home/mahmoud/Desktop/ROS2/ros2_ws3/install/action_tutorials_interfaces/share/action_tutorials_interfaces/package.dsv
[25.970s] -- Up-to-date: /home/mahmoud/Desktop/ROS2/ros2_ws3/install/action_tutorials_interfaces/share/ament_index/resource_index/packages/action_tutorials_interfaces
[25.970s] -- Installing: /home/mahmoud/Desktop/ROS2/ros2_ws3/install/action_tutorials_interfaces/share/action_tutorials_interfaces/cmake/export_action_tutorials_interfaces__rosidl_generator_cExport.cmake
[25.970s] -- Installing: /home/mahmoud/Desktop/ROS2/ros2_ws3/install/action_tutorials_interfaces/share/action_tutorials_interfaces/cmake/export_action_tutorials_interfaces__rosidl_generator_cExport-noconfig.cmake
[25.970s] -- Installing: /home/mahmoud/Desktop/ROS2/ros2_ws3/install/action_tutorials_interfaces/share/action_tutorials_interfaces/cmake/export_action_tutorials_interfaces__rosidl_typesupport_fastrtps_cExport.cmake
[25.970s] -- Installing: /home/mahmoud/Desktop/ROS2/ros2_ws3/install/action_tutorials_interfaces/share/action_tutorials_interfaces/cmake/export_action_tutorials_interfaces__rosidl_typesupport_fastrtps_cExport-noconfig.cmake
[25.970s] -- Installing: /home/mahmoud/Desktop/ROS2/ros2_ws3/install/action_tutorials_interfaces/share/action_tutorials_interfaces/cmake/action_tutorials_interfaces__rosidl_typesupport_introspection_cExport.cmake
[25.970s] -- Installing: /home/mahmoud/Desktop/ROS2/ros2_ws3/install/action_tutorials_interfaces/share/action_tutorials_interfaces/cmake/action_tutorials_interfaces__rosidl_typesupport_introspection_cExport-noconfig.cmake
[25.972s] -- Installing: /home/mahmoud/Desktop/ROS2/ros2_ws3/install/action_tutorials_interfaces/share/action_tutorials_interfaces/cmake/action_tutorials_interfaces__rosidl_typesupport_cExport.cmake
[25.972s] -- Installing: /home/mahmoud/Desktop/ROS2/ros2_ws3/install/action_tutorials_interfaces/share/action_tutorials_interfaces/cmake/action_tutorials_interfaces__rosidl_typesupport_cExport-noconfig.cmake
[25.972s] -- Installing: /home/mahmoud/Desktop/ROS2/ros2_ws3/install/action_tutorials_interfaces/share/action_tutorials_interfaces/cmake/export_action_tutorials_interfaces__rosidl_generator_cppExport.cmake
[25.972s] -- Installing: /home/mahmoud/Desktop/ROS2/ros2_ws3/install/action_tutorials_interfaces/share/action_tutorials_interfaces/cmake/export_action_tutorials_interfaces__rosidl_typesupport_fastrtps_cppExport.cmake
[25.972s] -- Installing: /home/mahmoud/Desktop/ROS2/ros2_ws3/install/action_tutorials_interfaces/share/action_tutorials_interfaces/cmake/export_action_tutorials_interfaces__rosidl_typesupport_fastrtps_cppExport-noconfig.cmake
[25.972s] -- Installing: /home/mahmoud/Desktop/ROS2/ros2_ws3/install/action_tutorials_interfaces/share/action_tutorials_interfaces/cmake/action_tutorials_interfaces__rosidl_typesupport_introspection_cppExport.cmake
[25.973s] -- Installing: /home/mahmoud/Desktop/ROS2/ros2_ws3/install/action_tutorials_interfaces/share/action_tutorials_interfaces/cmake/action_tutorials_interfaces__rosidl_typesupport_introspection_cppExport-noconfig.cmake
[25.973s] -- Installing: /home/mahmoud/Desktop/ROS2/ros2_ws3/install/action_tutorials_interfaces/share/action_tutorials_interfaces/cmake/action_tutorials_interfaces__rosidl_typesupport_cppExport.cmake
[25.973s] -- Installing: /home/mahmoud/Desktop/ROS2/ros2_ws3/install/action_tutorials_interfaces/share/action_tutorials_interfaces/cmake/action_tutorials_interfaces__rosidl_typesupport_cppExport-noconfig.cmake
[25.973s] -- Installing: /home/mahmoud/Desktop/ROS2/ros2_ws3/install/action_tutorials_interfaces/share/action_tutorials_interfaces/cmake/export_action_tutorials_interfaces__rosidl_generator_pyExport.cmake
[25.974s] -- Installing: /home/mahmoud/Desktop/ROS2/ros2_ws3/install/action_tutorials_interfaces/share/action_tutorials_interfaces/cmake/export_action_tutorials_interfaces__rosidl_generator_pyExport-noconfig.cmake
[25.976s] -- Installing: /home/mahmoud/Desktop/ROS2/ros2_ws3/install/action_tutorials_interfaces/share/action_tutorials_interfaces/cmake/rosidl_cmake-extras.cmake
[25.977s] -- Installing: /home/mahmoud/Desktop/ROS2/ros2_ws3/install/action_tutorials_interfaces/share/action_tutorials_interfaces/cmake/ament_cmake_export_dependencies-extras.cmake
[25.977s] -- Installing: /home/mahmoud/Desktop/ROS2/ros2_ws3/install/action_tutorials_interfaces/share/action_tutorials_interfaces/cmake/ament_cmake_export_include_directories-extras.cmake
[25.977s] -- Installing: /home/mahmoud/Desktop/ROS2/ros2_ws3/install/action_tutorials_interfaces/share/action_tutorials_interfaces/cmake/ament_cmake_export_libraries-extras.cmake
[25.977s] -- Installing: /home/mahmoud/Desktop/ROS2/ros2_ws3/install/action_tutorials_interfaces/share/action_tutorials_interfaces/cmake/ament_cmake_export_targets-extras.cmake
[25.977s] -- Installing: /home/mahmoud/Desktop/ROS2/ros2_ws3/install/action_tutorials_interfaces/share/action_tutorials_interfaces/cmake/rosidl_cmake_export_typesupport_targets-extras.cmake
[25.977s] -- Installing: /home/mahmoud/Desktop/ROS2/ros2_ws3/install/action_tutorials_interfaces/share/action_tutorials_interfaces/cmake/rosidl_cmake_export_typesupport_libraries-extras.cmake
[25.977s] -- Installing: /home/mahmoud/Desktop/ROS2/ros2_ws3/install/action_tutorials_interfaces/share/action_tutorials_interfaces/cmake/action_tutorials_interfacesConfig.cmake
[25.977s] -- Up-to-date: /home/mahmoud/Desktop/ROS2/ros2_ws3/install/action_tutorials_interfaces/share/action_tutorials_interfaces/cmake/action_tutorials_interfacesConfig-version.cmake
[25.978s] -- Up-to-date: /home/mahmoud/Desktop/ROS2/ros2_ws3/install/action_tutorials_interfaces/share/action_tutorials_interfaces/package.xml
[25.978s] Invoked command in '/home/mahmoud/Desktop/ROS2/ros2_ws3/build/action_tutorials_interfaces' returned '0': CMAKE_PREFIX_PATH=${CMAKE_PREFIX_PATH}:/opt/ros/humble /usr/bin/cmake --install /home/mahmoud/Desktop/ROS2/ros2_ws3/build/action_tutorials_interfaces
