[0.077s] Invoking command in '/home/mahmoud/Desktop/ROS2/ros2_ws3/build/cpp_parameter_event_handler': CMAKE_PREFIX_PATH=/opt/ros/humble /usr/bin/cmake /home/mahmoud/Desktop/ROS2/ros2_ws3/src/cpp_parameter_event_handler -DCMAKE_INSTALL_PREFIX=/home/mahmoud/Desktop/ROS2/ros2_ws3/install/cpp_parameter_event_handler
[1.349s] -- The C compiler identification is GNU 11.4.0
[2.093s] -- The CXX compiler identification is GNU 11.4.0
[2.136s] -- Detecting C compiler ABI info
[2.555s] -- Detecting C compiler ABI info - done
[2.596s] -- Check for working C compiler: /usr/bin/cc - skipped
[2.599s] -- Detecting C compile features
[2.611s] -- Detecting C compile features - done
[2.638s] -- Detecting CXX compiler ABI info
[2.995s] -- Detecting CXX compiler ABI info - done
[3.033s] -- Check for working CXX compiler: /usr/bin/c++ - skipped
[3.034s] -- Detecting CXX compile features
[3.034s] -- Detecting CXX compile features - done
[3.098s] -- Found ament_cmake: 1.3.11 (/opt/ros/humble/share/ament_cmake/cmake)
[3.529s] -- Found Python3: /usr/bin/python3 (found version "3.10.12") found components: Interpreter 
[3.875s] -- Found rclcpp: 16.0.12 (/opt/ros/humble/share/rclcpp/cmake)
[4.183s] -- Found rosidl_generator_c: 3.1.6 (/opt/ros/humble/share/rosidl_generator_c/cmake)
[4.218s] -- Found rosidl_adapter: 3.1.6 (/opt/ros/humble/share/rosidl_adapter/cmake)
[4.251s] -- Found rosidl_generator_cpp: 3.1.6 (/opt/ros/humble/share/rosidl_generator_cpp/cmake)
[4.340s] -- Using all available rosidl_typesupport_c: rosidl_typesupport_fastrtps_c;rosidl_typesupport_introspection_c
[4.415s] -- Using all available rosidl_typesupport_cpp: rosidl_typesupport_fastrtps_cpp;rosidl_typesupport_introspection_cpp
[4.675s] -- Found rmw_implementation_cmake: 6.1.2 (/opt/ros/humble/share/rmw_implementation_cmake/cmake)
[4.687s] -- Found rmw_fastrtps_cpp: 6.2.7 (/opt/ros/humble/share/rmw_fastrtps_cpp/cmake)
[5.135s] -- Found OpenSSL: /usr/lib/x86_64-linux-gnu/libcrypto.so (found version "3.0.2")  
[5.223s] -- Found FastRTPS: /opt/ros/humble/include  
[5.282s] -- Using RMW implementation 'rmw_fastrtps_cpp' as default
[5.397s] -- Looking for pthread.h
[5.775s] -- Looking for pthread.h - found
[5.794s] -- Performing Test CMAKE_HAVE_LIBC_PTHREAD
[6.000s] -- Performing Test CMAKE_HAVE_LIBC_PTHREAD - Success
[6.001s] -- Found Threads: TRUE  
[6.318s] -- Found ament_lint_auto: 0.12.12 (/opt/ros/humble/share/ament_lint_auto/cmake)
[6.630s] -- Added test 'cppcheck' to perform static code analysis on C / C++ code
[6.630s] -- Configured cppcheck include dirs: 
[6.631s] -- Configured cppcheck exclude dirs and/or files: 
[6.636s] -- Added test 'lint_cmake' to check CMake code style
[6.639s] -- Added test 'uncrustify' to check C / C++ code style
[6.639s] -- Configured uncrustify additional arguments: 
[6.644s] -- Added test 'xmllint' to check XML markup files
[6.647s] -- Configuring done
[6.672s] -- Generating done
[6.682s] -- Build files have been written to: /home/mahmoud/Desktop/ROS2/ros2_ws3/build/cpp_parameter_event_handler
[6.702s] Invoked command in '/home/mahmoud/Desktop/ROS2/ros2_ws3/build/cpp_parameter_event_handler' returned '0': CMAKE_PREFIX_PATH=/opt/ros/humble /usr/bin/cmake /home/mahmoud/Desktop/ROS2/ros2_ws3/src/cpp_parameter_event_handler -DCMAKE_INSTALL_PREFIX=/home/mahmoud/Desktop/ROS2/ros2_ws3/install/cpp_parameter_event_handler
[6.711s] Invoking command in '/home/mahmoud/Desktop/ROS2/ros2_ws3/build/cpp_parameter_event_handler': CMAKE_PREFIX_PATH=/opt/ros/humble /usr/bin/cmake --build /home/mahmoud/Desktop/ROS2/ros2_ws3/build/cpp_parameter_event_handler -- -j2 -l2
[6.858s] [ 50%] [32mBuilding CXX object CMakeFiles/parameter_event_handler.dir/src/parameter_event_handler.cpp.o[0m
[6.958s] [100%] [32m[1mLinking CXX executable parameter_event_handler[0m
[7.245s] /usr/bin/ld: /usr/lib/gcc/x86_64-linux-gnu/11/../../../x86_64-linux-gnu/Scrt1.o: in function `_start':
[7.247s] (.text+0x1b): undefined reference to `main'
[7.248s] collect2: error: ld returned 1 exit status
[7.250s] gmake[2]: *** [CMakeFiles/parameter_event_handler.dir/build.make:151: parameter_event_handler] Error 1
[7.251s] gmake[1]: *** [CMakeFiles/Makefile2:137: CMakeFiles/parameter_event_handler.dir/all] Error 2
[7.251s] gmake: *** [Makefile:146: all] Error 2
[7.256s] Invoked command in '/home/mahmoud/Desktop/ROS2/ros2_ws3/build/cpp_parameter_event_handler' returned '2': CMAKE_PREFIX_PATH=/opt/ros/humble /usr/bin/cmake --build /home/mahmoud/Desktop/ROS2/ros2_ws3/build/cpp_parameter_event_handler -- -j2 -l2
