[0.029s] Invoking command in '/home/mahmoud/Desktop/ROS2/ros2_ws3/build/action_tutorials_cpp': CMAKE_PREFIX_PATH=/home/mahmoud/Desktop/ROS2/ros2_ws3/install/action_tutorials_interfaces:/home/mahmoud/Desktop/ROS2/ros2_ws3/install/cpp_srvcli_threeints:/home/mahmoud/Desktop/ROS2/ros2_ws3/install/tutorial_interfaces:/home/mahmoud/Desktop/ROS2/ros2_ws3/install/more_interfaces:/home/mahmoud/Desktop/ROS2/ros2_ws3/install/cpp_srvcli:/home/mahmoud/Desktop/ROS2/ros2_ws3/install/cpp_pubsub:/home/mahmoud/Desktop/ROS2/ros2_ws3/install/CPP_SrvClient_FourInts:/opt/ros/humble /usr/bin/cmake /home/mahmoud/Desktop/ROS2/ros2_ws3/src/action_tutorials_cpp -DCMAKE_INSTALL_PREFIX=/home/mahmoud/Desktop/ROS2/ros2_ws3/install/action_tutorials_cpp
[0.162s] -- The C compiler identification is GNU 11.4.0
[0.349s] -- The CXX compiler identification is GNU 11.4.0
[0.364s] -- Detecting C compiler ABI info
[0.534s] -- Detecting C compiler ABI info - done
[0.572s] -- Check for working C compiler: /usr/bin/cc - skipped
[0.573s] -- Detecting C compile features
[0.575s] -- Detecting C compile features - done
[0.590s] -- Detecting CXX compiler ABI info
[0.767s] -- Detecting CXX compiler ABI info - done
[0.793s] -- Check for working CXX compiler: /usr/bin/c++ - skipped
[0.796s] -- Detecting CXX compile features
[0.797s] -- Detecting CXX compile features - done
[0.801s] -- Found ament_cmake: 1.3.11 (/opt/ros/humble/share/ament_cmake/cmake)
[1.207s] -- Found Python3: /usr/bin/python3 (found version "3.10.12") found components: Interpreter 
[1.427s] -- Found action_tutorials_interfaces: 0.0.0 (/home/mahmoud/Desktop/ROS2/ros2_ws3/install/action_tutorials_interfaces/share/action_tutorials_interfaces/cmake)
[1.505s] -- Found rosidl_generator_c: 3.1.6 (/opt/ros/humble/share/rosidl_generator_c/cmake)
[1.515s] -- Found rosidl_adapter: 3.1.6 (/opt/ros/humble/share/rosidl_adapter/cmake)
[1.533s] -- Found rosidl_generator_cpp: 3.1.6 (/opt/ros/humble/share/rosidl_generator_cpp/cmake)
[1.569s] -- Using all available rosidl_typesupport_c: rosidl_typesupport_fastrtps_c;rosidl_typesupport_introspection_c
[1.606s] -- Using all available rosidl_typesupport_cpp: rosidl_typesupport_fastrtps_cpp;rosidl_typesupport_introspection_cpp
[1.805s] -- Found rclcpp: 16.0.12 (/opt/ros/humble/share/rclcpp/cmake)
[2.067s] -- Found rmw_implementation_cmake: 6.1.2 (/opt/ros/humble/share/rmw_implementation_cmake/cmake)
[2.088s] -- Found rmw_fastrtps_cpp: 6.2.7 (/opt/ros/humble/share/rmw_fastrtps_cpp/cmake)
[2.444s] -- Found OpenSSL: /usr/lib/x86_64-linux-gnu/libcrypto.so (found version "3.0.2")  
[2.509s] -- Found FastRTPS: /opt/ros/humble/include  
[2.589s] -- Using RMW implementation 'rmw_fastrtps_cpp' as default
[2.686s] -- Looking for pthread.h
[2.839s] -- Looking for pthread.h - found
[2.840s] -- Performing Test CMAKE_HAVE_LIBC_PTHREAD
[2.970s] -- Performing Test CMAKE_HAVE_LIBC_PTHREAD - Success
[2.970s] -- Found Threads: TRUE  
[3.292s] -- Found rclcpp_action: 16.0.12 (/opt/ros/humble/share/rclcpp_action/cmake)
[3.351s] -- Found rclcpp_components: 16.0.12 (/opt/ros/humble/share/rclcpp_components/cmake)
[3.449s] -- Found ament_lint_auto: 0.12.12 (/opt/ros/humble/share/ament_lint_auto/cmake)
[3.607s] -- Added test 'cppcheck' to perform static code analysis on C / C++ code
[3.608s] -- Configured cppcheck include dirs: $<BUILD_INTERFACE:/home/mahmoud/Desktop/ROS2/ros2_ws3/src/action_tutorials_cpp/include>
[3.608s] -- Configured cppcheck exclude dirs and/or files: 
[3.619s] -- Added test 'lint_cmake' to check CMake code style
[3.619s] -- Added test 'uncrustify' to check C / C++ code style
[3.620s] -- Configured uncrustify additional arguments: 
[3.624s] -- Added test 'xmllint' to check XML markup files
[3.624s] -- Configuring done
[3.651s] -- Generating done
[3.667s] -- Build files have been written to: /home/mahmoud/Desktop/ROS2/ros2_ws3/build/action_tutorials_cpp
[3.688s] Invoked command in '/home/mahmoud/Desktop/ROS2/ros2_ws3/build/action_tutorials_cpp' returned '0': CMAKE_PREFIX_PATH=/home/mahmoud/Desktop/ROS2/ros2_ws3/install/action_tutorials_interfaces:/home/mahmoud/Desktop/ROS2/ros2_ws3/install/cpp_srvcli_threeints:/home/mahmoud/Desktop/ROS2/ros2_ws3/install/tutorial_interfaces:/home/mahmoud/Desktop/ROS2/ros2_ws3/install/more_interfaces:/home/mahmoud/Desktop/ROS2/ros2_ws3/install/cpp_srvcli:/home/mahmoud/Desktop/ROS2/ros2_ws3/install/cpp_pubsub:/home/mahmoud/Desktop/ROS2/ros2_ws3/install/CPP_SrvClient_FourInts:/opt/ros/humble /usr/bin/cmake /home/mahmoud/Desktop/ROS2/ros2_ws3/src/action_tutorials_cpp -DCMAKE_INSTALL_PREFIX=/home/mahmoud/Desktop/ROS2/ros2_ws3/install/action_tutorials_cpp
[3.689s] Invoking command in '/home/mahmoud/Desktop/ROS2/ros2_ws3/build/action_tutorials_cpp': CMAKE_PREFIX_PATH=/home/mahmoud/Desktop/ROS2/ros2_ws3/install/action_tutorials_interfaces:/home/mahmoud/Desktop/ROS2/ros2_ws3/install/cpp_srvcli_threeints:/home/mahmoud/Desktop/ROS2/ros2_ws3/install/tutorial_interfaces:/home/mahmoud/Desktop/ROS2/ros2_ws3/install/more_interfaces:/home/mahmoud/Desktop/ROS2/ros2_ws3/install/cpp_srvcli:/home/mahmoud/Desktop/ROS2/ros2_ws3/install/cpp_pubsub:/home/mahmoud/Desktop/ROS2/ros2_ws3/install/CPP_SrvClient_FourInts:/opt/ros/humble /usr/bin/cmake --build /home/mahmoud/Desktop/ROS2/ros2_ws3/build/action_tutorials_cpp -- -j2 -l2
[3.810s] [ 25%] [32mBuilding CXX object CMakeFiles/action_server.dir/src/fibonacci_action_server.cpp.o[0m
[3.822s] [ 50%] [32mBuilding CXX object CMakeFiles/fibonacci_action_server.dir/rclcpp_components/node_main_fibonacci_action_server.cpp.o[0m
[3.909s] [ 75%] [32m[1mLinking CXX shared library libaction_server.so[0m
[4.283s] [ 75%] Built target action_server
[11.340s] [100%] [32m[1mLinking CXX executable fibonacci_action_server[0m
[11.629s] [100%] Built target fibonacci_action_server
[11.647s] Invoked command in '/home/mahmoud/Desktop/ROS2/ros2_ws3/build/action_tutorials_cpp' returned '0': CMAKE_PREFIX_PATH=/home/mahmoud/Desktop/ROS2/ros2_ws3/install/action_tutorials_interfaces:/home/mahmoud/Desktop/ROS2/ros2_ws3/install/cpp_srvcli_threeints:/home/mahmoud/Desktop/ROS2/ros2_ws3/install/tutorial_interfaces:/home/mahmoud/Desktop/ROS2/ros2_ws3/install/more_interfaces:/home/mahmoud/Desktop/ROS2/ros2_ws3/install/cpp_srvcli:/home/mahmoud/Desktop/ROS2/ros2_ws3/install/cpp_pubsub:/home/mahmoud/Desktop/ROS2/ros2_ws3/install/CPP_SrvClient_FourInts:/opt/ros/humble /usr/bin/cmake --build /home/mahmoud/Desktop/ROS2/ros2_ws3/build/action_tutorials_cpp -- -j2 -l2
[11.668s] Invoking command in '/home/mahmoud/Desktop/ROS2/ros2_ws3/build/action_tutorials_cpp': CMAKE_PREFIX_PATH=/home/mahmoud/Desktop/ROS2/ros2_ws3/install/action_tutorials_interfaces:/home/mahmoud/Desktop/ROS2/ros2_ws3/install/cpp_srvcli_threeints:/home/mahmoud/Desktop/ROS2/ros2_ws3/install/tutorial_interfaces:/home/mahmoud/Desktop/ROS2/ros2_ws3/install/more_interfaces:/home/mahmoud/Desktop/ROS2/ros2_ws3/install/cpp_srvcli:/home/mahmoud/Desktop/ROS2/ros2_ws3/install/cpp_pubsub:/home/mahmoud/Desktop/ROS2/ros2_ws3/install/CPP_SrvClient_FourInts:/opt/ros/humble /usr/bin/cmake --install /home/mahmoud/Desktop/ROS2/ros2_ws3/build/action_tutorials_cpp
[11.676s] -- Install configuration: ""
[11.677s] -- Installing: /home/mahmoud/Desktop/ROS2/ros2_ws3/install/action_tutorials_cpp/lib/action_tutorials_cpp/fibonacci_action_server
[11.679s] -- Set runtime path of "/home/mahmoud/Desktop/ROS2/ros2_ws3/install/action_tutorials_cpp/lib/action_tutorials_cpp/fibonacci_action_server" to ""
[11.679s] -- Installing: /home/mahmoud/Desktop/ROS2/ros2_ws3/install/action_tutorials_cpp/lib/libaction_server.so
[11.680s] -- Set runtime path of "/home/mahmoud/Desktop/ROS2/ros2_ws3/install/action_tutorials_cpp/lib/libaction_server.so" to ""
[11.680s] -- Installing: /home/mahmoud/Desktop/ROS2/ros2_ws3/install/action_tutorials_cpp/share/ament_index/resource_index/package_run_dependencies/action_tutorials_cpp
[11.680s] -- Installing: /home/mahmoud/Desktop/ROS2/ros2_ws3/install/action_tutorials_cpp/share/ament_index/resource_index/parent_prefix_path/action_tutorials_cpp
[11.680s] -- Installing: /home/mahmoud/Desktop/ROS2/ros2_ws3/install/action_tutorials_cpp/share/action_tutorials_cpp/environment/ament_prefix_path.sh
[11.680s] -- Installing: /home/mahmoud/Desktop/ROS2/ros2_ws3/install/action_tutorials_cpp/share/action_tutorials_cpp/environment/ament_prefix_path.dsv
[11.684s] -- Installing: /home/mahmoud/Desktop/ROS2/ros2_ws3/install/action_tutorials_cpp/share/action_tutorials_cpp/environment/path.sh
[11.684s] -- Installing: /home/mahmoud/Desktop/ROS2/ros2_ws3/install/action_tutorials_cpp/share/action_tutorials_cpp/environment/path.dsv
[11.685s] -- Installing: /home/mahmoud/Desktop/ROS2/ros2_ws3/install/action_tutorials_cpp/share/action_tutorials_cpp/local_setup.bash
[11.685s] -- Installing: /home/mahmoud/Desktop/ROS2/ros2_ws3/install/action_tutorials_cpp/share/action_tutorials_cpp/local_setup.sh
[11.685s] -- Installing: /home/mahmoud/Desktop/ROS2/ros2_ws3/install/action_tutorials_cpp/share/action_tutorials_cpp/local_setup.zsh
[11.686s] -- Installing: /home/mahmoud/Desktop/ROS2/ros2_ws3/install/action_tutorials_cpp/share/action_tutorials_cpp/local_setup.dsv
[11.686s] -- Installing: /home/mahmoud/Desktop/ROS2/ros2_ws3/install/action_tutorials_cpp/share/action_tutorials_cpp/package.dsv
[11.686s] -- Installing: /home/mahmoud/Desktop/ROS2/ros2_ws3/install/action_tutorials_cpp/share/ament_index/resource_index/packages/action_tutorials_cpp
[11.686s] -- Installing: /home/mahmoud/Desktop/ROS2/ros2_ws3/install/action_tutorials_cpp/share/ament_index/resource_index/rclcpp_components/action_tutorials_cpp
[11.686s] -- Installing: /home/mahmoud/Desktop/ROS2/ros2_ws3/install/action_tutorials_cpp/share/action_tutorials_cpp/cmake/action_tutorials_cppConfig.cmake
[11.686s] -- Installing: /home/mahmoud/Desktop/ROS2/ros2_ws3/install/action_tutorials_cpp/share/action_tutorials_cpp/cmake/action_tutorials_cppConfig-version.cmake
[11.689s] -- Installing: /home/mahmoud/Desktop/ROS2/ros2_ws3/install/action_tutorials_cpp/share/action_tutorials_cpp/package.xml
[11.690s] Invoked command in '/home/mahmoud/Desktop/ROS2/ros2_ws3/build/action_tutorials_cpp' returned '0': CMAKE_PREFIX_PATH=/home/mahmoud/Desktop/ROS2/ros2_ws3/install/action_tutorials_interfaces:/home/mahmoud/Desktop/ROS2/ros2_ws3/install/cpp_srvcli_threeints:/home/mahmoud/Desktop/ROS2/ros2_ws3/install/tutorial_interfaces:/home/mahmoud/Desktop/ROS2/ros2_ws3/install/more_interfaces:/home/mahmoud/Desktop/ROS2/ros2_ws3/install/cpp_srvcli:/home/mahmoud/Desktop/ROS2/ros2_ws3/install/cpp_pubsub:/home/mahmoud/Desktop/ROS2/ros2_ws3/install/CPP_SrvClient_FourInts:/opt/ros/humble /usr/bin/cmake --install /home/mahmoud/Desktop/ROS2/ros2_ws3/build/action_tutorials_cpp
