[0.024s] Invoking command in '/home/mahmoud/Desktop/ROS2/ros2_ws3/build/cpp_launch_example': CMAKE_PREFIX_PATH=${CMAKE_PREFIX_PATH}:/opt/ros/humble /usr/bin/cmake /home/mahmoud/Desktop/ROS2/ros2_ws3/src/cpp_launch_example -DCMAKE_INSTALL_PREFIX=/home/mahmoud/Desktop/ROS2/ros2_ws3/install/cpp_launch_example
[0.166s] -- The C compiler identification is GNU 11.4.0
[0.300s] -- The CXX compiler identification is GNU 11.4.0
[0.316s] -- Detecting C compiler ABI info
[0.432s] -- Detecting C compiler ABI info - done
[0.453s] -- Check for working C compiler: /usr/bin/cc - skipped
[0.453s] -- Detecting C compile features
[0.454s] -- Detecting C compile features - done
[0.460s] -- Detecting CXX compiler ABI info
[0.658s] -- Detecting CXX compiler ABI info - done
[0.686s] -- Check for working CXX compiler: /usr/bin/c++ - skipped
[0.686s] -- Detecting CXX compile features
[0.688s] -- Detecting CXX compile features - done
[0.702s] -- Found ament_cmake: 1.3.11 (/opt/ros/humble/share/ament_cmake/cmake)
[1.088s] -- Found Python3: /usr/bin/python3 (found version "3.10.12") found components: Interpreter 
[1.307s] -- Found ament_lint_auto: 0.12.12 (/opt/ros/humble/share/ament_lint_auto/cmake)
[1.514s] -- Added test 'lint_cmake' to check CMake code style
[1.515s] -- Added test 'xmllint' to check XML markup files
[1.520s] -- Configuring done
[1.524s] -- Generating done
[1.532s] -- Build files have been written to: /home/mahmoud/Desktop/ROS2/ros2_ws3/build/cpp_launch_example
[1.539s] Invoked command in '/home/mahmoud/Desktop/ROS2/ros2_ws3/build/cpp_launch_example' returned '0': CMAKE_PREFIX_PATH=${CMAKE_PREFIX_PATH}:/opt/ros/humble /usr/bin/cmake /home/mahmoud/Desktop/ROS2/ros2_ws3/src/cpp_launch_example -DCMAKE_INSTALL_PREFIX=/home/mahmoud/Desktop/ROS2/ros2_ws3/install/cpp_launch_example
[1.544s] Invoking command in '/home/mahmoud/Desktop/ROS2/ros2_ws3/build/cpp_launch_example': CMAKE_PREFIX_PATH=${CMAKE_PREFIX_PATH}:/opt/ros/humble /usr/bin/cmake --build /home/mahmoud/Desktop/ROS2/ros2_ws3/build/cpp_launch_example -- -j2 -l2
[1.648s] Invoked command in '/home/mahmoud/Desktop/ROS2/ros2_ws3/build/cpp_launch_example' returned '0': CMAKE_PREFIX_PATH=${CMAKE_PREFIX_PATH}:/opt/ros/humble /usr/bin/cmake --build /home/mahmoud/Desktop/ROS2/ros2_ws3/build/cpp_launch_example -- -j2 -l2
[1.686s] Invoking command in '/home/mahmoud/Desktop/ROS2/ros2_ws3/build/cpp_launch_example': CMAKE_PREFIX_PATH=${CMAKE_PREFIX_PATH}:/opt/ros/humble /usr/bin/cmake --install /home/mahmoud/Desktop/ROS2/ros2_ws3/build/cpp_launch_example
[1.699s] -- Install configuration: ""
[1.699s] -- Installing: /home/mahmoud/Desktop/ROS2/ros2_ws3/install/cpp_launch_example/share/cpp_launch_example//launch
[1.700s] -- Installing: /home/mahmoud/Desktop/ROS2/ros2_ws3/install/cpp_launch_example/share/cpp_launch_example//launch/my_script_launch.xml
[1.701s] -- Installing: /home/mahmoud/Desktop/ROS2/ros2_ws3/install/cpp_launch_example/share/ament_index/resource_index/package_run_dependencies/cpp_launch_example
[1.701s] -- Installing: /home/mahmoud/Desktop/ROS2/ros2_ws3/install/cpp_launch_example/share/ament_index/resource_index/parent_prefix_path/cpp_launch_example
[1.701s] -- Installing: /home/mahmoud/Desktop/ROS2/ros2_ws3/install/cpp_launch_example/share/cpp_launch_example/environment/ament_prefix_path.sh
[1.702s] -- Installing: /home/mahmoud/Desktop/ROS2/ros2_ws3/install/cpp_launch_example/share/cpp_launch_example/environment/ament_prefix_path.dsv
[1.702s] -- Installing: /home/mahmoud/Desktop/ROS2/ros2_ws3/install/cpp_launch_example/share/cpp_launch_example/environment/path.sh
[1.702s] -- Installing: /home/mahmoud/Desktop/ROS2/ros2_ws3/install/cpp_launch_example/share/cpp_launch_example/environment/path.dsv
[1.702s] -- Installing: /home/mahmoud/Desktop/ROS2/ros2_ws3/install/cpp_launch_example/share/cpp_launch_example/local_setup.bash
[1.704s] -- Installing: /home/mahmoud/Desktop/ROS2/ros2_ws3/install/cpp_launch_example/share/cpp_launch_example/local_setup.sh
[1.704s] -- Installing: /home/mahmoud/Desktop/ROS2/ros2_ws3/install/cpp_launch_example/share/cpp_launch_example/local_setup.zsh
[1.704s] -- Installing: /home/mahmoud/Desktop/ROS2/ros2_ws3/install/cpp_launch_example/share/cpp_launch_example/local_setup.dsv
[1.705s] -- Installing: /home/mahmoud/Desktop/ROS2/ros2_ws3/install/cpp_launch_example/share/cpp_launch_example/package.dsv
[1.705s] -- Installing: /home/mahmoud/Desktop/ROS2/ros2_ws3/install/cpp_launch_example/share/ament_index/resource_index/packages/cpp_launch_example
[1.705s] -- Installing: /home/mahmoud/Desktop/ROS2/ros2_ws3/install/cpp_launch_example/share/cpp_launch_example/cmake/cpp_launch_exampleConfig.cmake
[1.705s] -- Installing: /home/mahmoud/Desktop/ROS2/ros2_ws3/install/cpp_launch_example/share/cpp_launch_example/cmake/cpp_launch_exampleConfig-version.cmake
[1.705s] -- Installing: /home/mahmoud/Desktop/ROS2/ros2_ws3/install/cpp_launch_example/share/cpp_launch_example/package.xml
[1.708s] Invoked command in '/home/mahmoud/Desktop/ROS2/ros2_ws3/build/cpp_launch_example' returned '0': CMAKE_PREFIX_PATH=${CMAKE_PREFIX_PATH}:/opt/ros/humble /usr/bin/cmake --install /home/mahmoud/Desktop/ROS2/ros2_ws3/build/cpp_launch_example
